Archive member included to satisfy reference by file (symbol)

C:/Synthesizer/kek/CMSIS/Lib/GCC\libarm_cortexM4lf_math.a(arm_sin_f32.o)
                              modules/src/LFO.o (arm_sin_f32)
C:/Synthesizer/kek/CMSIS/Lib/GCC\libarm_cortexM4lf_math.a(arm_common_tables.o)
                              C:/Synthesizer/kek/CMSIS/Lib/GCC\libarm_cortexM4lf_math.a(arm_sin_f32.o) (sinTable_f32)
c:/ac6/systemworkbench/plugins/fr.ac6.mcu.externaltools.arm-none.win32_1.15.0.201708311556/tools/compiler/bin/../lib/gcc/arm-none-eabi/6.3.1/thumb/v7e-m/fpv4-sp/hard\libgcc.a(_arm_addsubdf3.o)
                              modules/src/Osc.o (__aeabi_i2d)
c:/ac6/systemworkbench/plugins/fr.ac6.mcu.externaltools.arm-none.win32_1.15.0.201708311556/tools/compiler/bin/../lib/gcc/arm-none-eabi/6.3.1/thumb/v7e-m/fpv4-sp/hard\libgcc.a(_arm_muldivdf3.o)
                              modules/src/LFO.o (__aeabi_dmul)
c:/ac6/systemworkbench/plugins/fr.ac6.mcu.externaltools.arm-none.win32_1.15.0.201708311556/tools/compiler/bin/../lib/gcc/arm-none-eabi/6.3.1/thumb/v7e-m/fpv4-sp/hard\libgcc.a(_arm_cmpdf2.o)
                              modules/src/Osc.o (__aeabi_dcmplt)
c:/ac6/systemworkbench/plugins/fr.ac6.mcu.externaltools.arm-none.win32_1.15.0.201708311556/tools/compiler/bin/../lib/gcc/arm-none-eabi/6.3.1/thumb/v7e-m/fpv4-sp/hard\libgcc.a(_arm_truncdfsf2.o)
                              modules/src/LFO.o (__aeabi_d2f)
c:/ac6/systemworkbench/plugins/fr.ac6.mcu.externaltools.arm-none.win32_1.15.0.201708311556/tools/compiler/bin/../lib/gcc/arm-none-eabi/6.3.1/../../../../arm-none-eabi/lib/thumb/v7e-m/fpv4-sp/hard\libc.a(lib_a-errno.o)
                              src/syscalls.o (__errno)
c:/ac6/systemworkbench/plugins/fr.ac6.mcu.externaltools.arm-none.win32_1.15.0.201708311556/tools/compiler/bin/../lib/gcc/arm-none-eabi/6.3.1/../../../../arm-none-eabi/lib/thumb/v7e-m/fpv4-sp/hard\libc.a(lib_a-exit.o)
                              c:/ac6/systemworkbench/plugins/fr.ac6.mcu.externaltools.arm-none.win32_1.15.0.201708311556/tools/compiler/bin/../lib/gcc/arm-none-eabi/6.3.1/../../../../arm-none-eabi/lib/thumb/v7e-m/fpv4-sp/hard/crt0.o (exit)
c:/ac6/systemworkbench/plugins/fr.ac6.mcu.externaltools.arm-none.win32_1.15.0.201708311556/tools/compiler/bin/../lib/gcc/arm-none-eabi/6.3.1/../../../../arm-none-eabi/lib/thumb/v7e-m/fpv4-sp/hard\libc.a(lib_a-impure.o)
                              c:/ac6/systemworkbench/plugins/fr.ac6.mcu.externaltools.arm-none.win32_1.15.0.201708311556/tools/compiler/bin/../lib/gcc/arm-none-eabi/6.3.1/../../../../arm-none-eabi/lib/thumb/v7e-m/fpv4-sp/hard\libc.a(lib_a-exit.o) (_global_impure_ptr)
c:/ac6/systemworkbench/plugins/fr.ac6.mcu.externaltools.arm-none.win32_1.15.0.201708311556/tools/compiler/bin/../lib/gcc/arm-none-eabi/6.3.1/../../../../arm-none-eabi/lib/thumb/v7e-m/fpv4-sp/hard\libc.a(lib_a-init.o)
                              c:/ac6/systemworkbench/plugins/fr.ac6.mcu.externaltools.arm-none.win32_1.15.0.201708311556/tools/compiler/bin/../lib/gcc/arm-none-eabi/6.3.1/../../../../arm-none-eabi/lib/thumb/v7e-m/fpv4-sp/hard/crt0.o (__libc_init_array)
c:/ac6/systemworkbench/plugins/fr.ac6.mcu.externaltools.arm-none.win32_1.15.0.201708311556/tools/compiler/bin/../lib/gcc/arm-none-eabi/6.3.1/../../../../arm-none-eabi/lib/thumb/v7e-m/fpv4-sp/hard\libc.a(lib_a-memset.o)
                              c:/ac6/systemworkbench/plugins/fr.ac6.mcu.externaltools.arm-none.win32_1.15.0.201708311556/tools/compiler/bin/../lib/gcc/arm-none-eabi/6.3.1/../../../../arm-none-eabi/lib/thumb/v7e-m/fpv4-sp/hard/crt0.o (memset)
c:/ac6/systemworkbench/plugins/fr.ac6.mcu.externaltools.arm-none.win32_1.15.0.201708311556/tools/compiler/bin/../lib/gcc/arm-none-eabi/6.3.1/../../../../arm-none-eabi/lib/thumb/v7e-m/fpv4-sp/hard\libc.a(lib_a-__call_atexit.o)
                              c:/ac6/systemworkbench/plugins/fr.ac6.mcu.externaltools.arm-none.win32_1.15.0.201708311556/tools/compiler/bin/../lib/gcc/arm-none-eabi/6.3.1/../../../../arm-none-eabi/lib/thumb/v7e-m/fpv4-sp/hard\libc.a(lib_a-exit.o) (__call_exitprocs)
c:/ac6/systemworkbench/plugins/fr.ac6.mcu.externaltools.arm-none.win32_1.15.0.201708311556/tools/compiler/bin/../lib/gcc/arm-none-eabi/6.3.1/../../../../arm-none-eabi/lib/thumb/v7e-m/fpv4-sp/hard\libc.a(lib_a-atexit.o)
                              c:/ac6/systemworkbench/plugins/fr.ac6.mcu.externaltools.arm-none.win32_1.15.0.201708311556/tools/compiler/bin/../lib/gcc/arm-none-eabi/6.3.1/../../../../arm-none-eabi/lib/thumb/v7e-m/fpv4-sp/hard\libc.a(lib_a-__call_atexit.o) (atexit)
c:/ac6/systemworkbench/plugins/fr.ac6.mcu.externaltools.arm-none.win32_1.15.0.201708311556/tools/compiler/bin/../lib/gcc/arm-none-eabi/6.3.1/../../../../arm-none-eabi/lib/thumb/v7e-m/fpv4-sp/hard\libc.a(lib_a-fini.o)
[...]
Memory Configuration

Name             Origin             Length             Attributes
RAM              0x20000000         0x00020000         xrw
ROM              0x08000000         0x00100000         xr
*default*        0x00000000         0xffffffff

Linker script and memory map

LOAD c:/ac6/systemworkbench/plugins/fr.ac6.mcu.externaltools.arm-none.win32_1.15.0.201708311556/tools/compiler/bin/../lib/gcc/arm-none-eabi/6.3.1/thumb/v7e-m/fpv4-sp/hard/crti.o
LOAD c:/ac6/systemworkbench/plugins/fr.ac6.mcu.externaltools.arm-none.win32_1.15.0.201708311556/tools/compiler/bin/../lib/gcc/arm-none-eabi/6.3.1/thumb/v7e-m/fpv4-sp/hard/crtbegin.o
LOAD c:/ac6/systemworkbench/plugins/fr.ac6.mcu.externaltools.arm-none.win32_1.15.0.201708311556/tools/compiler/bin/../lib/gcc/arm-none-eabi/6.3.1/../../../../arm-none-eabi/lib/thumb/v7e-m/fpv4-sp/hard/crt0.o
LOAD StdPeriph_Driver/src/misc.o
LOAD StdPeriph_Driver/src/stm32f4xx_adc.o
LOAD StdPeriph_Driver/src/stm32f4xx_can.o
LOAD StdPeriph_Driver/src/stm32f4xx_cec.o
LOAD StdPeriph_Driver/src/stm32f4xx_crc.o
LOAD StdPeriph_Driver/src/stm32f4xx_cryp.o
LOAD StdPeriph_Driver/src/stm32f4xx_cryp_aes.o
LOAD StdPeriph_Driver/src/stm32f4xx_cryp_des.o
LOAD StdPeriph_Driver/src/stm32f4xx_cryp_tdes.o
LOAD StdPeriph_Driver/src/stm32f4xx_dac.o
LOAD StdPeriph_Driver/src/stm32f4xx_dbgmcu.o
LOAD StdPeriph_Driver/src/stm32f4xx_dcmi.o
LOAD StdPeriph_Driver/src/stm32f4xx_dfsdm.o
LOAD StdPeriph_Driver/src/stm32f4xx_dma.o
LOAD StdPeriph_Driver/src/stm32f4xx_dma2d.o
LOAD StdPeriph_Driver/src/stm32f4xx_dsi.o
LOAD StdPeriph_Driver/src/stm32f4xx_exti.o
LOAD StdPeriph_Driver/src/stm32f4xx_flash.o
LOAD StdPeriph_Driver/src/stm32f4xx_flash_ramfunc.o
LOAD StdPeriph_Driver/src/stm32f4xx_fmc.o
LOAD StdPeriph_Driver/src/stm32f4xx_fmip2c.o
LOAD StdPeriph_Driver/src/stm32f4xx_fsmc.o
LOAD StdPeriph_Driver/src/stm32f4xx_gpio.o
LOAD StdPeriph_Driver/src/stm32f4xx_hash.o
LOAD StdPeriph_Driver/src/stm32f4xx_hash_md5.o
LOAD StdPeriph_Driver/src/stm32f4xx_hash_sha1.o
LOAD StdPeriph_Driver/src/stm32f4xx_i2c.o
LOAD StdPeriph_Driver/src/stm32f4xx_iwdg.o
LOAD StdPeriph_Driver/src/stm32f4xx_lptim.o
LOAD StdPeriph_Driver/src/stm32f4xx_ltdc.o
LOAD StdPeriph_Driver/src/stm32f4xx_pwr.o
LOAD StdPeriph_Driver/src/stm32f4xx_qspi.o
LOAD StdPeriph_Driver/src/stm32f4xx_rcc.o
LOAD StdPeriph_Driver/src/stm32f4xx_rng.o
LOAD StdPeriph_Driver/src/stm32f4xx_rtc.o
LOAD StdPeriph_Driver/src/stm32f4xx_sai.o
LOAD StdPeriph_Driver/src/stm32f4xx_sdio.o
LOAD StdPeriph_Driver/src/stm32f4xx_spdifrx.o
LOAD StdPeriph_Driver/src/stm32f4xx_spi.o
LOAD StdPeriph_Driver/src/stm32f4xx_syscfg.o
LOAD StdPeriph_Driver/src/stm32f4xx_tim.o
LOAD StdPeriph_Driver/src/stm32f4xx_usart.o
LOAD StdPeriph_Driver/src/stm32f4xx_wwdg.o
LOAD modules/src/ADSR.o
LOAD modules/src/ADSRwave.o
LOAD modules/src/DAC.o
LOAD modules/src/LFO.o
LOAD modules/src/LFOfld.o
LOAD modules/src/Osc.o
LOAD modules/src/button.o
LOAD modules/src/module_template.o
LOAD modules/src/wire.o
LOAD src/adc1.o
LOAD src/codec.o
LOAD src/encoder.o
LOAD src/leds.o
LOAD src/main.o
LOAD src/spi.o
LOAD src/syscalls.o
LOAD src/system_stm32f4xx.o
LOAD src/timer4.o
LOAD startup/startup_stm32.o
LOAD C:/Synthesizer/kek/CMSIS/Lib/GCC\libarm_cortexM4lf_math.a
LOAD c:/ac6/systemworkbench/plugins/fr.ac6.mcu.externaltools.arm-none.win32_1.15.0.201708311556/tools/compiler/bin/../lib/gcc/arm-none-eabi/6.3.1/../../../../arm-none-eabi/lib/thumb/v7e-m/fpv4-sp/hard\libstdc++.a
LOAD c:/ac6/systemworkbench/plugins/fr.ac6.mcu.externaltools.arm-none.win32_1.15.0.201708311556/tools/compiler/bin/../lib/gcc/arm-none-eabi/6.3.1/../../../../arm-none-eabi/lib/thumb/v7e-m/fpv4-sp/hard\libm.a
START GROUP
LOAD c:/ac6/systemworkbench/plugins/fr.ac6.mcu.externaltools.arm-none.win32_1.15.0.201708311556/tools/compiler/bin/../lib/gcc/arm-none-eabi/6.3.1/thumb/v7e-m/fpv4-sp/hard\libgcc.a
LOAD c:/ac6/systemworkbench/plugins/fr.ac6.mcu.externaltools.arm-none.win32_1.15.0.201708311556/tools/compiler/bin/../lib/gcc/arm-none-eabi/6.3.1/../../../../arm-none-eabi/lib/thumb/v7e-m/fpv4-sp/hard\libc.a
END GROUP
LOAD c:/ac6/systemworkbench/plugins/fr.ac6.mcu.externaltools.arm-none.win32_1.15.0.201708311556/tools/compiler/bin/../lib/gcc/arm-none-eabi/6.3.1/thumb/v7e-m/fpv4-sp/hard/crtend.o
LOAD c:/ac6/systemworkbench/plugins/fr.ac6.mcu.externaltools.arm-none.win32_1.15.0.201708311556/tools/compiler/bin/../lib/gcc/arm-none-eabi/6.3.1/thumb/v7e-m/fpv4-sp/hard/crtn.o
                0x20020000                _estack = 0x20020000
                0x00000000                _Min_Heap_Size = 0x0
                0x00000400                _Min_Stack_Size = 0x400

.isr_vector     0x08000000      0x1a8
                0x08000000                . = ALIGN (0x4)
 *(.isr_vector)
 .isr_vector    0x08000000      0x1a8 startup/startup_stm32.o
                0x08000000                g_pfnVectors
                0x080001a8                . = ALIGN (0x4)

.text           0x080001a8     0x4a58
                0x080001a8                . = ALIGN (0x4)
 *(.text)
 .text          0x080001a8       0x6c c:/ac6/systemworkbench/plugins/fr.ac6.mcu.externaltools.arm-none.win32_1.15.0.201708311556/tools/compiler/bin/../lib/gcc/arm-none-eabi/6.3.1/thumb/v7e-m/fpv4-sp/hard/crtbegin.o
 .text          0x08000214      0x370 c:/ac6/systemworkbench/plugins/fr.ac6.mcu.externaltools.arm-none.win32_1.15.0.201708311556/tools/compiler/bin/../lib/gcc/arm-none-eabi/6.3.1/thumb/v7e-m/fpv4-sp/hard\libgcc.a(_arm_addsubdf3.o)
                0x08000214                __aeabi_drsub
                0x0800021c                __aeabi_dsub
                0x0800021c                __subdf3
                0x08000220                __aeabi_dadd
                0x08000220                __adddf3
                0x08000498                __floatunsidf
                0x08000498                __aeabi_ui2d
                0x080004b8                __floatsidf
                0x080004b8                __aeabi_i2d
                0x080004dc                __aeabi_f2d
                0x080004dc                __extendsfdf2
                0x08000518                __floatundidf
                0x08000518                __aeabi_ul2d
                0x08000528                __floatdidf
                0x08000528                __aeabi_l2d
 .text          0x08000584      0x424 c:/ac6/systemworkbench/plugins/fr.ac6.mcu.externaltools.arm-none.win32_1.15.0.201708311556/tools/compiler/bin/../lib/gcc/arm-none-eabi/6.3.1/thumb/v7e-m/fpv4-sp/hard\libgcc.a(_arm_muldivdf3.o)
                0x08000584                __aeabi_dmul
                0x08000584                __muldf3
                0x080007d8                __divdf3
                0x080007d8                __aeabi_ddiv
 .text          0x080009a8      0x110 c:/ac6/systemworkbench/plugins/fr.ac6.mcu.externaltools.arm-none.win32_1.15.0.201708311556/tools/compiler/bin/../lib/gcc/arm-none-eabi/6.3.1/thumb/v7e-m/fpv4-sp/hard\libgcc.a(_arm_cmpdf2.o)
                0x080009a8                __gtdf2
                0x080009a8                __gedf2
                0x080009b0                __ltdf2
                0x080009b0                __ledf2
                0x080009b8                __nedf2
                0x080009b8                __eqdf2
                0x080009b8                __cmpdf2
                0x08000a34                __aeabi_cdrcmple
                0x08000a44                __aeabi_cdcmpeq
                0x08000a44                __aeabi_cdcmple
                0x08000a54                __aeabi_dcmpeq
                0x08000a68                __aeabi_dcmplt
                0x08000a7c                __aeabi_dcmple
                0x08000a90                __aeabi_dcmpge
                0x08000aa4                __aeabi_dcmpgt
 .text          0x08000ab8       0xa0 c:/ac6/systemworkbench/plugins/fr.ac6.mcu.externaltools.arm-none.win32_1.15.0.201708311556/tools/compiler/bin/../lib/gcc/arm-none-eabi/6.3.1/thumb/v7e-m/fpv4-sp/hard\libgcc.a(_arm_truncdfsf2.o)
                0x08000ab8                __truncdfsf2
                0x08000ab8                __aeabi_d2f
 *(.text*)
 .text.GPIO_Init
                0x08000b58      0x11c StdPeriph_Driver/src/stm32f4xx_gpio.o
                0x08000b58                GPIO_Init
 .text.GPIO_StructInit
                0x08000c74       0x34 StdPeriph_Driver/src/stm32f4xx_gpio.o
                0x08000c74                GPIO_StructInit
 .text.GPIO_SetBits
                0x08000ca8       0x1e StdPeriph_Driver/src/stm32f4xx_gpio.o
                0x08000ca8                GPIO_SetBits
 .text.GPIO_ResetBits
                0x08000cc6       0x1e StdPeriph_Driver/src/stm32f4xx_gpio.o
                0x08000cc6                GPIO_ResetBits
 .text.GPIO_PinAFConfig
                0x08000ce4       0x92 StdPeriph_Driver/src/stm32f4xx_gpio.o
                0x08000ce4                GPIO_PinAFConfig
 *fill*         0x08000d76        0x2 
 .text.I2C_DeInit
                0x08000d78       0x74 StdPeriph_Driver/src/stm32f4xx_i2c.o
                0x08000d78                I2C_DeInit
 .text.I2C_Init
                0x08000dec      0x184 StdPeriph_Driver/src/stm32f4xx_i2c.o
                0x08000dec                I2C_Init
 .text.I2C_Cmd  0x08000f70       0x40 StdPeriph_Driver/src/stm32f4xx_i2c.o
                0x08000f70                I2C_Cmd
 .text.I2C_GenerateSTART
                0x08000fb0       0x40 StdPeriph_Driver/src/stm32f4xx_i2c.o
                0x08000fb0                I2C_GenerateSTART
 .text.I2C_GenerateSTOP
                0x08000ff0       0x40 StdPeriph_Driver/src/stm32f4xx_i2c.o
                0x08000ff0                I2C_GenerateSTOP
 .text.I2C_Send7bitAddress
                0x08001030       0x3c StdPeriph_Driver/src/stm32f4xx_i2c.o
                0x08001030                I2C_Send7bitAddress
 .text.I2C_AcknowledgeConfig
                0x0800106c       0x40 StdPeriph_Driver/src/stm32f4xx_i2c.o
                0x0800106c                I2C_AcknowledgeConfig
 .text.I2C_SendData
                0x080010ac       0x20 StdPeriph_Driver/src/stm32f4xx_i2c.o
                0x080010ac                I2C_SendData
 .text.I2C_ReceiveData
                0x080010cc       0x1c StdPeriph_Driver/src/stm32f4xx_i2c.o
                0x080010cc                I2C_ReceiveData
 .text.I2C_CheckEvent
                0x080010e8       0x60 StdPeriph_Driver/src/stm32f4xx_i2c.o
                0x080010e8                I2C_CheckEvent
 .text.I2C_GetFlagStatus
                0x08001148       0x66 StdPeriph_Driver/src/stm32f4xx_i2c.o
                0x08001148                I2C_GetFlagStatus
 *fill*         0x080011ae        0x2 
 .text.RCC_PLLI2SCmd
                0x080011b0       0x20 StdPeriph_Driver/src/stm32f4xx_rcc.o
                0x080011b0                RCC_PLLI2SCmd
 .text.RCC_GetClocksFreq
                0x080011d0      0x150 StdPeriph_Driver/src/stm32f4xx_rcc.o
                0x080011d0                RCC_GetClocksFreq
 .text.RCC_AHB1PeriphClockCmd
                0x08001320       0x40 StdPeriph_Driver/src/stm32f4xx_rcc.o
                0x08001320                RCC_AHB1PeriphClockCmd
 .text.RCC_APB1PeriphClockCmd
                0x08001360       0x40 StdPeriph_Driver/src/stm32f4xx_rcc.o
                0x08001360                RCC_APB1PeriphClockCmd
 .text.RCC_APB2PeriphClockCmd
                0x080013a0       0x40 StdPeriph_Driver/src/stm32f4xx_rcc.o
                0x080013a0                RCC_APB2PeriphClockCmd
 .text.RCC_APB1PeriphResetCmd
                0x080013e0       0x40 StdPeriph_Driver/src/stm32f4xx_rcc.o
                0x080013e0                RCC_APB1PeriphResetCmd
 .text.RCC_APB2PeriphResetCmd
                0x08001420       0x40 StdPeriph_Driver/src/stm32f4xx_rcc.o
                0x08001420                RCC_APB2PeriphResetCmd
 .text.SPI_I2S_DeInit
                0x08001460       0xdc StdPeriph_Driver/src/stm32f4xx_spi.o
                0x08001460                SPI_I2S_DeInit
 .text.SPI_Init
                0x0800153c       0x88 StdPeriph_Driver/src/stm32f4xx_spi.o
                0x0800153c                SPI_Init
 .text.I2S_Init
                0x080015c4      0x1d4 StdPeriph_Driver/src/stm32f4xx_spi.o
                0x080015c4                I2S_Init
 .text.SPI_StructInit
                0x08001798       0x4a StdPeriph_Driver/src/stm32f4xx_spi.o
                0x08001798                SPI_StructInit
 .text.SPI_Cmd  0x080017e2       0x40 StdPeriph_Driver/src/stm32f4xx_spi.o
                0x080017e2                SPI_Cmd
 .text.I2S_Cmd  0x08001822       0x40 StdPeriph_Driver/src/stm32f4xx_spi.o
                0x08001822                I2S_Cmd
 .text.SPI_I2S_ReceiveData
                0x08001862       0x1a StdPeriph_Driver/src/stm32f4xx_spi.o
                0x08001862                SPI_I2S_ReceiveData
 .text.SPI_I2S_SendData
                0x0800187c       0x1e StdPeriph_Driver/src/stm32f4xx_spi.o
                0x0800187c                SPI_I2S_SendData
 .text.SPI_I2S_ITConfig
                0x0800189a       0x62 StdPeriph_Driver/src/stm32f4xx_spi.o
                0x0800189a                SPI_I2S_ITConfig
 .text.SPI_I2S_GetFlagStatus
                0x080018fc       0x38 StdPeriph_Driver/src/stm32f4xx_spi.o
                0x080018fc                SPI_I2S_GetFlagStatus
 .text.SPI_I2S_ClearITPendingBit
                0x08001934       0x34 StdPeriph_Driver/src/stm32f4xx_spi.o
                0x08001934                SPI_I2S_ClearITPendingBit
 .text.TIM_TimeBaseInit
                0x08001968       0xd8 StdPeriph_Driver/src/stm32f4xx_tim.o
                0x08001968                TIM_TimeBaseInit
 .text.TIM_TimeBaseStructInit
                0x08001a40       0x34 StdPeriph_Driver/src/stm32f4xx_tim.o
                0x08001a40                TIM_TimeBaseStructInit
 .text.TIM_Cmd  0x08001a74       0x40 StdPeriph_Driver/src/stm32f4xx_tim.o
                0x08001a74                TIM_Cmd
 .text.TIM_ITConfig
                0x08001ab4       0x48 StdPeriph_Driver/src/stm32f4xx_tim.o
                0x08001ab4                TIM_ITConfig
 .text.TIM_ClearITPendingBit
                0x08001afc       0x22 StdPeriph_Driver/src/stm32f4xx_tim.o
                0x08001afc                TIM_ClearITPendingBit
 *fill*         0x08001b1e        0x2 
 .text.USART_Init
                0x08001b20      0x174 StdPeriph_Driver/src/stm32f4xx_usart.o
                0x08001b20                USART_Init
 .text.USART_StructInit
                0x08001c94       0x3a StdPeriph_Driver/src/stm32f4xx_usart.o
                0x08001c94                USART_StructInit
 .text.USART_Cmd
                0x08001cce       0x40 StdPeriph_Driver/src/stm32f4xx_usart.o
                0x08001cce                USART_Cmd
 *fill*         0x08001d0e        0x2 
 .text.ADSR_Init
                0x08001d10       0x60 modules/src/ADSR.o
                0x08001d10                ADSR_Init
 .text.ADSR_Update
                0x08001d70       0x3c modules/src/ADSR.o
                0x08001d70                ADSR_Update
 .text.ADSR_Func
                0x08001dac      0x330 modules/src/ADSR.o
                0x08001dac                ADSR_Func
 .text.ADSRwave_Init
                0x080020dc       0x64 modules/src/ADSRwave.o
                0x080020dc                ADSRwave_Init
 .text.ADSRwave_Update
                0x08002140       0x46 modules/src/ADSRwave.o
                0x08002140                ADSRwave_Update
 *fill*         0x08002186        0x2 
 .text.ADSRwave_Func
                0x08002188      0x510 modules/src/ADSRwave.o
                0x08002188                ADSRwave_Func
 .text.Dac_Init_
                0x08002698       0x3c modules/src/DAC.o
                0x08002698                Dac_Init_
 .text.LFO_Init
                0x080026d4       0x38 modules/src/LFO.o
                0x080026d4                LFO_Init
 .text.LFO_Update
                0x0800270c       0x28 modules/src/LFO.o
                0x0800270c                LFO_Update
 *fill*         0x08002734        0x4 
 .text.LFO_Func
                0x08002738      0x118 modules/src/LFO.o
                0x08002738                LFO_Func
 .text.myAbs    0x08002850       0x34 modules/src/LFO.o
                0x08002850                myAbs
 .text.LFOfld_Init
                0x08002884       0x38 modules/src/LFOfld.o
                0x08002884                LFOfld_Init
 .text.LFOfld_Update
                0x080028bc       0x28 modules/src/LFOfld.o
                0x080028bc                LFOfld_Update
 *fill*         0x080028e4        0x4 
 .text.LFOfld_Func
                0x080028e8      0x100 modules/src/LFOfld.o
                0x080028e8                LFOfld_Func
 .text.myAbss   0x080029e8       0x34 modules/src/LFOfld.o
                0x080029e8                myAbss
 .text.Osc_Init
                0x08002a1c       0x70 modules/src/Osc.o
                0x08002a1c                Osc_Init
 .text.OscFunc  0x08002a8c      0x100 modules/src/Osc.o
                0x08002a8c                OscFunc
 *fill*         0x08002b8c        0x4 
 .text.waveForm
                0x08002b90      0x4b0 modules/src/Osc.o
                0x08002b90                waveForm
 .text.myAbsMax
                0x08003040       0x92 modules/src/Osc.o
                0x08003040                myAbsMax
 .text.folder   0x080030d2       0xd4 modules/src/Osc.o
                0x080030d2                folder
 .text.myCeil   0x080031a6       0x44 modules/src/Osc.o
                0x080031a6                myCeil
 .text.WireFunc
                0x080031ea       0x54 modules/src/wire.o
                0x080031ea                WireFunc
 .text.Wire_Init
                0x0800323e       0x20 modules/src/wire.o
                0x0800323e                Wire_Init
 *fill*         0x0800325e        0x2 
 .text.NVIC_EnableIRQ
                0x08003260       0x34 src/codec.o
 .text.Codec_Init
                0x08003294      0x210 src/codec.o
                0x08003294                Codec_Init
 .text.Codec_Ctrl_Init
                0x080034a4      0x178 src/codec.o
                0x080034a4                Codec_Ctrl_Init
 .text.Codec_Ctrl_Send
                0x0800361c       0xb8 src/codec.o
                0x0800361c                Codec_Ctrl_Send
 .text.Codec_Register_Read
                0x080036d4      0x104 src/codec.o
                0x080036d4                Codec_Register_Read
 .text.Enc_Init
                0x080037d8       0x4c src/encoder.o
                0x080037d8                Enc_Init
 .text.LEDs_Init
                0x08003824       0x40 src/leds.o
                0x08003824                LEDs_Init
 .text.NVIC_EnableIRQ
                0x08003864       0x34 src/main.o
 .text.main     0x08003898      0x45c src/main.o
                0x08003898                main
 .text.SysTick_Handler
                0x08003cf4       0x38 src/main.o
                0x08003cf4                SysTick_Handler
 .text.TIM4_IRQHandler
                0x08003d2c       0x2c src/main.o
                0x08003d2c                TIM4_IRQHandler
 .text.SPI3_IRQHandler
                0x08003d58       0xc0 src/main.o
                0x08003d58                SPI3_IRQHandler
 .text.SPI2_IRQHandler
                0x08003e18      0x770 src/main.o
                0x08003e18                SPI2_IRQHandler
 .text.SysTick_Init
                0x08004588       0x28 src/main.o
                0x08004588                SysTick_Init
 .text.NoteToSmp
                0x080045b0       0x3c src/main.o
                0x080045b0                NoteToSmp
 .text.NoteNum_ToFreq
                0x080045ec       0xd8 src/main.o
                0x080045ec                NoteNum_ToFreq
 .text.NVIC_EnableIRQ
                0x080046c4       0x34 src/spi.o
 .text.mySPI_Init
                0x080046f8       0xc0 src/spi.o
                0x080046f8                mySPI_Init
 .text.SystemInit
                0x080047b8       0x6c src/system_stm32f4xx.o
                0x080047b8                SystemInit
 .text.SetSysClock
                0x08004824       0xf8 src/system_stm32f4xx.o
 .text.NVIC_EnableIRQ
                0x0800491c       0x34 src/timer4.o
 .text.Timer4_Init
                0x08004950       0x4c src/timer4.o
                0x08004950                Timer4_Init
 .text.Reset_Handler
                0x0800499c       0x50 startup/startup_stm32.o
                0x0800499c                Reset_Handler
 .text.Default_Handler
                0x080049ec        0x2 startup/startup_stm32.o
                0x080049ec                RTC_Alarm_IRQHandler
                0x080049ec                HASH_RNG_IRQHandler
                0x080049ec                EXTI2_IRQHandler
                0x080049ec                TIM8_CC_IRQHandler
                0x080049ec                DebugMon_Handler
                0x080049ec                TIM1_CC_IRQHandler
                0x080049ec                DMA2_Stream5_IRQHandler
                0x080049ec                HardFault_Handler
                0x080049ec                DMA1_Stream5_IRQHandler
                0x080049ec                PVD_IRQHandler
                0x080049ec                SDIO_IRQHandler
                0x080049ec                TAMP_STAMP_IRQHandler
                0x080049ec                PendSV_Handler
                0x080049ec                NMI_Handler
                0x080049ec                CAN2_RX1_IRQHandler
                0x080049ec                EXTI3_IRQHandler
                0x080049ec                TIM8_TRG_COM_TIM14_IRQHandler
                0x080049ec                TIM1_UP_TIM10_IRQHandler
                0x080049ec                TIM8_UP_TIM13_IRQHandler
                0x080049ec                I2C3_ER_IRQHandler
                0x080049ec                LCD_TFT_IRQHandler
                0x080049ec                EXTI0_IRQHandler
                0x080049ec                I2C2_EV_IRQHandler
                0x080049ec                DMA1_Stream2_IRQHandler
                0x080049ec                CAN1_RX0_IRQHandler
                0x080049ec                FPU_IRQHandler
                0x080049ec                OTG_HS_WKUP_IRQHandler
                0x080049ec                UsageFault_Handler
                0x080049ec                CAN2_SCE_IRQHandler
                0x080049ec                DMA2_Stream2_IRQHandler
                0x080049ec                SPI1_IRQHandler
                0x080049ec                TIM6_DAC_IRQHandler
                0x080049ec                TIM1_BRK_TIM9_IRQHandler
                0x080049ec                DCMI_IRQHandler
                0x080049ec                CAN2_RX0_IRQHandler
                0x080049ec                DMA2_Stream3_IRQHandler
                0x080049ec                USART6_IRQHandler
                0x080049ec                USART3_IRQHandler
                0x080049ec                CRYP_IRQHandler
                0x080049ec                CAN1_RX1_IRQHandler
                0x080049ec                UART5_IRQHandler
                0x080049ec                DMA2_Stream0_IRQHandler
                0x080049ec                I2C1_EV_IRQHandler
                0x080049ec                DMA1_Stream6_IRQHandler
                0x080049ec                DMA1_Stream1_IRQHandler
                0x080049ec                UART4_IRQHandler
                0x080049ec                LCD_TFT_1_IRQHandler
                0x080049ec                TIM3_IRQHandler
                0x080049ec                RCC_IRQHandler
                0x080049ec                TIM8_BRK_TIM12_IRQHandler
                0x080049ec                Default_Handler
                0x080049ec                EXTI15_10_IRQHandler
                0x080049ec                ADC_IRQHandler
                0x080049ec                DMA1_Stream7_IRQHandler
                0x080049ec                TIM7_IRQHandler
                0x080049ec                CAN2_TX_IRQHandler
                0x080049ec                TIM5_IRQHandler
                0x080049ec                DMA2_Stream7_IRQHandler
                0x080049ec                I2C3_EV_IRQHandler
                0x080049ec                EXTI9_5_IRQHandler
                0x080049ec                RTC_WKUP_IRQHandler
                0x080049ec                ETH_WKUP_IRQHandler
                0x080049ec                OTG_HS_EP1_IN_IRQHandler
                0x080049ec                MemManage_Handler
                0x080049ec                DMA1_Stream0_IRQHandler
                0x080049ec                CAN1_TX_IRQHandler
                0x080049ec                SVC_Handler
                0x080049ec                EXTI4_IRQHandler
                0x080049ec                FSMC_IRQHandler
                0x080049ec                ETH_IRQHandler
                0x080049ec                OTG_HS_EP1_OUT_IRQHandler
                0x080049ec                WWDG_IRQHandler
                0x080049ec                TIM2_IRQHandler
                0x080049ec                OTG_FS_WKUP_IRQHandler
                0x080049ec                TIM1_TRG_COM_TIM11_IRQHandler
                0x080049ec                OTG_HS_IRQHandler
                0x080049ec                EXTI1_IRQHandler
                0x080049ec                USART2_IRQHandler
                0x080049ec                I2C2_ER_IRQHandler
                0x080049ec                DMA2_Stream1_IRQHandler
                0x080049ec                CAN1_SCE_IRQHandler
                0x080049ec                DMA2_Stream4_IRQHandler
                0x080049ec                BusFault_Handler
                0x080049ec                USART1_IRQHandler
                0x080049ec                OTG_FS_IRQHandler
                0x080049ec                DMA1_Stream4_IRQHandler
                0x080049ec                I2C1_ER_IRQHandler
                0x080049ec                DMA2_Stream6_IRQHandler
                0x080049ec                DMA1_Stream3_IRQHandler
 *fill*         0x080049ee        0x2 
 .text.arm_sin_f32
                0x080049f0       0x88 C:/Synthesizer/kek/CMSIS/Lib/GCC\libarm_cortexM4lf_math.a(arm_sin_f32.o)
                0x080049f0                arm_sin_f32
 .text.__libc_init_array
                0x08004a78       0x50 c:/ac6/systemworkbench/plugins/fr.ac6.mcu.externaltools.arm-none.win32_1.15.0.201708311556/tools/compiler/bin/../lib/gcc/arm-none-eabi/6.3.1/../../../../arm-none-eabi/lib/thumb/v7e-m/fpv4-sp/hard\libc.a(lib_a-init.o)
                0x08004a78                __libc_init_array
 .text.startup.register_fini
                0x08004ac8       0x14 c:/ac6/systemworkbench/plugins/fr.ac6.mcu.externaltools.arm-none.win32_1.15.0.201708311556/tools/compiler/bin/../lib/gcc/arm-none-eabi/6.3.1/../../../../arm-none-eabi/lib/thumb/v7e-m/fpv4-sp/hard\libc.a(lib_a-__call_atexit.o)
 .text.atexit   0x08004adc        0xc c:/ac6/systemworkbench/plugins/fr.ac6.mcu.externaltools.arm-none.win32_1.15.0.201708311556/tools/compiler/bin/../lib/gcc/arm-none-eabi/6.3.1/../../../../arm-none-eabi/lib/thumb/v7e-m/fpv4-sp/hard\libc.a(lib_a-atexit.o)
                0x08004adc                atexit
 .text.__libc_fini_array
                0x08004ae8       0x34 c:/ac6/systemworkbench/plugins/fr.ac6.mcu.externaltools.arm-none.win32_1.15.0.201708311556/tools/compiler/bin/../lib/gcc/arm-none-eabi/6.3.1/../../../../arm-none-eabi/lib/thumb/v7e-m/fpv4-sp/hard\libc.a(lib_a-fini.o)
                0x08004ae8                __libc_fini_array
 .text.__retarget_lock_acquire_recursive
                0x08004b1c        0x4 c:/ac6/systemworkbench/plugins/fr.ac6.mcu.externaltools.arm-none.win32_1.15.0.201708311556/tools/compiler/bin/../lib/gcc/arm-none-eabi/6.3.1/../../../../arm-none-eabi/lib/thumb/v7e-m/fpv4-sp/hard\libc.a(lib_a-lock.o)
                0x08004b1c                __retarget_lock_acquire_recursive
 .text.__retarget_lock_release_recursive
                0x08004b20        0x4 c:/ac6/systemworkbench/plugins/fr.ac6.mcu.externaltools.arm-none.win32_1.15.0.201708311556/tools/compiler/bin/../lib/gcc/arm-none-eabi/6.3.1/../../../../arm-none-eabi/lib/thumb/v7e-m/fpv4-sp/hard\libc.a(lib_a-lock.o)
                0x08004b20                __retarget_lock_release_recursive
 .text.__register_exitproc
                0x08004b24       0xc4 c:/ac6/systemworkbench/plugins/fr.ac6.mcu.externaltools.arm-none.win32_1.15.0.201708311556/tools/compiler/bin/../lib/gcc/arm-none-eabi/6.3.1/../../../../arm-none-eabi/lib/thumb/v7e-m/fpv4-sp/hard\libc.a(lib_a-__atexit.o)
                0x08004b24                __register_exitproc
 *(.glue_7)
 .glue_7        0x08004be8        0x0 linker stubs
 *(.glue_7t)
 .glue_7t       0x08004be8        0x0 linker stubs
 *(.eh_frame)
 .eh_frame      0x08004be8        0x0 c:/ac6/systemworkbench/plugins/fr.ac6.mcu.externaltools.arm-none.win32_1.15.0.201708311556/tools/compiler/bin/../lib/gcc/arm-none-eabi/6.3.1/thumb/v7e-m/fpv4-sp/hard/crtbegin.o
 *(.init)
 .init          0x08004be8        0x4 c:/ac6/systemworkbench/plugins/fr.ac6.mcu.externaltools.arm-none.win32_1.15.0.201708311556/tools/compiler/bin/../lib/gcc/arm-none-eabi/6.3.1/thumb/v7e-m/fpv4-sp/hard/crti.o
                0x08004be8                _init
 .init          0x08004bec        0x8 c:/ac6/systemworkbench/plugins/fr.ac6.mcu.externaltools.arm-none.win32_1.15.0.201708311556/tools/compiler/bin/../lib/gcc/arm-none-eabi/6.3.1/thumb/v7e-m/fpv4-sp/hard/crtn.o
 *(.fini)
 .fini          0x08004bf4        0x4 c:/ac6/systemworkbench/plugins/fr.ac6.mcu.externaltools.arm-none.win32_1.15.0.201708311556/tools/compiler/bin/../lib/gcc/arm-none-eabi/6.3.1/thumb/v7e-m/fpv4-sp/hard/crti.o
                0x08004bf4                _fini
 .fini          0x08004bf8        0x8 c:/ac6/systemworkbench/plugins/fr.ac6.mcu.externaltools.arm-none.win32_1.15.0.201708311556/tools/compiler/bin/../lib/gcc/arm-none-eabi/6.3.1/thumb/v7e-m/fpv4-sp/hard/crtn.o
                0x08004c00                . = ALIGN (0x4)
                0x08004c00                _etext = .

.vfp11_veneer   0x08004c00        0x0
 .vfp11_veneer  0x08004c00        0x0 linker stubs

.v4_bx          0x08004c00        0x0
 .v4_bx         0x08004c00        0x0 linker stubs

.iplt           0x08004c00        0x0
 .iplt          0x08004c00        0x0 c:/ac6/systemworkbench/plugins/fr.ac6.mcu.externaltools.arm-none.win32_1.15.0.201708311556/tools/compiler/bin/../lib/gcc/arm-none-eabi/6.3.1/thumb/v7e-m/fpv4-sp/hard/crtbegin.o

.rodata         0x08004c00      0x808
                0x08004c00                . = ALIGN (0x4)
 *(.rodata)
 *(.rodata*)
 .rodata.sinTable_f32
                0x08004c00      0x804 C:/Synthesizer/kek/CMSIS/Lib/GCC\libarm_cortexM4lf_math.a(arm_common_tables.o)
                0x08004c00                sinTable_f32
 .rodata._global_impure_ptr
                0x08005404        0x4 c:/ac6/systemworkbench/plugins/fr.ac6.mcu.externaltools.arm-none.win32_1.15.0.201708311556/tools/compiler/bin/../lib/gcc/arm-none-eabi/6.3.1/../../../../arm-none-eabi/lib/thumb/v7e-m/fpv4-sp/hard\libc.a(lib_a-impure.o)
                0x08005404                _global_impure_ptr
                0x08005408                . = ALIGN (0x4)

.rel.dyn        0x08005408        0x0
 .rel.iplt      0x08005408        0x0 c:/ac6/systemworkbench/plugins/fr.ac6.mcu.externaltools.arm-none.win32_1.15.0.201708311556/tools/compiler/bin/../lib/gcc/arm-none-eabi/6.3.1/thumb/v7e-m/fpv4-sp/hard/crtbegin.o

.ARM.extab      0x08005408        0x0
                0x08005408                . = ALIGN (0x4)
 *(.ARM.extab* .gnu.linkonce.armextab.*)
                0x08005408                . = ALIGN (0x4)

.ARM            0x08005408        0x0
                0x08005408                . = ALIGN (0x4)
                0x08005408                __exidx_start = .
 *(.ARM.exidx*)
                0x08005408                __exidx_end = .
                0x08005408                . = ALIGN (0x4)

.preinit_array  0x08005408        0x0
                0x08005408                . = ALIGN (0x4)
                0x08005408                PROVIDE (__preinit_array_start, .)
 *(.preinit_array*)
                0x08005408                PROVIDE (__preinit_array_end, .)
                0x08005408                . = ALIGN (0x4)

.init_array     0x08005408        0x8
                0x08005408                . = ALIGN (0x4)
                0x08005408                PROVIDE (__init_array_start, .)
 *(SORT(.init_array.*))
 .init_array.00000
                0x08005408        0x4 c:/ac6/systemworkbench/plugins/fr.ac6.mcu.externaltools.arm-none.win32_1.15.0.201708311556/tools/compiler/bin/../lib/gcc/arm-none-eabi/6.3.1/../../../../arm-none-eabi/lib/thumb/v7e-m/fpv4-sp/hard\libc.a(lib_a-__call_atexit.o)
 *(.init_array*)
 .init_array    0x0800540c        0x4 c:/ac6/systemworkbench/plugins/fr.ac6.mcu.externaltools.arm-none.win32_1.15.0.201708311556/tools/compiler/bin/../lib/gcc/arm-none-eabi/6.3.1/thumb/v7e-m/fpv4-sp/hard/crtbegin.o
                0x08005410                PROVIDE (__init_array_end, .)
                0x08005410                . = ALIGN (0x4)

.fini_array     0x08005410        0x4
                0x08005410                . = ALIGN (0x4)
                0x08005410                PROVIDE (__fini_array_start, .)
 *(SORT(.fini_array.*))
 *(.fini_array*)
 .fini_array    0x08005410        0x4 c:/ac6/systemworkbench/plugins/fr.ac6.mcu.externaltools.arm-none.win32_1.15.0.201708311556/tools/compiler/bin/../lib/gcc/arm-none-eabi/6.3.1/thumb/v7e-m/fpv4-sp/hard/crtbegin.o
                0x08005414                PROVIDE (__fini_array_end, .)
                0x08005414                . = ALIGN (0x4)
                0x08005414                _sidata = LOADADDR (.data)

.data           0x20000000      0x444 load address 0x08005414
                0x20000000                . = ALIGN (0x4)
                0x20000000                _sdata = .
 *(.data)
 .data          0x20000000       0x10 StdPeriph_Driver/src/stm32f4xx_rcc.o
 .data          0x20000010        0x2 src/main.o
                0x20000010                updateFlag
                0x20000011                bytesToReceive
 *(.data*)
 *fill*         0x20000012        0x6 
 .data.impure_data
                0x20000018      0x428 c:/ac6/systemworkbench/plugins/fr.ac6.mcu.externaltools.arm-none.win32_1.15.0.201708311556/tools/compiler/bin/../lib/gcc/arm-none-eabi/6.3.1/../../../../arm-none-eabi/lib/thumb/v7e-m/fpv4-sp/hard\libc.a(lib_a-impure.o)
 .data.__atexit_recursive_mutex
                0x20000440        0x4 c:/ac6/systemworkbench/plugins/fr.ac6.mcu.externaltools.arm-none.win32_1.15.0.201708311556/tools/compiler/bin/../lib/gcc/arm-none-eabi/6.3.1/../../../../arm-none-eabi/lib/thumb/v7e-m/fpv4-sp/hard\libc.a(lib_a-__call_atexit.o)
                0x20000440                __atexit_recursive_mutex
                0x20000444                . = ALIGN (0x4)
                0x20000444                _edata = .

.jcr            0x20000444        0x0 load address 0x08005858
 .jcr           0x20000444        0x0 c:/ac6/systemworkbench/plugins/fr.ac6.mcu.externaltools.arm-none.win32_1.15.0.201708311556/tools/compiler/bin/../lib/gcc/arm-none-eabi/6.3.1/thumb/v7e-m/fpv4-sp/hard/crtbegin.o

.igot.plt       0x20000444        0x0 load address 0x08005858
 .igot.plt      0x20000444        0x0 c:/ac6/systemworkbench/plugins/fr.ac6.mcu.externaltools.arm-none.win32_1.15.0.201708311556/tools/compiler/bin/../lib/gcc/arm-none-eabi/6.3.1/thumb/v7e-m/fpv4-sp/hard/crtbegin.o
                0x20000444                . = ALIGN (0x4)

.bss            0x20000444     0x4940 load address 0x08005858
                0x20000444                _sbss = .
                0x20000444                __bss_start__ = _sbss
 *(.bss)
 .bss           0x20000444       0x1c c:/ac6/systemworkbench/plugins/fr.ac6.mcu.externaltools.arm-none.win32_1.15.0.201708311556/tools/compiler/bin/../lib/gcc/arm-none-eabi/6.3.1/thumb/v7e-m/fpv4-sp/hard/crtbegin.o
 .bss           0x20000460       0x11 src/main.o
                0x20000460                toggleDacLR
                0x20000464                millis
                0x20000468                micros
                0x2000046c                receive_flag
                0x2000046d                receivedDataCounter
                0x2000046e                flagToNoteOn
                0x2000046f                numPlayingNotes
                0x20000470                currentGen
 *(.bss*)
 *(COMMON)
 *fill*         0x20000471        0x3 
 COMMON         0x20000474        0x8 src/encoder.o
                0x20000474                encoder_A_prev
                0x20000478                prev_millis
 COMMON         0x2000047c        0x8 src/leds.o
                0x2000047c                LEDs_GPIO_InitStruct
 COMMON         0x20000484     0x48d0 src/main.o
                0x20000484                wavFrm
                0x20000494                oscillators
                0x20004574                smpInPer
                0x2000457c                lfofld
                0x200045bc                amp
                0x200045c4                wires
                0x200045e4                lfo
                0x20004624                playingNote
                0x20004628                adsrWave
                0x200046b8                dacs
                0x20004bc4                receivedData
                0x20004bc8                SPIreceivedData
                0x20004bcc                lfofldStash
                0x20004bec                adsr
                0x20004c6c                adsrWaveStash
                0x20004cbc                smpOffset
                0x20004cc4                adsrStash
                0x20004d04                isOscOn
                0x20004d08                lfoStash
                0x20004d28                spi
                0x20004d3c                port
                0x20004d44                fldPow
 COMMON         0x20004d54        0xc src/timer4.o
                0x20004d54                timer4
 COMMON         0x20004d60       0x21 c:/ac6/systemworkbench/plugins/fr.ac6.mcu.externaltools.arm-none.win32_1.15.0.201708311556/tools/compiler/bin/../lib/gcc/arm-none-eabi/6.3.1/../../../../arm-none-eabi/lib/thumb/v7e-m/fpv4-sp/hard\libc.a(lib_a-lock.o)
                0x20004d60                __lock___atexit_recursive_mutex
                0x20004d64                __lock___arc4random_mutex
                0x20004d68                __lock___env_recursive_mutex
                0x20004d6c                __lock___sinit_recursive_mutex
                0x20004d70                __lock___malloc_recursive_mutex
                0x20004d74                __lock___at_quick_exit_mutex
                0x20004d78                __lock___dd_hash_mutex
                0x20004d7c                __lock___tz_mutex
                0x20004d80                __lock___sfp_recursive_mutex
                0x20004d84                . = ALIGN (0x4)
 *fill*         0x20004d81        0x3 
                0x20004d84                _ebss = .
                0x20004d84                __bss_end__ = _ebss

._user_heap_stack
                0x20004d84      0x404 load address 0x08005858
                0x20004d88                . = ALIGN (0x8)
 *fill*         0x20004d84        0x4 
                0x20004d88                PROVIDE (end, .)
                [!provide]                PROVIDE (_end, .)
                0x20004d88                . = (. + _Min_Heap_Size)
                0x20005188                . = (. + _Min_Stack_Size)
 *fill*         0x20004d88      0x400 
                0x20005188                . = ALIGN (0x8)

/DISCARD/
 libc.a(*)
 libm.a(*)
 libgcc.a(*)

.ARM.attributes
                0x00000000       0x30
 *(.ARM.attributes)
 .ARM.attributes
                0x00000000       0x22 c:/ac6/systemworkbench/plugins/fr.ac6.mcu.externaltools.arm-none.win32_1.15.0.201708311556/tools/compiler/bin/../lib/gcc/arm-none-eabi/6.3.1/thumb/v7e-m/fpv4-sp/hard/crti.o
 .ARM.attributes
                0x00000022       0x34 c:/ac6/systemworkbench/plugins/fr.ac6.mcu.externaltools.arm-none.win32_1.15.0.201708311556/tools/compiler/bin/../lib/gcc/arm-none-eabi/6.3.1/thumb/v7e-m/fpv4-sp/hard/crtbegin.o
 .ARM.attributes
                0x00000056       0x39 StdPeriph_Driver/src/stm32f4xx_gpio.o
 .ARM.attributes
                0x0000008f       0x39 StdPeriph_Driver/src/stm32f4xx_i2c.o
 .ARM.attributes
                0x000000c8       0x39 StdPeriph_Driver/src/stm32f4xx_rcc.o
 .ARM.attributes
                0x00000101       0x39 StdPeriph_Driver/src/stm32f4xx_spi.o
 .ARM.attributes
                0x0000013a       0x39 StdPeriph_Driver/src/stm32f4xx_tim.o
 .ARM.attributes
                0x00000173       0x39 StdPeriph_Driver/src/stm32f4xx_usart.o
 .ARM.attributes
                0x000001ac       0x39 modules/src/ADSR.o
 .ARM.attributes
                0x000001e5       0x39 modules/src/ADSRwave.o
 .ARM.attributes
                0x0000021e       0x39 modules/src/DAC.o
 .ARM.attributes
                0x00000257       0x39 modules/src/LFO.o
 .ARM.attributes
                0x00000290       0x39 modules/src/LFOfld.o
 .ARM.attributes
                0x000002c9       0x39 modules/src/Osc.o
 .ARM.attributes
                0x00000302       0x39 modules/src/wire.o
 .ARM.attributes
                0x0000033b       0x39 src/codec.o
 .ARM.attributes
                0x00000374       0x39 src/encoder.o
 .ARM.attributes
                0x000003ad       0x39 src/leds.o
 .ARM.attributes
                0x000003e6       0x39 src/main.o
 .ARM.attributes
                0x0000041f       0x39 src/spi.o
 .ARM.attributes
                0x00000458       0x39 src/system_stm32f4xx.o
 .ARM.attributes
                0x00000491       0x39 src/timer4.o
 .ARM.attributes
                0x000004ca       0x21 startup/startup_stm32.o
 .ARM.attributes
                0x000004eb       0x39 C:/Synthesizer/kek/CMSIS/Lib/GCC\libarm_cortexM4lf_math.a(arm_sin_f32.o)
 .ARM.attributes
                0x00000524       0x39 C:/Synthesizer/kek/CMSIS/Lib/GCC\libarm_cortexM4lf_math.a(arm_common_tables.o)
 .ARM.attributes
                0x0000055d       0x22 c:/ac6/systemworkbench/plugins/fr.ac6.mcu.externaltools.arm-none.win32_1.15.0.201708311556/tools/compiler/bin/../lib/gcc/arm-none-eabi/6.3.1/thumb/v7e-m/fpv4-sp/hard\libgcc.a(_arm_addsubdf3.o)
 .ARM.attributes
                0x0000057f       0x22 c:/ac6/systemworkbench/plugins/fr.ac6.mcu.externaltools.arm-none.win32_1.15.0.201708311556/tools/compiler/bin/../lib/gcc/arm-none-eabi/6.3.1/thumb/v7e-m/fpv4-sp/hard\libgcc.a(_arm_muldivdf3.o)
 .ARM.attributes
                0x000005a1       0x22 c:/ac6/systemworkbench/plugins/fr.ac6.mcu.externaltools.arm-none.win32_1.15.0.201708311556/tools/compiler/bin/../lib/gcc/arm-none-eabi/6.3.1/thumb/v7e-m/fpv4-sp/hard\libgcc.a(_arm_cmpdf2.o)
 .ARM.attributes
                0x000005c3       0x22 c:/ac6/systemworkbench/plugins/fr.ac6.mcu.externaltools.arm-none.win32_1.15.0.201708311556/tools/compiler/bin/../lib/gcc/arm-none-eabi/6.3.1/thumb/v7e-m/fpv4-sp/hard\libgcc.a(_arm_truncdfsf2.o)
 .ARM.attributes
                0x000005e5       0x34 c:/ac6/systemworkbench/plugins/fr.ac6.mcu.externaltools.arm-none.win32_1.15.0.201708311556/tools/compiler/bin/../lib/gcc/arm-none-eabi/6.3.1/../../../../arm-none-eabi/lib/thumb/v7e-m/fpv4-sp/hard\libc.a(lib_a-impure.o)
 .ARM.attributes
                0x00000619       0x34 c:/ac6/systemworkbench/plugins/fr.ac6.mcu.externaltools.arm-none.win32_1.15.0.201708311556/tools/compiler/bin/../lib/gcc/arm-none-eabi/6.3.1/../../../../arm-none-eabi/lib/thumb/v7e-m/fpv4-sp/hard\libc.a(lib_a-init.o)
 .ARM.attributes
                0x0000064d       0x34 c:/ac6/systemworkbench/plugins/fr.ac6.mcu.externaltools.arm-none.win32_1.15.0.201708311556/tools/compiler/bin/../lib/gcc/arm-none-eabi/6.3.1/../../../../arm-none-eabi/lib/thumb/v7e-m/fpv4-sp/hard\libc.a(lib_a-__call_atexit.o)
 .ARM.attributes
                0x00000681       0x34 c:/ac6/systemworkbench/plugins/fr.ac6.mcu.externaltools.arm-none.win32_1.15.0.201708311556/tools/compiler/bin/../lib/gcc/arm-none-eabi/6.3.1/../../../../arm-none-eabi/lib/thumb/v7e-m/fpv4-sp/hard\libc.a(lib_a-atexit.o)
 .ARM.attributes
                0x000006b5       0x34 c:/ac6/systemworkbench/plugins/fr.ac6.mcu.externaltools.arm-none.win32_1.15.0.201708311556/tools/compiler/bin/../lib/gcc/arm-none-eabi/6.3.1/../../../../arm-none-eabi/lib/thumb/v7e-m/fpv4-sp/hard\libc.a(lib_a-fini.o)
 .ARM.attributes
                0x000006e9       0x34 c:/ac6/systemworkbench/plugins/fr.ac6.mcu.externaltools.arm-none.win32_1.15.0.201708311556/tools/compiler/bin/../lib/gcc/arm-none-eabi/6.3.1/../../../../arm-none-eabi/lib/thumb/v7e-m/fpv4-sp/hard\libc.a(lib_a-lock.o)
 .ARM.attributes
                0x0000071d       0x34 c:/ac6/systemworkbench/plugins/fr.ac6.mcu.externaltools.arm-none.win32_1.15.0.201708311556/tools/compiler/bin/../lib/gcc/arm-none-eabi/6.3.1/../../../../arm-none-eabi/lib/thumb/v7e-m/fpv4-sp/hard\libc.a(lib_a-__atexit.o)
 .ARM.attributes
                0x00000751       0x22 c:/ac6/systemworkbench/plugins/fr.ac6.mcu.externaltools.arm-none.win32_1.15.0.201708311556/tools/compiler/bin/../lib/gcc/arm-none-eabi/6.3.1/thumb/v7e-m/fpv4-sp/hard/crtn.o
OUTPUT(kek.elf elf32-littlearm)

.debug_info     0x00000000     0xcae0
 .debug_info    0x00000000      0x62c StdPeriph_Driver/src/stm32f4xx_gpio.o
 .debug_info    0x0000062c      0xba2 StdPeriph_Driver/src/stm32f4xx_i2c.o
 .debug_info    0x000011ce      0xe6b StdPeriph_Driver/src/stm32f4xx_rcc.o
 .debug_info    0x00002039      0xb52 StdPeriph_Driver/src/stm32f4xx_spi.o
 .debug_info    0x00002b8b     0x1c78 StdPeriph_Driver/src/stm32f4xx_tim.o
 .debug_info    0x00004803      0x9d9 StdPeriph_Driver/src/stm32f4xx_usart.o
 .debug_info    0x000051dc      0x279 modules/src/ADSR.o
 .debug_info    0x00005455      0x286 modules/src/ADSRwave.o
 .debug_info    0x000056db      0x1c8 modules/src/DAC.o
 .debug_info    0x000058a3      0xaa1 modules/src/LFO.o
 .debug_info    0x00006344      0xaa1 modules/src/LFOfld.o
 .debug_info    0x00006de5      0xd16 modules/src/Osc.o
 .debug_info    0x00007afb      0x16f modules/src/wire.o
 .debug_info    0x00007c6a      0xb4c src/codec.o
 .debug_info    0x000087b6      0x349 src/encoder.o
 .debug_info    0x00008aff      0x3c5 src/leds.o
 .debug_info    0x00008ec4     0x1b9c src/main.o
 .debug_info    0x0000aa60      0x7ee src/spi.o
 .debug_info    0x0000b24e      0x618 src/system_stm32f4xx.o
 .debug_info    0x0000b866      0x707 src/timer4.o
 .debug_info    0x0000bf6d       0x58 startup/startup_stm32.o
 .debug_info    0x0000bfc5      0x17e C:/Synthesizer/kek/CMSIS/Lib/GCC\libarm_cortexM4lf_math.a(arm_sin_f32.o)
 .debug_info    0x0000c143      0x99d C:/Synthesizer/kek/CMSIS/Lib/GCC\libarm_cortexM4lf_math.a(arm_common_tables.o)

.debug_abbrev   0x00000000     0x22db
 .debug_abbrev  0x00000000      0x1bb StdPeriph_Driver/src/stm32f4xx_gpio.o
 .debug_abbrev  0x000001bb      0x194 StdPeriph_Driver/src/stm32f4xx_i2c.o
 .debug_abbrev  0x0000034f      0x1d2 StdPeriph_Driver/src/stm32f4xx_rcc.o
 .debug_abbrev  0x00000521      0x17d StdPeriph_Driver/src/stm32f4xx_spi.o
 .debug_abbrev  0x0000069e      0x19d StdPeriph_Driver/src/stm32f4xx_tim.o
 .debug_abbrev  0x0000083b      0x185 StdPeriph_Driver/src/stm32f4xx_usart.o
 .debug_abbrev  0x000009c0      0x101 modules/src/ADSR.o
 .debug_abbrev  0x00000ac1      0x101 modules/src/ADSRwave.o
 .debug_abbrev  0x00000bc2      0x106 modules/src/DAC.o
 .debug_abbrev  0x00000cc8      0x251 modules/src/LFO.o
 .debug_abbrev  0x00000f19      0x251 modules/src/LFOfld.o
 .debug_abbrev  0x0000116a      0x28c modules/src/Osc.o
 .debug_abbrev  0x000013f6       0xe1 modules/src/wire.o
 .debug_abbrev  0x000014d7      0x1d8 src/codec.o
 .debug_abbrev  0x000016af      0x142 src/encoder.o
 .debug_abbrev  0x000017f1      0x119 src/leds.o
 .debug_abbrev  0x0000190a      0x3f3 src/main.o
 .debug_abbrev  0x00001cfd      0x19d src/spi.o
 .debug_abbrev  0x00001e9a      0x15b src/system_stm32f4xx.o
 .debug_abbrev  0x00001ff5      0x17d src/timer4.o
 .debug_abbrev  0x00002172       0x12 startup/startup_stm32.o
 .debug_abbrev  0x00002184       0xd3 C:/Synthesizer/kek/CMSIS/Lib/GCC\libarm_cortexM4lf_math.a(arm_sin_f32.o)
 .debug_abbrev  0x00002257       0x84 C:/Synthesizer/kek/CMSIS/Lib/GCC\libarm_cortexM4lf_math.a(arm_common_tables.o)

.debug_aranges  0x00000000      0xc00
 .debug_aranges
                0x00000000       0x88 StdPeriph_Driver/src/stm32f4xx_gpio.o
 .debug_aranges
                0x00000088      0x130 StdPeriph_Driver/src/stm32f4xx_i2c.o
 .debug_aranges
                0x000001b8      0x1c0 StdPeriph_Driver/src/stm32f4xx_rcc.o
 .debug_aranges
                0x00000378       0xe0 StdPeriph_Driver/src/stm32f4xx_spi.o
 .debug_aranges
                0x00000458      0x2f8 StdPeriph_Driver/src/stm32f4xx_tim.o
 .debug_aranges
                0x00000750      0x100 StdPeriph_Driver/src/stm32f4xx_usart.o
 .debug_aranges
                0x00000850       0x30 modules/src/ADSR.o
 .debug_aranges
                0x00000880       0x30 modules/src/ADSRwave.o
 .debug_aranges
                0x000008b0       0x28 modules/src/DAC.o
 .debug_aranges
                0x000008d8       0x38 modules/src/LFO.o
 .debug_aranges
                0x00000910       0x38 modules/src/LFOfld.o
 .debug_aranges
                0x00000948       0x50 modules/src/Osc.o
 .debug_aranges
                0x00000998       0x28 modules/src/wire.o
 .debug_aranges
                0x000009c0       0x40 src/codec.o
 .debug_aranges
                0x00000a00       0x28 src/encoder.o
 .debug_aranges
                0x00000a28       0x98 src/leds.o
 .debug_aranges
                0x00000ac0       0x60 src/main.o
 .debug_aranges
                0x00000b20       0x28 src/spi.o
 .debug_aranges
                0x00000b48       0x30 src/system_stm32f4xx.o
 .debug_aranges
                0x00000b78       0x28 src/timer4.o
 .debug_aranges
                0x00000ba0       0x28 startup/startup_stm32.o
 .debug_aranges
                0x00000bc8       0x20 C:/Synthesizer/kek/CMSIS/Lib/GCC\libarm_cortexM4lf_math.a(arm_sin_f32.o)
 .debug_aranges
                0x00000be8       0x18 C:/Synthesizer/kek/CMSIS/Lib/GCC\libarm_cortexM4lf_math.a(arm_common_tables.o)

.debug_ranges   0x00000000      0xac0
 .debug_ranges  0x00000000       0x78 StdPeriph_Driver/src/stm32f4xx_gpio.o
 .debug_ranges  0x00000078      0x120 StdPeriph_Driver/src/stm32f4xx_i2c.o
 .debug_ranges  0x00000198      0x1b0 StdPeriph_Driver/src/stm32f4xx_rcc.o
 .debug_ranges  0x00000348       0xd0 StdPeriph_Driver/src/stm32f4xx_spi.o
 .debug_ranges  0x00000418      0x2e8 StdPeriph_Driver/src/stm32f4xx_tim.o
 .debug_ranges  0x00000700       0xf0 StdPeriph_Driver/src/stm32f4xx_usart.o
 .debug_ranges  0x000007f0       0x20 modules/src/ADSR.o
 .debug_ranges  0x00000810       0x20 modules/src/ADSRwave.o
 .debug_ranges  0x00000830       0x18 modules/src/DAC.o
 .debug_ranges  0x00000848       0x28 modules/src/LFO.o
 .debug_ranges  0x00000870       0x28 modules/src/LFOfld.o
 .debug_ranges  0x00000898       0x40 modules/src/Osc.o
 .debug_ranges  0x000008d8       0x18 modules/src/wire.o
 .debug_ranges  0x000008f0       0x30 src/codec.o
 .debug_ranges  0x00000920       0x18 src/encoder.o
 .debug_ranges  0x00000938       0x88 src/leds.o
 .debug_ranges  0x000009c0       0x80 src/main.o
 .debug_ranges  0x00000a40       0x18 src/spi.o
 .debug_ranges  0x00000a58       0x20 src/system_stm32f4xx.o
 .debug_ranges  0x00000a78       0x18 src/timer4.o
 .debug_ranges  0x00000a90       0x20 startup/startup_stm32.o
 .debug_ranges  0x00000ab0       0x10 C:/Synthesizer/kek/CMSIS/Lib/GCC\libarm_cortexM4lf_math.a(arm_sin_f32.o)

.debug_macro    0x00000000     0x4a22
 .debug_macro   0x00000000      0x1bc StdPeriph_Driver/src/stm32f4xx_gpio.o
 .debug_macro   0x000001bc      0x2f5 StdPeriph_Driver/src/stm32f4xx_gpio.o
 .debug_macro   0x000004b1      0x1ce StdPeriph_Driver/src/stm32f4xx_i2c.o
 .debug_macro   0x0000067f      0x2b4 StdPeriph_Driver/src/stm32f4xx_i2c.o
 .debug_macro   0x00000933      0x28b StdPeriph_Driver/src/stm32f4xx_rcc.o
 .debug_macro   0x00000bbe      0x1e8 StdPeriph_Driver/src/stm32f4xx_spi.o
 .debug_macro   0x00000da6      0x366 StdPeriph_Driver/src/stm32f4xx_spi.o
 .debug_macro   0x0000110c      0x1e6 StdPeriph_Driver/src/stm32f4xx_tim.o
 .debug_macro   0x000012f2      0x735 StdPeriph_Driver/src/stm32f4xx_tim.o
 .debug_macro   0x00001a27      0x1d4 StdPeriph_Driver/src/stm32f4xx_usart.o
 .debug_macro   0x00001bfb      0x21d StdPeriph_Driver/src/stm32f4xx_usart.o
 .debug_macro   0x00001e18      0x1cd modules/src/ADSR.o
 .debug_macro   0x00001fe5       0x28 modules/src/ADSR.o
 .debug_macro   0x0000200d      0x1cd modules/src/ADSRwave.o
 .debug_macro   0x000021da      0x1c6 modules/src/DAC.o
 .debug_macro   0x000023a0       0x16 modules/src/DAC.o
 .debug_macro   0x000023b6      0x2b4 modules/src/LFO.o
 .debug_macro   0x0000266a       0x12 modules/src/LFO.o
 .debug_macro   0x0000267c       0x58 modules/src/LFO.o
 .debug_macro   0x000026d4       0x35 modules/src/LFO.o
 .debug_macro   0x00002709       0x9c modules/src/LFO.o
 .debug_macro   0x000027a5      0x174 modules/src/LFO.o
 .debug_macro   0x00002919       0x58 modules/src/LFO.o
 .debug_macro   0x00002971       0x1f modules/src/LFO.o
 .debug_macro   0x00002990       0x43 modules/src/LFO.o
 .debug_macro   0x000029d3       0x20 modules/src/LFO.o
 .debug_macro   0x000029f3      0x187 modules/src/LFO.o
 .debug_macro   0x00002b7a      0x330 modules/src/LFO.o
 .debug_macro   0x00002eaa       0x10 modules/src/LFO.o
 .debug_macro   0x00002eba       0x35 modules/src/LFO.o
 .debug_macro   0x00002eef      0x1e1 modules/src/LFO.o
 .debug_macro   0x000030d0       0xd6 modules/src/LFO.o
 .debug_macro   0x000031a6      0x2b4 modules/src/LFOfld.o
 .debug_macro   0x0000345a      0x2b0 modules/src/Osc.o
 .debug_macro   0x0000370a       0x10 modules/src/Osc.o
 .debug_macro   0x0000371a       0x16 modules/src/Osc.o
 .debug_macro   0x00003730      0x1c7 modules/src/wire.o
 .debug_macro   0x000038f7      0x1cb src/codec.o
 .debug_macro   0x00003ac2      0x13c src/codec.o
 .debug_macro   0x00003bfe      0x1cf src/encoder.o
 .debug_macro   0x00003dcd       0x2e src/encoder.o
 .debug_macro   0x00003dfb       0x1c src/encoder.o
 .debug_macro   0x00003e17      0x1b7 src/leds.o
 .debug_macro   0x00003fce      0x348 src/main.o
 .debug_macro   0x00004316       0x52 src/main.o
 .debug_macro   0x00004368       0x8d src/main.o
 .debug_macro   0x000043f5       0x57 src/main.o
 .debug_macro   0x0000444c       0x1c src/main.o
 .debug_macro   0x00004468       0x10 src/main.o
 .debug_macro   0x00004478       0x10 src/main.o
 .debug_macro   0x00004488       0x10 src/main.o
 .debug_macro   0x00004498       0x10 src/main.o
 .debug_macro   0x000044a8      0x1c4 src/spi.o
 .debug_macro   0x0000466c      0x1d2 src/system_stm32f4xx.o
 .debug_macro   0x0000483e      0x1ce src/timer4.o
 .debug_macro   0x00004a0c       0x16 src/timer4.o

.debug_line     0x00000000     0x9a2a
 .debug_line    0x00000000      0x72c StdPeriph_Driver/src/stm32f4xx_gpio.o
 .debug_line    0x0000072c      0x8c0 StdPeriph_Driver/src/stm32f4xx_i2c.o
 .debug_line    0x00000fec      0xa20 StdPeriph_Driver/src/stm32f4xx_rcc.o
 .debug_line    0x00001a0c      0x831 StdPeriph_Driver/src/stm32f4xx_spi.o
 .debug_line    0x0000223d      0xe7e StdPeriph_Driver/src/stm32f4xx_tim.o
 .debug_line    0x000030bb      0x872 StdPeriph_Driver/src/stm32f4xx_usart.o
 .debug_line    0x0000392d      0x666 modules/src/ADSR.o
 .debug_line    0x00003f93      0x6a1 modules/src/ADSRwave.o
 .debug_line    0x00004634      0x5e9 modules/src/DAC.o
 .debug_line    0x00004c1d      0x6d3 modules/src/LFO.o
 .debug_line    0x000052f0      0x6d6 modules/src/LFOfld.o
 .debug_line    0x000059c6      0x7d7 modules/src/Osc.o
 .debug_line    0x0000619d      0x5fb modules/src/wire.o
 .debug_line    0x00006798      0x6ed src/codec.o
 .debug_line    0x00006e85      0x5ef src/encoder.o
 .debug_line    0x00007474      0x6b1 src/leds.o
 .debug_line    0x00007b25      0xa2e src/main.o
 .debug_line    0x00008553      0x5d0 src/spi.o
 .debug_line    0x00008b23      0x615 src/system_stm32f4xx.o
 .debug_line    0x00009138      0x5d1 src/timer4.o
 .debug_line    0x00009709       0x7c startup/startup_stm32.o
 .debug_line    0x00009785      0x177 C:/Synthesizer/kek/CMSIS/Lib/GCC\libarm_cortexM4lf_math.a(arm_sin_f32.o)
 .debug_line    0x000098fc      0x12e C:/Synthesizer/kek/CMSIS/Lib/GCC\libarm_cortexM4lf_math.a(arm_common_tables.o)

.debug_str      0x00000000    0x663c7
 .debug_str     0x00000000    0x5e300 StdPeriph_Driver/src/stm32f4xx_gpio.o
                              0x5e509 (size before relaxing)
 .debug_str     0x0005e300      0x545 StdPeriph_Driver/src/stm32f4xx_i2c.o
                              0x5e77f (size before relaxing)
 .debug_str     0x0005e845      0xce5 StdPeriph_Driver/src/stm32f4xx_rcc.o
                              0x5f016 (size before relaxing)
 .debug_str     0x0005f52a      0x3a6 StdPeriph_Driver/src/stm32f4xx_spi.o
                              0x5e7f2 (size before relaxing)
 .debug_str     0x0005f8d0      0xc11 StdPeriph_Driver/src/stm32f4xx_tim.o
                              0x5ef00 (size before relaxing)
 .debug_str     0x000604e1      0x533 StdPeriph_Driver/src/stm32f4xx_usart.o
                              0x5e81c (size before relaxing)
 .debug_str     0x00060a14      0x1b7 modules/src/ADSR.o
                              0x5e395 (size before relaxing)
 .debug_str     0x00060bcb       0x70 modules/src/ADSRwave.o
                              0x5e3a3 (size before relaxing)
 .debug_str     0x00060c3b       0x98 modules/src/DAC.o
                              0x5e33a (size before relaxing)
 .debug_str     0x00060cd3     0x3c9b modules/src/LFO.o
                              0x620b2 (size before relaxing)
 .debug_str     0x0006496e       0x6e modules/src/LFOfld.o
                              0x620c6 (size before relaxing)
 .debug_str     0x000649dc       0xc7 modules/src/Osc.o
                              0x62120 (size before relaxing)
 .debug_str     0x00064aa3       0x50 modules/src/wire.o
                              0x5e2de (size before relaxing)
 .debug_str     0x00064af3      0xb60 src/codec.o
                              0x5f0d8 (size before relaxing)
 .debug_str     0x00065653      0x17a src/encoder.o
                              0x5e5b9 (size before relaxing)
 .debug_str     0x000657cd      0x103 src/leds.o
                              0x5e51b (size before relaxing)
 .debug_str     0x000658d0      0x333 src/main.o
                              0x6342a (size before relaxing)
 .debug_str     0x00065c03       0x18 src/spi.o
                              0x5e9f5 (size before relaxing)
 .debug_str     0x00065c1b      0x11b src/system_stm32f4xx.o
                              0x5e458 (size before relaxing)
 .debug_str     0x00065d36       0x23 src/timer4.o
                              0x5e9d6 (size before relaxing)
 .debug_str     0x00065d59      0x16b C:/Synthesizer/kek/CMSIS/Lib/GCC\libarm_cortexM4lf_math.a(arm_sin_f32.o)
                                0x242 (size before relaxing)
 .debug_str     0x00065ec4      0x503 C:/Synthesizer/kek/CMSIS/Lib/GCC\libarm_cortexM4lf_math.a(arm_common_tables.o)
                                0x704 (size before relaxing)

.comment        0x00000000       0xef
 .comment       0x00000000       0x7f StdPeriph_Driver/src/stm32f4xx_gpio.o
                                 0x80 (size before relaxing)
 .comment       0x0000007f       0x80 StdPeriph_Driver/src/stm32f4xx_i2c.o
 .comment       0x0000007f       0x80 StdPeriph_Driver/src/stm32f4xx_rcc.o
 .comment       0x0000007f       0x80 StdPeriph_Driver/src/stm32f4xx_spi.o
 .comment       0x0000007f       0x80 StdPeriph_Driver/src/stm32f4xx_tim.o
 .comment       0x0000007f       0x80 StdPeriph_Driver/src/stm32f4xx_usart.o
 .comment       0x0000007f       0x80 modules/src/ADSR.o
 .comment       0x0000007f       0x80 modules/src/ADSRwave.o
 .comment       0x0000007f       0x80 modules/src/DAC.o
 .comment       0x0000007f       0x80 modules/src/LFO.o
 .comment       0x0000007f       0x80 modules/src/LFOfld.o
 .comment       0x0000007f       0x80 modules/src/Osc.o
 .comment       0x0000007f       0x80 modules/src/wire.o
 .comment       0x0000007f       0x80 src/codec.o
 .comment       0x0000007f       0x80 src/encoder.o
 .comment       0x0000007f       0x80 src/leds.o
 .comment       0x0000007f       0x80 src/main.o
 .comment       0x0000007f       0x80 src/spi.o
 .comment       0x0000007f       0x80 src/system_stm32f4xx.o
 .comment       0x0000007f       0x80 src/timer4.o
 .comment       0x0000007f       0x70 C:/Synthesizer/kek/CMSIS/Lib/GCC\libarm_cortexM4lf_math.a(arm_sin_f32.o)
                                 0x71 (size before relaxing)
 .comment       0x000000ef       0x71 C:/Synthesizer/kek/CMSIS/Lib/GCC\libarm_cortexM4lf_math.a(arm_common_tables.o)

.debug_frame    0x00000000     0x3468
 .debug_frame   0x00000000      0x23c StdPeriph_Driver/src/stm32f4xx_gpio.o
 .debug_frame   0x0000023c      0x580 StdPeriph_Driver/src/stm32f4xx_i2c.o
 .debug_frame   0x000007bc      0x83c StdPeriph_Driver/src/stm32f4xx_rcc.o
 .debug_frame   0x00000ff8      0x3f4 StdPeriph_Driver/src/stm32f4xx_spi.o
 .debug_frame   0x000013ec      0xe54 StdPeriph_Driver/src/stm32f4xx_tim.o
 .debug_frame   0x00002240      0x490 StdPeriph_Driver/src/stm32f4xx_usart.o
 .debug_frame   0x000026d0       0x88 modules/src/ADSR.o
 .debug_frame   0x00002758       0x88 modules/src/ADSRwave.o
 .debug_frame   0x000027e0       0x60 modules/src/DAC.o
 .debug_frame   0x00002840       0xc0 modules/src/LFO.o
 .debug_frame   0x00002900       0xc0 modules/src/LFOfld.o
 .debug_frame   0x000029c0      0x124 modules/src/Osc.o
 .debug_frame   0x00002ae4       0x60 modules/src/wire.o
 .debug_frame   0x00002b44       0xc8 src/codec.o
 .debug_frame   0x00002c0c       0x58 src/encoder.o
 .debug_frame   0x00002c64      0x1d0 src/leds.o
 .debug_frame   0x00002e34      0x14c src/main.o
 .debug_frame   0x00002f80       0x54 src/spi.o
 .debug_frame   0x00002fd4       0x7c src/system_stm32f4xx.o
 .debug_frame   0x00003050       0x54 src/timer4.o
 .debug_frame   0x000030a4       0x20 C:/Synthesizer/kek/CMSIS/Lib/GCC\libarm_cortexM4lf_math.a(arm_sin_f32.o)
 .debug_frame   0x000030c4       0xac c:/ac6/systemworkbench/plugins/fr.ac6.mcu.externaltools.arm-none.win32_1.15.0.201708311556/tools/compiler/bin/../lib/gcc/arm-none-eabi/6.3.1/thumb/v7e-m/fpv4-sp/hard\libgcc.a(_arm_addsubdf3.o)
 .debug_frame   0x00003170       0x50 c:/ac6/systemworkbench/plugins/fr.ac6.mcu.externaltools.arm-none.win32_1.15.0.201708311556/tools/compiler/bin/../lib/gcc/arm-none-eabi/6.3.1/thumb/v7e-m/fpv4-sp/hard\libgcc.a(_arm_muldivdf3.o)
 .debug_frame   0x000031c0       0xc4 c:/ac6/systemworkbench/plugins/fr.ac6.mcu.externaltools.arm-none.win32_1.15.0.201708311556/tools/compiler/bin/../lib/gcc/arm-none-eabi/6.3.1/thumb/v7e-m/fpv4-sp/hard\libgcc.a(_arm_cmpdf2.o)
 .debug_frame   0x00003284       0x24 c:/ac6/systemworkbench/plugins/fr.ac6.mcu.externaltools.arm-none.win32_1.15.0.201708311556/tools/compiler/bin/../lib/gcc/arm-none-eabi/6.3.1/thumb/v7e-m/fpv4-sp/hard\libgcc.a(_arm_truncdfsf2.o)
 .debug_frame   0x000032a8       0x2c c:/ac6/systemworkbench/plugins/fr.ac6.mcu.externaltools.arm-none.win32_1.15.0.201708311556/tools/compiler/bin/../lib/gcc/arm-none-eabi/6.3.1/../../../../arm-none-eabi/lib/thumb/v7e-m/fpv4-sp/hard\libc.a(lib_a-init.o)
 .debug_frame   0x000032d4       0x5c c:/ac6/systemworkbench/plugins/fr.ac6.mcu.externaltools.arm-none.win32_1.15.0.201708311556/tools/compiler/bin/../lib/gcc/arm-none-eabi/6.3.1/../../../../arm-none-eabi/lib/thumb/v7e-m/fpv4-sp/hard\libc.a(lib_a-__call_atexit.o)
 .debug_frame   0x00003330       0x20 c:/ac6/systemworkbench/plugins/fr.ac6.mcu.externaltools.arm-none.win32_1.15.0.201708311556/tools/compiler/bin/../lib/gcc/arm-none-eabi/6.3.1/../../../../arm-none-eabi/lib/thumb/v7e-m/fpv4-sp/hard\libc.a(lib_a-atexit.o)
 .debug_frame   0x00003350       0x34 c:/ac6/systemworkbench/plugins/fr.ac6.mcu.externaltools.arm-none.win32_1.15.0.201708311556/tools/compiler/bin/../lib/gcc/arm-none-eabi/6.3.1/../../../../arm-none-eabi/lib/thumb/v7e-m/fpv4-sp/hard\libc.a(lib_a-fini.o)
 .debug_frame   0x00003384       0xb0 c:/ac6/systemworkbench/plugins/fr.ac6.mcu.externaltools.arm-none.win32_1.15.0.201708311556/tools/compiler/bin/../lib/gcc/arm-none-eabi/6.3.1/../../../../arm-none-eabi/lib/thumb/v7e-m/fpv4-sp/hard\libc.a(lib_a-lock.o)
 .debug_frame   0x00003434       0x34 c:/ac6/systemworkbench/plugins/fr.ac6.mcu.externaltools.arm-none.win32_1.15.0.201708311556/tools/compiler/bin/../lib/gcc/arm-none-eabi/6.3.1/../../../../arm-none-eabi/lib/thumb/v7e-m/fpv4-sp/hard\libc.a(lib_a-__atexit.o)

.debug_loc      0x00000000       0xd8
 .debug_loc     0x00000000       0xd8 C:/Synthesizer/kek/CMSIS/Lib/GCC\libarm_cortexM4lf_math.a(arm_sin_f32.o)
