Archive member included to satisfy reference by file (symbol)

c:/ac6/systemworkbench/plugins/fr.ac6.mcu.externaltools.arm-none.win32_1.15.0.201708311556/tools/compiler/bin/../lib/gcc/arm-none-eabi/6.3.1/thumb/v7-m\libgcc.a(_arm_addsubdf3.o)
                              Src/dig_LED.o (__aeabi_dsub)
c:/ac6/systemworkbench/plugins/fr.ac6.mcu.externaltools.arm-none.win32_1.15.0.201708311556/tools/compiler/bin/../lib/gcc/arm-none-eabi/6.3.1/thumb/v7-m\libgcc.a(_arm_muldivdf3.o)
                              Src/dig_LED.o (__aeabi_dmul)
c:/ac6/systemworkbench/plugins/fr.ac6.mcu.externaltools.arm-none.win32_1.15.0.201708311556/tools/compiler/bin/../lib/gcc/arm-none-eabi/6.3.1/thumb/v7-m\libgcc.a(_arm_cmpdf2.o)
                              Src/dig_LED.o (__aeabi_dcmplt)
c:/ac6/systemworkbench/plugins/fr.ac6.mcu.externaltools.arm-none.win32_1.15.0.201708311556/tools/compiler/bin/../lib/gcc/arm-none-eabi/6.3.1/thumb/v7-m\libgcc.a(_arm_fixdfsi.o)
                              Src/dig_LED.o (__aeabi_d2iz)
c:/ac6/systemworkbench/plugins/fr.ac6.mcu.externaltools.arm-none.win32_1.15.0.201708311556/tools/compiler/bin/../lib/gcc/arm-none-eabi/6.3.1/../../../../arm-none-eabi/lib/thumb/v7-m\libc_nano.a(lib_a-exit.o)
                              c:/ac6/systemworkbench/plugins/fr.ac6.mcu.externaltools.arm-none.win32_1.15.0.201708311556/tools/compiler/bin/../lib/gcc/arm-none-eabi/6.3.1/../../../../arm-none-eabi/lib/thumb/v7-m/crt0.o (exit)
c:/ac6/systemworkbench/plugins/fr.ac6.mcu.externaltools.arm-none.win32_1.15.0.201708311556/tools/compiler/bin/../lib/gcc/arm-none-eabi/6.3.1/../../../../arm-none-eabi/lib/thumb/v7-m\libc_nano.a(lib_a-impure.o)
                              c:/ac6/systemworkbench/plugins/fr.ac6.mcu.externaltools.arm-none.win32_1.15.0.201708311556/tools/compiler/bin/../lib/gcc/arm-none-eabi/6.3.1/../../../../arm-none-eabi/lib/thumb/v7-m\libc_nano.a(lib_a-exit.o) (_global_impure_ptr)
c:/ac6/systemworkbench/plugins/fr.ac6.mcu.externaltools.arm-none.win32_1.15.0.201708311556/tools/compiler/bin/../lib/gcc/arm-none-eabi/6.3.1/../../../../arm-none-eabi/lib/thumb/v7-m\libc_nano.a(lib_a-init.o)
                              c:/ac6/systemworkbench/plugins/fr.ac6.mcu.externaltools.arm-none.win32_1.15.0.201708311556/tools/compiler/bin/../lib/gcc/arm-none-eabi/6.3.1/../../../../arm-none-eabi/lib/thumb/v7-m/crt0.o (__libc_init_array)
c:/ac6/systemworkbench/plugins/fr.ac6.mcu.externaltools.arm-none.win32_1.15.0.201708311556/tools/compiler/bin/../lib/gcc/arm-none-eabi/6.3.1/../../../../arm-none-eabi/lib/thumb/v7-m\libc_nano.a(lib_a-memset.o)
                              c:/ac6/systemworkbench/plugins/fr.ac6.mcu.externaltools.arm-none.win32_1.15.0.201708311556/tools/compiler/bin/../lib/gcc/arm-none-eabi/6.3.1/../../../../arm-none-eabi/lib/thumb/v7-m/crt0.o (memset)
c:/ac6/systemworkbench/plugins/fr.ac6.mcu.externaltools.arm-none.win32_1.15.0.201708311556/tools/compiler/bin/../lib/gcc/arm-none-eabi/6.3.1/../../../../arm-none-eabi/lib/thumb/v7-m\libnosys.a(_exit.o)
                              c:/ac6/systemworkbench/plugins/fr.ac6.mcu.externaltools.arm-none.win32_1.15.0.201708311556/tools/compiler/bin/../lib/gcc/arm-none-eabi/6.3.1/../../../../arm-none-eabi/lib/thumb/v7-m\libc_nano.a(lib_a-exit.o) (_exit)

Allocating common symbols
Common symbol       size              file

mcpB1               0x1               Src/MCP_encoder.o
hspi2               0x58              Src/spi.o
htim4               0x40              Src/tim.o
mcpB2               0x1               Src/MCP_encoder.o
hi2c2               0x54              Src/i2c.o
encoders            0x80              Src/MCP_encoder.o
hdma_tim2_ch2_ch4   0x44              Src/tim.o
uwTick              0x4               Drivers/STM32F1xx_HAL_Driver/Src/stm32f1xx_hal.o
pFlash              0x20              Drivers/STM32F1xx_HAL_Driver/Src/stm32f1xx_hal_flash.o
led_hsv             0x180             Src/main.o
state               0x1               Src/main.o
led_rgb             0x180             Src/main.o
mcpA1               0x1               Src/MCP_encoder.o
huart1              0x40              Src/usart.o
buttonMsg           0x3               Src/MCP_button.o
btns                0x20              Src/main.o
mcpA2               0x1               Src/MCP_encoder.o
buttons             0x80              Src/MCP_button.o
MCP_Bstate          0x1               Src/MCP23017.o
buf                 0x194             Src/main.o
hspi1               0x58              Src/spi.o
htim2               0x40              Src/tim.o
time_periods        0x140             Src/main.o
MCP_Astate          0x1               Src/MCP23017.o
value1              0x40              Src/main.o

Discarded input sections

 .text          0x00000000        0x0 c:/ac6/systemworkbench/plugins/fr.ac6.mcu.externaltools.arm-none.win32_1.15.0.201708311556/tools/compiler/bin/../lib/gcc/arm-none-eabi/6.3.1/thumb/v7-m/crti.o
[...]
Memory Configuration

Name             Origin             Length             Attributes
RAM              0x20000000         0x00005000         xrw
FLASH            0x08000000         0x00010000         xr
*default*        0x00000000         0xffffffff

Linker script and memory map

LOAD c:/ac6/systemworkbench/plugins/fr.ac6.mcu.externaltools.arm-none.win32_1.15.0.201708311556/tools/compiler/bin/../lib/gcc/arm-none-eabi/6.3.1/thumb/v7-m/crti.o
LOAD c:/ac6/systemworkbench/plugins/fr.ac6.mcu.externaltools.arm-none.win32_1.15.0.201708311556/tools/compiler/bin/../lib/gcc/arm-none-eabi/6.3.1/thumb/v7-m/crtbegin.o
LOAD c:/ac6/systemworkbench/plugins/fr.ac6.mcu.externaltools.arm-none.win32_1.15.0.201708311556/tools/compiler/bin/../lib/gcc/arm-none-eabi/6.3.1/../../../../arm-none-eabi/lib/thumb/v7-m/crt0.o
LOAD Drivers/STM32F1xx_HAL_Driver/Src/stm32f1xx_hal.o
LOAD Drivers/STM32F1xx_HAL_Driver/Src/stm32f1xx_hal_cortex.o
LOAD Drivers/STM32F1xx_HAL_Driver/Src/stm32f1xx_hal_dma.o
LOAD Drivers/STM32F1xx_HAL_Driver/Src/stm32f1xx_hal_flash.o
LOAD Drivers/STM32F1xx_HAL_Driver/Src/stm32f1xx_hal_flash_ex.o
LOAD Drivers/STM32F1xx_HAL_Driver/Src/stm32f1xx_hal_gpio.o
LOAD Drivers/STM32F1xx_HAL_Driver/Src/stm32f1xx_hal_gpio_ex.o
LOAD Drivers/STM32F1xx_HAL_Driver/Src/stm32f1xx_hal_i2c.o
LOAD Drivers/STM32F1xx_HAL_Driver/Src/stm32f1xx_hal_pwr.o
LOAD Drivers/STM32F1xx_HAL_Driver/Src/stm32f1xx_hal_rcc.o
LOAD Drivers/STM32F1xx_HAL_Driver/Src/stm32f1xx_hal_rcc_ex.o
LOAD Drivers/STM32F1xx_HAL_Driver/Src/stm32f1xx_hal_spi.o
LOAD Drivers/STM32F1xx_HAL_Driver/Src/stm32f1xx_hal_spi_ex.o
LOAD Drivers/STM32F1xx_HAL_Driver/Src/stm32f1xx_hal_tim.o
LOAD Drivers/STM32F1xx_HAL_Driver/Src/stm32f1xx_hal_tim_ex.o
LOAD Drivers/STM32F1xx_HAL_Driver/Src/stm32f1xx_hal_uart.o
LOAD Src/MCP23017.o
LOAD Src/MCP_button.o
LOAD Src/MCP_encoder.o
LOAD Src/button.o
LOAD Src/dig_LED.o
LOAD Src/dma.o
LOAD Src/encoder.o
LOAD Src/gpio.o
LOAD Src/i2c.o
LOAD Src/lcd.o
LOAD Src/main.o
LOAD Src/reg.o
LOAD Src/sequencer.o
LOAD Src/spi.o
LOAD Src/stm32f1xx_hal_msp.o
LOAD Src/stm32f1xx_it.o
LOAD Src/system_stm32f1xx.o
LOAD Src/tim.o
LOAD Src/usart.o
LOAD startup/startup_stm32f103xb.o
LOAD c:/ac6/systemworkbench/plugins/fr.ac6.mcu.externaltools.arm-none.win32_1.15.0.201708311556/tools/compiler/bin/../lib/gcc/arm-none-eabi/6.3.1/../../../../arm-none-eabi/lib/thumb/v7-m\libm.a
START GROUP
LOAD c:/ac6/systemworkbench/plugins/fr.ac6.mcu.externaltools.arm-none.win32_1.15.0.201708311556/tools/compiler/bin/../lib/gcc/arm-none-eabi/6.3.1/thumb/v7-m\libgcc.a
LOAD c:/ac6/systemworkbench/plugins/fr.ac6.mcu.externaltools.arm-none.win32_1.15.0.201708311556/tools/compiler/bin/../lib/gcc/arm-none-eabi/6.3.1/../../../../arm-none-eabi/lib/thumb/v7-m\libc_nano.a
END GROUP
START GROUP
LOAD c:/ac6/systemworkbench/plugins/fr.ac6.mcu.externaltools.arm-none.win32_1.15.0.201708311556/tools/compiler/bin/../lib/gcc/arm-none-eabi/6.3.1/thumb/v7-m\libgcc.a
LOAD c:/ac6/systemworkbench/plugins/fr.ac6.mcu.externaltools.arm-none.win32_1.15.0.201708311556/tools/compiler/bin/../lib/gcc/arm-none-eabi/6.3.1/../../../../arm-none-eabi/lib/thumb/v7-m\libc_nano.a
LOAD c:/ac6/systemworkbench/plugins/fr.ac6.mcu.externaltools.arm-none.win32_1.15.0.201708311556/tools/compiler/bin/../lib/gcc/arm-none-eabi/6.3.1/../../../../arm-none-eabi/lib/thumb/v7-m\libnosys.a
END GROUP
START GROUP
LOAD c:/ac6/systemworkbench/plugins/fr.ac6.mcu.externaltools.arm-none.win32_1.15.0.201708311556/tools/compiler/bin/../lib/gcc/arm-none-eabi/6.3.1/thumb/v7-m\libgcc.a
LOAD c:/ac6/systemworkbench/plugins/fr.ac6.mcu.externaltools.arm-none.win32_1.15.0.201708311556/tools/compiler/bin/../lib/gcc/arm-none-eabi/6.3.1/../../../../arm-none-eabi/lib/thumb/v7-m\libc_nano.a
LOAD c:/ac6/systemworkbench/plugins/fr.ac6.mcu.externaltools.arm-none.win32_1.15.0.201708311556/tools/compiler/bin/../lib/gcc/arm-none-eabi/6.3.1/../../../../arm-none-eabi/lib/thumb/v7-m\libnosys.a
END GROUP
LOAD c:/ac6/systemworkbench/plugins/fr.ac6.mcu.externaltools.arm-none.win32_1.15.0.201708311556/tools/compiler/bin/../lib/gcc/arm-none-eabi/6.3.1/thumb/v7-m/crtend.o
LOAD c:/ac6/systemworkbench/plugins/fr.ac6.mcu.externaltools.arm-none.win32_1.15.0.201708311556/tools/compiler/bin/../lib/gcc/arm-none-eabi/6.3.1/thumb/v7-m/crtn.o
                0x20005000                _estack = 0x20005000
                0x00000200                _Min_Heap_Size = 0x200
                0x00000400                _Min_Stack_Size = 0x400

.isr_vector     0x08000000      0x10c
                0x08000000                . = ALIGN (0x4)
 *(.isr_vector)
 .isr_vector    0x08000000      0x10c startup/startup_stm32f103xb.o
                0x08000000                g_pfnVectors
                0x0800010c                . = ALIGN (0x4)

.text           0x0800010c     0x43e4
                0x0800010c                . = ALIGN (0x4)
 *(.text)
 .text          0x0800010c       0x6c c:/ac6/systemworkbench/plugins/fr.ac6.mcu.externaltools.arm-none.win32_1.15.0.201708311556/tools/compiler/bin/../lib/gcc/arm-none-eabi/6.3.1/thumb/v7-m/crtbegin.o
 *(.text*)
 .text.HAL_Init
                0x08000178       0x2c Drivers/STM32F1xx_HAL_Driver/Src/stm32f1xx_hal.o
                0x08000178                HAL_Init
 .text.HAL_InitTick
                0x080001a4       0x60 Drivers/STM32F1xx_HAL_Driver/Src/stm32f1xx_hal.o
                0x080001a4                HAL_InitTick
 .text.HAL_IncTick
                0x08000204       0x24 Drivers/STM32F1xx_HAL_Driver/Src/stm32f1xx_hal.o
                0x08000204                HAL_IncTick
 .text.HAL_GetTick
                0x08000228       0x14 Drivers/STM32F1xx_HAL_Driver/Src/stm32f1xx_hal.o
                0x08000228                HAL_GetTick
 .text.HAL_Delay
                0x0800023c       0x44 Drivers/STM32F1xx_HAL_Driver/Src/stm32f1xx_hal.o
                0x0800023c                HAL_Delay
 .text.NVIC_SetPriorityGrouping
                0x08000280       0x48 Drivers/STM32F1xx_HAL_Driver/Src/stm32f1xx_hal_cortex.o
 .text.NVIC_GetPriorityGrouping
                0x080002c8       0x1c Drivers/STM32F1xx_HAL_Driver/Src/stm32f1xx_hal_cortex.o
 .text.NVIC_EnableIRQ
                0x080002e4       0x30 Drivers/STM32F1xx_HAL_Driver/Src/stm32f1xx_hal_cortex.o
 .text.NVIC_SetPriority
                0x08000314       0x54 Drivers/STM32F1xx_HAL_Driver/Src/stm32f1xx_hal_cortex.o
 .text.NVIC_EncodePriority
                0x08000368       0x60 Drivers/STM32F1xx_HAL_Driver/Src/stm32f1xx_hal_cortex.o
 .text.SysTick_Config
                0x080003c8       0x44 Drivers/STM32F1xx_HAL_Driver/Src/stm32f1xx_hal_cortex.o
 .text.HAL_NVIC_SetPriorityGrouping
                0x0800040c       0x16 Drivers/STM32F1xx_HAL_Driver/Src/stm32f1xx_hal_cortex.o
                0x0800040c                HAL_NVIC_SetPriorityGrouping
 .text.HAL_NVIC_SetPriority
                0x08000422       0x38 Drivers/STM32F1xx_HAL_Driver/Src/stm32f1xx_hal_cortex.o
                0x08000422                HAL_NVIC_SetPriority
 .text.HAL_NVIC_EnableIRQ
                0x0800045a       0x1c Drivers/STM32F1xx_HAL_Driver/Src/stm32f1xx_hal_cortex.o
                0x0800045a                HAL_NVIC_EnableIRQ
 .text.HAL_SYSTICK_Config
                0x08000476       0x18 Drivers/STM32F1xx_HAL_Driver/Src/stm32f1xx_hal_cortex.o
                0x08000476                HAL_SYSTICK_Config
 *fill*         0x0800048e        0x2 
 .text.HAL_SYSTICK_CLKSourceConfig
                0x08000490       0x38 Drivers/STM32F1xx_HAL_Driver/Src/stm32f1xx_hal_cortex.o
                0x08000490                HAL_SYSTICK_CLKSourceConfig
 .text.HAL_SYSTICK_IRQHandler
                0x080004c8        0xc Drivers/STM32F1xx_HAL_Driver/Src/stm32f1xx_hal_cortex.o
                0x080004c8                HAL_SYSTICK_IRQHandler
 .text.HAL_SYSTICK_Callback
                0x080004d4        0xc Drivers/STM32F1xx_HAL_Driver/Src/stm32f1xx_hal_cortex.o
                0x080004d4                HAL_SYSTICK_Callback
 .text.HAL_DMA_Init
                0x080004e0       0xcc Drivers/STM32F1xx_HAL_Driver/Src/stm32f1xx_hal_dma.o
                0x080004e0                HAL_DMA_Init
 .text.HAL_DMA_Start_IT
                0x080005ac       0xbe Drivers/STM32F1xx_HAL_Driver/Src/stm32f1xx_hal_dma.o
                0x080005ac                HAL_DMA_Start_IT
 *fill*         0x0800066a        0x2 
 .text.HAL_DMA_Abort_IT
                0x0800066c       0xf8 Drivers/STM32F1xx_HAL_Driver/Src/stm32f1xx_hal_dma.o
                0x0800066c                HAL_DMA_Abort_IT
 .text.HAL_DMA_IRQHandler
                0x08000764      0x224 Drivers/STM32F1xx_HAL_Driver/Src/stm32f1xx_hal_dma.o
                0x08000764                HAL_DMA_IRQHandler
 .text.DMA_SetConfig
                0x08000988       0x5a Drivers/STM32F1xx_HAL_Driver/Src/stm32f1xx_hal_dma.o
 *fill*         0x080009e2        0x2 
 .text.HAL_GPIO_Init
                0x080009e4      0x2bc Drivers/STM32F1xx_HAL_Driver/Src/stm32f1xx_hal_gpio.o
                0x080009e4                HAL_GPIO_Init
 .text.HAL_GPIO_WritePin
                0x08000ca0       0x30 Drivers/STM32F1xx_HAL_Driver/Src/stm32f1xx_hal_gpio.o
                0x08000ca0                HAL_GPIO_WritePin
 .text.HAL_I2C_Init
                0x08000cd0      0x208 Drivers/STM32F1xx_HAL_Driver/Src/stm32f1xx_hal_i2c.o
                0x08000cd0                HAL_I2C_Init
 .text.HAL_I2C_Mem_Write
                0x08000ed8      0x214 Drivers/STM32F1xx_HAL_Driver/Src/stm32f1xx_hal_i2c.o
                0x08000ed8                HAL_I2C_Mem_Write
 .text.I2C_RequestMemoryWrite
                0x080010ec      0x124 Drivers/STM32F1xx_HAL_Driver/Src/stm32f1xx_hal_i2c.o
 .text.I2C_WaitOnFlagUntilTimeout
                0x08001210       0xa2 Drivers/STM32F1xx_HAL_Driver/Src/stm32f1xx_hal_i2c.o
 .text.I2C_WaitOnMasterAddressFlagUntilTimeout
                0x080012b2       0xdc Drivers/STM32F1xx_HAL_Driver/Src/stm32f1xx_hal_i2c.o
 .text.I2C_WaitOnTXEFlagUntilTimeout
                0x0800138e       0x7a Drivers/STM32F1xx_HAL_Driver/Src/stm32f1xx_hal_i2c.o
 .text.I2C_WaitOnBTFFlagUntilTimeout
                0x08001408       0x7a Drivers/STM32F1xx_HAL_Driver/Src/stm32f1xx_hal_i2c.o
 .text.I2C_IsAcknowledgeFailed
                0x08001482       0x4e Drivers/STM32F1xx_HAL_Driver/Src/stm32f1xx_hal_i2c.o
 .text.HAL_RCC_OscConfig
                0x080014d0      0x4c8 Drivers/STM32F1xx_HAL_Driver/Src/stm32f1xx_hal_rcc.o
                0x080014d0                HAL_RCC_OscConfig
 .text.HAL_RCC_ClockConfig
                0x08001998      0x1e8 Drivers/STM32F1xx_HAL_Driver/Src/stm32f1xx_hal_rcc.o
                0x08001998                HAL_RCC_ClockConfig
 .text.HAL_RCC_GetSysClockFreq
                0x08001b80       0xc4 Drivers/STM32F1xx_HAL_Driver/Src/stm32f1xx_hal_rcc.o
                0x08001b80                HAL_RCC_GetSysClockFreq
 .text.HAL_RCC_GetHCLKFreq
                0x08001c44       0x14 Drivers/STM32F1xx_HAL_Driver/Src/stm32f1xx_hal_rcc.o
                0x08001c44                HAL_RCC_GetHCLKFreq
 .text.HAL_RCC_GetPCLK1Freq
                0x08001c58       0x28 Drivers/STM32F1xx_HAL_Driver/Src/stm32f1xx_hal_rcc.o
                0x08001c58                HAL_RCC_GetPCLK1Freq
 .text.HAL_RCC_GetPCLK2Freq
                0x08001c80       0x28 Drivers/STM32F1xx_HAL_Driver/Src/stm32f1xx_hal_rcc.o
                0x08001c80                HAL_RCC_GetPCLK2Freq
 .text.RCC_Delay
                0x08001ca8       0x3c Drivers/STM32F1xx_HAL_Driver/Src/stm32f1xx_hal_rcc.o
 .text.HAL_SPI_IRQHandler
                0x08001ce4      0x18c Drivers/STM32F1xx_HAL_Driver/Src/stm32f1xx_hal_spi.o
                0x08001ce4                HAL_SPI_IRQHandler
 .text.HAL_SPI_ErrorCallback
                0x08001e70       0x12 Drivers/STM32F1xx_HAL_Driver/Src/stm32f1xx_hal_spi.o
                0x08001e70                HAL_SPI_ErrorCallback
 .text.SPI_DMAAbortOnError
                0x08001e82       0x28 Drivers/STM32F1xx_HAL_Driver/Src/stm32f1xx_hal_spi.o
 .text.HAL_SPI_Init
                0x08001eaa       0xc8 Drivers/STM32F1xx_HAL_Driver/Src/stm32f1xx_hal_spi_ex.o
                0x08001eaa                HAL_SPI_Init
 .text.HAL_TIM_Base_Init
                0x08001f72       0x56 Drivers/STM32F1xx_HAL_Driver/Src/stm32f1xx_hal_tim.o
                0x08001f72                HAL_TIM_Base_Init
 .text.HAL_TIM_Base_Start_IT
                0x08001fc8       0x34 Drivers/STM32F1xx_HAL_Driver/Src/stm32f1xx_hal_tim.o
                0x08001fc8                HAL_TIM_Base_Start_IT
 .text.HAL_TIM_PWM_Init
                0x08001ffc       0x56 Drivers/STM32F1xx_HAL_Driver/Src/stm32f1xx_hal_tim.o
                0x08001ffc                HAL_TIM_PWM_Init
 *fill*         0x08002052        0x2 
 .text.HAL_TIM_PWM_Start_DMA
                0x08002054      0x1ac Drivers/STM32F1xx_HAL_Driver/Src/stm32f1xx_hal_tim.o
                0x08002054                HAL_TIM_PWM_Start_DMA
 .text.HAL_TIM_IRQHandler
                0x08002200      0x210 Drivers/STM32F1xx_HAL_Driver/Src/stm32f1xx_hal_tim.o
                0x08002200                HAL_TIM_IRQHandler
 .text.HAL_TIM_PWM_ConfigChannel
                0x08002410      0x18c Drivers/STM32F1xx_HAL_Driver/Src/stm32f1xx_hal_tim.o
                0x08002410                HAL_TIM_PWM_ConfigChannel
 .text.HAL_TIM_ConfigClockSource
                0x0800259c      0x1b6 Drivers/STM32F1xx_HAL_Driver/Src/stm32f1xx_hal_tim.o
                0x0800259c                HAL_TIM_ConfigClockSource
 .text.HAL_TIM_PeriodElapsedCallback
                0x08002752       0x12 Drivers/STM32F1xx_HAL_Driver/Src/stm32f1xx_hal_tim.o
                0x08002752                HAL_TIM_PeriodElapsedCallback
 .text.HAL_TIM_OC_DelayElapsedCallback
                0x08002764       0x12 Drivers/STM32F1xx_HAL_Driver/Src/stm32f1xx_hal_tim.o
                0x08002764                HAL_TIM_OC_DelayElapsedCallback
 .text.HAL_TIM_IC_CaptureCallback
                0x08002776       0x12 Drivers/STM32F1xx_HAL_Driver/Src/stm32f1xx_hal_tim.o
                0x08002776                HAL_TIM_IC_CaptureCallback
 .text.HAL_TIM_PWM_PulseFinishedCallback
                0x08002788       0x12 Drivers/STM32F1xx_HAL_Driver/Src/stm32f1xx_hal_tim.o
                0x08002788                HAL_TIM_PWM_PulseFinishedCallback
 .text.HAL_TIM_TriggerCallback
                0x0800279a       0x12 Drivers/STM32F1xx_HAL_Driver/Src/stm32f1xx_hal_tim.o
                0x0800279a                HAL_TIM_TriggerCallback
 .text.HAL_TIM_ErrorCallback
                0x080027ac       0x12 Drivers/STM32F1xx_HAL_Driver/Src/stm32f1xx_hal_tim.o
                0x080027ac                HAL_TIM_ErrorCallback
 .text.TIM_DMAError
                0x080027be       0x24 Drivers/STM32F1xx_HAL_Driver/Src/stm32f1xx_hal_tim.o
                0x080027be                TIM_DMAError
 .text.TIM_DMADelayPulseCplt
                0x080027e2       0x70 Drivers/STM32F1xx_HAL_Driver/Src/stm32f1xx_hal_tim.o
                0x080027e2                TIM_DMADelayPulseCplt
 *fill*         0x08002852        0x2 
 .text.TIM_Base_SetConfig
                0x08002854       0xcc Drivers/STM32F1xx_HAL_Driver/Src/stm32f1xx_hal_tim.o
                0x08002854                TIM_Base_SetConfig
 .text.TIM_OC1_SetConfig
                0x08002920       0xd8 Drivers/STM32F1xx_HAL_Driver/Src/stm32f1xx_hal_tim.o
 .text.TIM_OC2_SetConfig
                0x080029f8       0xe0 Drivers/STM32F1xx_HAL_Driver/Src/stm32f1xx_hal_tim.o
                0x080029f8                TIM_OC2_SetConfig
 .text.TIM_OC3_SetConfig
                0x08002ad8       0xe0 Drivers/STM32F1xx_HAL_Driver/Src/stm32f1xx_hal_tim.o
 .text.TIM_OC4_SetConfig
                0x08002bb8       0xa8 Drivers/STM32F1xx_HAL_Driver/Src/stm32f1xx_hal_tim.o
 .text.TIM_TI1_ConfigInputStage
                0x08002c60       0x64 Drivers/STM32F1xx_HAL_Driver/Src/stm32f1xx_hal_tim.o
 .text.TIM_TI2_ConfigInputStage
                0x08002cc4       0x66 Drivers/STM32F1xx_HAL_Driver/Src/stm32f1xx_hal_tim.o
 .text.TIM_ITRx_SetConfig
                0x08002d2a       0x3e Drivers/STM32F1xx_HAL_Driver/Src/stm32f1xx_hal_tim.o
 .text.TIM_ETR_SetConfig
                0x08002d68       0x42 Drivers/STM32F1xx_HAL_Driver/Src/stm32f1xx_hal_tim.o
 .text.TIM_CCxChannelCmd
                0x08002daa       0x44 Drivers/STM32F1xx_HAL_Driver/Src/stm32f1xx_hal_tim.o
                0x08002daa                TIM_CCxChannelCmd
 .text.HAL_TIMEx_MasterConfigSynchronization
                0x08002dee       0x88 Drivers/STM32F1xx_HAL_Driver/Src/stm32f1xx_hal_tim_ex.o
                0x08002dee                HAL_TIMEx_MasterConfigSynchronization
 .text.HAL_TIMEx_CommutationCallback
                0x08002e76       0x12 Drivers/STM32F1xx_HAL_Driver/Src/stm32f1xx_hal_tim_ex.o
                0x08002e76                HAL_TIMEx_CommutationCallback
 .text.HAL_TIMEx_BreakCallback
                0x08002e88       0x12 Drivers/STM32F1xx_HAL_Driver/Src/stm32f1xx_hal_tim_ex.o
                0x08002e88                HAL_TIMEx_BreakCallback
 .text.HAL_UART_Init
                0x08002e9a       0x9a Drivers/STM32F1xx_HAL_Driver/Src/stm32f1xx_hal_uart.o
                0x08002e9a                HAL_UART_Init
 .text.UART_SetConfig
                0x08002f34      0x230 Drivers/STM32F1xx_HAL_Driver/Src/stm32f1xx_hal_uart.o
 .text.MCP23017_Init
                0x08003164      0x128 Src/MCP23017.o
                0x08003164                MCP23017_Init
 .text.MCP_Button_Init
                0x0800328c       0x42 Src/MCP_button.o
                0x0800328c                MCP_Button_Init
 *fill*         0x080032ce        0x2 
 .text.MCP_Buttons_InitAll
                0x080032d0       0x58 Src/MCP_button.o
                0x080032d0                MCP_Buttons_InitAll
 .text.HsvToRgb
                0x08003328      0x154 Src/dig_LED.o
                0x08003328                HsvToRgb
 .text.DIG_LED_update
                0x0800347c       0x20 Src/dig_LED.o
                0x0800347c                DIG_LED_update
 .text.setLEDcolor
                0x0800349c      0x104 Src/dig_LED.o
                0x0800349c                setLEDcolor
 .text.setWHOLEcolor
                0x080035a0       0x38 Src/dig_LED.o
                0x080035a0                setWHOLEcolor
 .text.MX_DMA_Init
                0x080035d8       0x2c Src/dma.o
                0x080035d8                MX_DMA_Init
 .text.MX_GPIO_Init
                0x08003604       0xac Src/gpio.o
                0x08003604                MX_GPIO_Init
 .text.MX_I2C2_Init
                0x080036b0       0x64 Src/i2c.o
                0x080036b0                MX_I2C2_Init
 .text.HAL_I2C_MspInit
                0x08003714       0x58 Src/i2c.o
                0x08003714                HAL_I2C_MspInit
 .text.LCD_Init
                0x0800376c       0xe8 Src/lcd.o
                0x0800376c                LCD_Init
 .text.LCD_WritePinData
                0x08003854       0xb4 Src/lcd.o
                0x08003854                LCD_WritePinData
 .text.LCD_Clear
                0x08003908        0xe Src/lcd.o
                0x08003908                LCD_Clear
 *fill*         0x08003916        0x2 
 .text.LCD_SendCommand
                0x08003918       0x78 Src/lcd.o
                0x08003918                LCD_SendCommand
 .text.LCD_SetPos
                0x08003990       0x6c Src/lcd.o
                0x08003990                LCD_SetPos
 .text.LCD_ReturnHome
                0x080039fc        0xe Src/lcd.o
                0x080039fc                LCD_ReturnHome
 .text.delayStupid
                0x08003a0a       0x2c Src/lcd.o
                0x08003a0a                delayStupid
 *fill*         0x08003a36        0x2 
 .text.main     0x08003a38       0xa0 Src/main.o
                0x08003a38                main
 .text.SystemClock_Config
                0x08003ad8       0xa4 Src/main.o
                0x08003ad8                SystemClock_Config
 .text.MX_NVIC_Init
                0x08003b7c       0x18 Src/main.o
 .text._Error_Handler
                0x08003b94        0xc Src/main.o
                0x08003b94                _Error_Handler
 .text.save     0x08003ba0       0xe4 Src/sequencer.o
                0x08003ba0                save
 .text.sequencer_func
                0x08003c84       0xa8 Src/sequencer.o
                0x08003c84                sequencer_func
 .text.light    0x08003d2c       0xa0 Src/sequencer.o
                0x08003d2c                light
 .text.MX_SPI1_Init
                0x08003dcc       0x74 Src/spi.o
                0x08003dcc                MX_SPI1_Init
 .text.MX_SPI2_Init
                0x08003e40       0x78 Src/spi.o
                0x08003e40                MX_SPI2_Init
 .text.HAL_SPI_MspInit
                0x08003eb8       0xac Src/spi.o
                0x08003eb8                HAL_SPI_MspInit
 .text.HAL_MspInit
                0x08003f64       0xa4 Src/stm32f1xx_hal_msp.o
                0x08003f64                HAL_MspInit
 .text.NMI_Handler
                0x08004008        0xc Src/stm32f1xx_it.o
                0x08004008                NMI_Handler
 .text.HardFault_Handler
                0x08004014        0x6 Src/stm32f1xx_it.o
                0x08004014                HardFault_Handler
 .text.MemManage_Handler
                0x0800401a        0x6 Src/stm32f1xx_it.o
                0x0800401a                MemManage_Handler
 .text.BusFault_Handler
                0x08004020        0x6 Src/stm32f1xx_it.o
                0x08004020                BusFault_Handler
 .text.UsageFault_Handler
                0x08004026        0x6 Src/stm32f1xx_it.o
                0x08004026                UsageFault_Handler
 .text.SVC_Handler
                0x0800402c        0xc Src/stm32f1xx_it.o
                0x0800402c                SVC_Handler
 .text.DebugMon_Handler
                0x08004038        0xc Src/stm32f1xx_it.o
                0x08004038                DebugMon_Handler
 .text.PendSV_Handler
                0x08004044        0xc Src/stm32f1xx_it.o
                0x08004044                PendSV_Handler
 .text.SysTick_Handler
                0x08004050       0x20 Src/stm32f1xx_it.o
                0x08004050                SysTick_Handler
 .text.DMA1_Channel7_IRQHandler
                0x08004070       0x14 Src/stm32f1xx_it.o
                0x08004070                DMA1_Channel7_IRQHandler
 .text.TIM4_IRQHandler
                0x08004084       0x14 Src/stm32f1xx_it.o
                0x08004084                TIM4_IRQHandler
 .text.SPI1_IRQHandler
                0x08004098       0x14 Src/stm32f1xx_it.o
                0x08004098                SPI1_IRQHandler
 .text.SystemInit
                0x080040ac       0x68 Src/system_stm32f1xx.o
                0x080040ac                SystemInit
 .text.MX_TIM2_Init
                0x08004114       0xa4 Src/tim.o
                0x08004114                MX_TIM2_Init
 .text.MX_TIM4_Init
                0x080041b8       0x94 Src/tim.o
                0x080041b8                MX_TIM4_Init
 .text.HAL_TIM_PWM_MspInit
                0x0800424c       0xa4 Src/tim.o
                0x0800424c                HAL_TIM_PWM_MspInit
 .text.HAL_TIM_Base_MspInit
                0x080042f0       0x4c Src/tim.o
                0x080042f0                HAL_TIM_Base_MspInit
 .text.HAL_TIM_MspPostInit
                0x0800433c       0x38 Src/tim.o
                0x0800433c                HAL_TIM_MspPostInit
 .text.MX_USART1_UART_Init
                0x08004374       0x5c Src/usart.o
                0x08004374                MX_USART1_UART_Init
 .text.HAL_UART_MspInit
                0x080043d0       0x74 Src/usart.o
                0x080043d0                HAL_UART_MspInit
 .text.Reset_Handler
                0x08004444       0x48 startup/startup_stm32f103xb.o
                0x08004444                Reset_Handler
 .text.Default_Handler
                0x0800448c        0x2 startup/startup_stm32f103xb.o
                0x0800448c                RTC_Alarm_IRQHandler
                0x0800448c                EXTI2_IRQHandler
                0x0800448c                TIM1_CC_IRQHandler
                0x0800448c                PVD_IRQHandler
                0x0800448c                EXTI3_IRQHandler
                0x0800448c                EXTI0_IRQHandler
                0x0800448c                I2C2_EV_IRQHandler
                0x0800448c                ADC1_2_IRQHandler
                0x0800448c                TAMPER_IRQHandler
                0x0800448c                DMA1_Channel4_IRQHandler
                0x0800448c                USART3_IRQHandler
                0x0800448c                RTC_IRQHandler
                0x0800448c                CAN1_RX1_IRQHandler
                0x0800448c                I2C1_EV_IRQHandler
                0x0800448c                DMA1_Channel6_IRQHandler
                0x0800448c                TIM3_IRQHandler
                0x0800448c                RCC_IRQHandler
                0x0800448c                TIM1_TRG_COM_IRQHandler
                0x0800448c                DMA1_Channel1_IRQHandler
                0x0800448c                Default_Handler
                0x0800448c                EXTI15_10_IRQHandler
                0x0800448c                EXTI9_5_IRQHandler
                0x0800448c                SPI2_IRQHandler
                0x0800448c                DMA1_Channel5_IRQHandler
                0x0800448c                EXTI4_IRQHandler
                0x0800448c                USB_LP_CAN1_RX0_IRQHandler
                0x0800448c                USB_HP_CAN1_TX_IRQHandler
                0x0800448c                DMA1_Channel3_IRQHandler
                0x0800448c                TIM1_UP_IRQHandler
                0x0800448c                WWDG_IRQHandler
                0x0800448c                TIM2_IRQHandler
                0x0800448c                TIM1_BRK_IRQHandler
                0x0800448c                EXTI1_IRQHandler
                0x0800448c                USART2_IRQHandler
                0x0800448c                I2C2_ER_IRQHandler
                0x0800448c                DMA1_Channel2_IRQHandler
                0x0800448c                CAN1_SCE_IRQHandler
                0x0800448c                FLASH_IRQHandler
                0x0800448c                USART1_IRQHandler
                0x0800448c                I2C1_ER_IRQHandler
                0x0800448c                USBWakeUp_IRQHandler
 *fill*         0x0800448e        0x2 
 .text.__libc_init_array
                0x08004490       0x48 c:/ac6/systemworkbench/plugins/fr.ac6.mcu.externaltools.arm-none.win32_1.15.0.201708311556/tools/compiler/bin/../lib/gcc/arm-none-eabi/6.3.1/../../../../arm-none-eabi/lib/thumb/v7-m\libc_nano.a(lib_a-init.o)
                0x08004490                __libc_init_array
 *(.glue_7)
 .glue_7        0x080044d8        0x0 linker stubs
 *(.glue_7t)
 .glue_7t       0x080044d8        0x0 linker stubs
 *(.eh_frame)
 .eh_frame      0x080044d8        0x0 c:/ac6/systemworkbench/plugins/fr.ac6.mcu.externaltools.arm-none.win32_1.15.0.201708311556/tools/compiler/bin/../lib/gcc/arm-none-eabi/6.3.1/thumb/v7-m/crtbegin.o
 *(.init)
 .init          0x080044d8        0x4 c:/ac6/systemworkbench/plugins/fr.ac6.mcu.externaltools.arm-none.win32_1.15.0.201708311556/tools/compiler/bin/../lib/gcc/arm-none-eabi/6.3.1/thumb/v7-m/crti.o
                0x080044d8                _init
 .init          0x080044dc        0x8 c:/ac6/systemworkbench/plugins/fr.ac6.mcu.externaltools.arm-none.win32_1.15.0.201708311556/tools/compiler/bin/../lib/gcc/arm-none-eabi/6.3.1/thumb/v7-m/crtn.o
 *(.fini)
 .fini          0x080044e4        0x4 c:/ac6/systemworkbench/plugins/fr.ac6.mcu.externaltools.arm-none.win32_1.15.0.201708311556/tools/compiler/bin/../lib/gcc/arm-none-eabi/6.3.1/thumb/v7-m/crti.o
                0x080044e4                _fini
 .fini          0x080044e8        0x8 c:/ac6/systemworkbench/plugins/fr.ac6.mcu.externaltools.arm-none.win32_1.15.0.201708311556/tools/compiler/bin/../lib/gcc/arm-none-eabi/6.3.1/thumb/v7-m/crtn.o
                0x080044f0                . = ALIGN (0x4)
                0x080044f0                _etext = .

.vfp11_veneer   0x080044f0        0x0
 .vfp11_veneer  0x080044f0        0x0 linker stubs

.v4_bx          0x080044f0        0x0
 .v4_bx         0x080044f0        0x0 linker stubs

.iplt           0x080044f0        0x0
 .iplt          0x080044f0        0x0 c:/ac6/systemworkbench/plugins/fr.ac6.mcu.externaltools.arm-none.win32_1.15.0.201708311556/tools/compiler/bin/../lib/gcc/arm-none-eabi/6.3.1/thumb/v7-m/crtbegin.o

.rodata         0x080044f0       0x98
                0x080044f0                . = ALIGN (0x4)
 *(.rodata)
 .rodata        0x080044f0       0x12 Drivers/STM32F1xx_HAL_Driver/Src/stm32f1xx_hal_rcc.o
 *fill*         0x08004502        0x2 
 .rodata        0x08004504       0x15 Src/MCP23017.o
 *fill*         0x08004519        0x3 
 .rodata        0x0800451c        0xd Src/i2c.o
 *fill*         0x08004529        0x3 
 .rodata        0x0800452c       0x12 Src/main.o
 *fill*         0x0800453e        0x2 
 .rodata        0x08004540        0xd Src/spi.o
 *fill*         0x0800454d        0x3 
 .rodata        0x08004550       0x18 Src/system_stm32f1xx.o
                0x08004550                AHBPrescTable
                0x08004560                APBPrescTable
 .rodata        0x08004568        0xd Src/tim.o
 *fill*         0x08004575        0x3 
 .rodata        0x08004578        0xf Src/usart.o
 *(.rodata*)
                0x08004588                . = ALIGN (0x4)
 *fill*         0x08004587        0x1 

.rel.dyn        0x08004588        0x0
 .rel.iplt      0x08004588        0x0 c:/ac6/systemworkbench/plugins/fr.ac6.mcu.externaltools.arm-none.win32_1.15.0.201708311556/tools/compiler/bin/../lib/gcc/arm-none-eabi/6.3.1/thumb/v7-m/crtbegin.o

.ARM.extab
 *(.ARM.extab* .gnu.linkonce.armextab.*)

.ARM            0x08004588        0x0
                0x08004588                __exidx_start = .
 *(.ARM.exidx*)
                0x08004588                __exidx_end = .

.preinit_array  0x08004588        0x0
                0x08004588                PROVIDE (__preinit_array_start, .)
 *(.preinit_array*)
                0x08004588                PROVIDE (__preinit_array_end, .)

.init_array     0x08004588        0x4
                0x08004588                PROVIDE (__init_array_start, .)
 *(SORT(.init_array.*))
 *(.init_array*)
 .init_array    0x08004588        0x4 c:/ac6/systemworkbench/plugins/fr.ac6.mcu.externaltools.arm-none.win32_1.15.0.201708311556/tools/compiler/bin/../lib/gcc/arm-none-eabi/6.3.1/thumb/v7-m/crtbegin.o
                0x0800458c                PROVIDE (__init_array_end, .)

.fini_array     0x0800458c        0x4
                [!provide]                PROVIDE (__fini_array_start, .)
 *(SORT(.fini_array.*))
 *(.fini_array*)
 .fini_array    0x0800458c        0x4 c:/ac6/systemworkbench/plugins/fr.ac6.mcu.externaltools.arm-none.win32_1.15.0.201708311556/tools/compiler/bin/../lib/gcc/arm-none-eabi/6.3.1/thumb/v7-m/crtbegin.o
                [!provide]                PROVIDE (__fini_array_end, .)
                0x08004590                _sidata = LOADADDR (.data)

.data           0x20000000        0xc load address 0x08004590
                0x20000000                . = ALIGN (0x4)
                0x20000000                _sdata = .
 *(.data)
 .data          0x20000000        0x5 Drivers/STM32F1xx_HAL_Driver/Src/stm32f1xx_hal.o
                0x20000000                uwTickPrio
                0x20000004                uwTickFreq
 *fill*         0x20000005        0x3 
 .data          0x20000008        0x4 Src/system_stm32f1xx.o
                0x20000008                SystemCoreClock
 *(.data*)
                0x2000000c                . = ALIGN (0x4)
                0x2000000c                _edata = .

.jcr            0x2000000c        0x0 load address 0x0800459c
 .jcr           0x2000000c        0x0 c:/ac6/systemworkbench/plugins/fr.ac6.mcu.externaltools.arm-none.win32_1.15.0.201708311556/tools/compiler/bin/../lib/gcc/arm-none-eabi/6.3.1/thumb/v7-m/crtbegin.o

.igot.plt       0x2000000c        0x0 load address 0x0800459c
 .igot.plt      0x2000000c        0x0 c:/ac6/systemworkbench/plugins/fr.ac6.mcu.externaltools.arm-none.win32_1.15.0.201708311556/tools/compiler/bin/../lib/gcc/arm-none-eabi/6.3.1/thumb/v7-m/crtbegin.o
                0x2000000c                . = ALIGN (0x4)

.bss            0x20000010      0xae0 load address 0x0800459c
                0x20000010                _sbss = .
                0x20000010                __bss_start__ = _sbss
 *(.bss)
 .bss           0x20000010       0x1c c:/ac6/systemworkbench/plugins/fr.ac6.mcu.externaltools.arm-none.win32_1.15.0.201708311556/tools/compiler/bin/../lib/gcc/arm-none-eabi/6.3.1/thumb/v7-m/crtbegin.o
 .bss           0x2000002c      0x1e5 Src/dig_LED.o
 *fill*         0x20000211        0x3 
 .bss           0x20000214        0x8 Src/main.o
                0x20000214                millis
                0x20000218                t_prev1
 *(.bss*)
 *(COMMON)
 COMMON         0x2000021c        0x4 Drivers/STM32F1xx_HAL_Driver/Src/stm32f1xx_hal.o
                0x2000021c                uwTick
 COMMON         0x20000220        0x2 Src/MCP23017.o
                0x20000220                MCP_Bstate
                0x20000221                MCP_Astate
 *fill*         0x20000222        0x2 
 COMMON         0x20000224       0x84 Src/MCP_button.o
                0x20000224                buttonMsg
                0x20000228                buttons
 COMMON         0x200002a8       0x54 Src/i2c.o
                0x200002a8                hi2c2
 *fill*         0x200002fc        0x4 
 COMMON         0x20000300      0x63c Src/main.o
                0x20000300                led_hsv
                0x20000480                state
                0x20000488                led_rgb
                0x20000608                btns
                0x20000628                buf
                0x200007bc                time_periods
                0x200008fc                value1
 COMMON         0x2000093c       0xb0 Src/spi.o
                0x2000093c                hspi2
                0x20000994                hspi1
 COMMON         0x200009ec       0xc4 Src/tim.o
                0x200009ec                htim4
                0x20000a2c                hdma_tim2_ch2_ch4
                0x20000a70                htim2
 COMMON         0x20000ab0       0x40 Src/usart.o
                0x20000ab0                huart1
                0x20000af0                . = ALIGN (0x4)
                0x20000af0                _ebss = .
                0x20000af0                __bss_end__ = _ebss

._user_heap_stack
                0x20000af0      0x600 load address 0x0800459c
                0x20000af0                . = ALIGN (0x8)
                [!provide]                PROVIDE (end, .)
                [!provide]                PROVIDE (_end, .)
                0x20000cf0                . = (. + _Min_Heap_Size)
 *fill*         0x20000af0      0x200 
                0x200010f0                . = (. + _Min_Stack_Size)
 *fill*         0x20000cf0      0x400 
                0x200010f0                . = ALIGN (0x8)

/DISCARD/
 libc.a(*)
 libm.a(*)
 libgcc.a(*)

.ARM.attributes
                0x00000000       0x29
 *(.ARM.attributes)
 .ARM.attributes
                0x00000000       0x1d c:/ac6/systemworkbench/plugins/fr.ac6.mcu.externaltools.arm-none.win32_1.15.0.201708311556/tools/compiler/bin/../lib/gcc/arm-none-eabi/6.3.1/thumb/v7-m/crti.o
 .ARM.attributes
                0x0000001d       0x2d c:/ac6/systemworkbench/plugins/fr.ac6.mcu.externaltools.arm-none.win32_1.15.0.201708311556/tools/compiler/bin/../lib/gcc/arm-none-eabi/6.3.1/thumb/v7-m/crtbegin.o
 .ARM.attributes
                0x0000004a       0x33 Drivers/STM32F1xx_HAL_Driver/Src/stm32f1xx_hal.o
 .ARM.attributes
                0x0000007d       0x33 Drivers/STM32F1xx_HAL_Driver/Src/stm32f1xx_hal_cortex.o
 .ARM.attributes
                0x000000b0       0x33 Drivers/STM32F1xx_HAL_Driver/Src/stm32f1xx_hal_dma.o
 .ARM.attributes
                0x000000e3       0x33 Drivers/STM32F1xx_HAL_Driver/Src/stm32f1xx_hal_gpio.o
 .ARM.attributes
                0x00000116       0x33 Drivers/STM32F1xx_HAL_Driver/Src/stm32f1xx_hal_i2c.o
 .ARM.attributes
                0x00000149       0x33 Drivers/STM32F1xx_HAL_Driver/Src/stm32f1xx_hal_rcc.o
 .ARM.attributes
                0x0000017c       0x33 Drivers/STM32F1xx_HAL_Driver/Src/stm32f1xx_hal_spi.o
 .ARM.attributes
                0x000001af       0x33 Drivers/STM32F1xx_HAL_Driver/Src/stm32f1xx_hal_spi_ex.o
 .ARM.attributes
                0x000001e2       0x33 Drivers/STM32F1xx_HAL_Driver/Src/stm32f1xx_hal_tim.o
 .ARM.attributes
                0x00000215       0x33 Drivers/STM32F1xx_HAL_Driver/Src/stm32f1xx_hal_tim_ex.o
 .ARM.attributes
                0x00000248       0x33 Drivers/STM32F1xx_HAL_Driver/Src/stm32f1xx_hal_uart.o
 .ARM.attributes
                0x0000027b       0x33 Src/MCP23017.o
 .ARM.attributes
                0x000002ae       0x33 Src/MCP_button.o
 .ARM.attributes
                0x000002e1       0x33 Src/dig_LED.o
 .ARM.attributes
                0x00000314       0x33 Src/dma.o
 .ARM.attributes
                0x00000347       0x33 Src/gpio.o
 .ARM.attributes
                0x0000037a       0x33 Src/i2c.o
 .ARM.attributes
                0x000003ad       0x33 Src/lcd.o
 .ARM.attributes
                0x000003e0       0x33 Src/main.o
 .ARM.attributes
                0x00000413       0x33 Src/sequencer.o
 .ARM.attributes
                0x00000446       0x33 Src/spi.o
 .ARM.attributes
                0x00000479       0x33 Src/stm32f1xx_hal_msp.o
 .ARM.attributes
                0x000004ac       0x33 Src/stm32f1xx_it.o
 .ARM.attributes
                0x000004df       0x33 Src/system_stm32f1xx.o
 .ARM.attributes
                0x00000512       0x33 Src/tim.o
 .ARM.attributes
                0x00000545       0x33 Src/usart.o
 .ARM.attributes
                0x00000578       0x21 startup/startup_stm32f103xb.o
 .ARM.attributes
                0x00000599       0x2d c:/ac6/systemworkbench/plugins/fr.ac6.mcu.externaltools.arm-none.win32_1.15.0.201708311556/tools/compiler/bin/../lib/gcc/arm-none-eabi/6.3.1/../../../../arm-none-eabi/lib/thumb/v7-m\libc_nano.a(lib_a-init.o)
 .ARM.attributes
                0x000005c6       0x1d c:/ac6/systemworkbench/plugins/fr.ac6.mcu.externaltools.arm-none.win32_1.15.0.201708311556/tools/compiler/bin/../lib/gcc/arm-none-eabi/6.3.1/thumb/v7-m/crtn.o
OUTPUT(My_HAL.elf elf32-littlearm)

.debug_info     0x00000000    0x1eda0
 .debug_info    0x00000000      0xf00 Drivers/STM32F1xx_HAL_Driver/Src/stm32f1xx_hal.o
 .debug_info    0x00000f00     0x1317 Drivers/STM32F1xx_HAL_Driver/Src/stm32f1xx_hal_cortex.o
 .debug_info    0x00002217      0xf80 Drivers/STM32F1xx_HAL_Driver/Src/stm32f1xx_hal_dma.o
 .debug_info    0x00003197      0xe7a Drivers/STM32F1xx_HAL_Driver/Src/stm32f1xx_hal_gpio.o
 .debug_info    0x00004011     0x2989 Drivers/STM32F1xx_HAL_Driver/Src/stm32f1xx_hal_i2c.o
 .debug_info    0x0000699a      0xff6 Drivers/STM32F1xx_HAL_Driver/Src/stm32f1xx_hal_rcc.o
 .debug_info    0x00007990     0x1c55 Drivers/STM32F1xx_HAL_Driver/Src/stm32f1xx_hal_spi.o
 .debug_info    0x000095e5      0xe12 Drivers/STM32F1xx_HAL_Driver/Src/stm32f1xx_hal_spi_ex.o
 .debug_info    0x0000a3f7     0x29df Drivers/STM32F1xx_HAL_Driver/Src/stm32f1xx_hal_tim.o
 .debug_info    0x0000cdd6     0x178f Drivers/STM32F1xx_HAL_Driver/Src/stm32f1xx_hal_tim_ex.o
 .debug_info    0x0000e565     0x19ab Drivers/STM32F1xx_HAL_Driver/Src/stm32f1xx_hal_uart.o
 .debug_info    0x0000ff10      0xf54 Src/MCP23017.o
 .debug_info    0x00010e64     0x104c Src/MCP_button.o
 .debug_info    0x00011eb0     0x11b2 Src/dig_LED.o
 .debug_info    0x00013062      0xa09 Src/dma.o
 .debug_info    0x00013a6b      0xb33 Src/gpio.o
 .debug_info    0x0001459e      0xff6 Src/i2c.o
 .debug_info    0x00015594      0xc54 Src/lcd.o
 .debug_info    0x000161e8     0x1ad1 Src/main.o
 .debug_info    0x00017cb9     0x1110 Src/sequencer.o
 .debug_info    0x00018dc9     0x114c Src/spi.o
 .debug_info    0x00019f15      0xbd6 Src/stm32f1xx_hal_msp.o
 .debug_info    0x0001aaeb     0x13cb Src/stm32f1xx_it.o
 .debug_info    0x0001beb6      0xc18 Src/system_stm32f1xx.o
 .debug_info    0x0001cace     0x12fc Src/tim.o
 .debug_info    0x0001ddca      0xf64 Src/usart.o
 .debug_info    0x0001ed2e       0x72 startup/startup_stm32f103xb.o

.debug_abbrev   0x00000000     0x4155
 .debug_abbrev  0x00000000      0x2e6 Drivers/STM32F1xx_HAL_Driver/Src/stm32f1xx_hal.o
 .debug_abbrev  0x000002e6      0x394 Drivers/STM32F1xx_HAL_Driver/Src/stm32f1xx_hal_cortex.o
 .debug_abbrev  0x0000067a      0x2a5 Drivers/STM32F1xx_HAL_Driver/Src/stm32f1xx_hal_dma.o
 .debug_abbrev  0x0000091f      0x287 Drivers/STM32F1xx_HAL_Driver/Src/stm32f1xx_hal_gpio.o
 .debug_abbrev  0x00000ba6      0x2e0 Drivers/STM32F1xx_HAL_Driver/Src/stm32f1xx_hal_i2c.o
 .debug_abbrev  0x00000e86      0x321 Drivers/STM32F1xx_HAL_Driver/Src/stm32f1xx_hal_rcc.o
 .debug_abbrev  0x000011a7      0x2e7 Drivers/STM32F1xx_HAL_Driver/Src/stm32f1xx_hal_spi.o
 .debug_abbrev  0x0000148e      0x1eb Drivers/STM32F1xx_HAL_Driver/Src/stm32f1xx_hal_spi_ex.o
 .debug_abbrev  0x00001679      0x2e6 Drivers/STM32F1xx_HAL_Driver/Src/stm32f1xx_hal_tim.o
 .debug_abbrev  0x0000195f      0x2c3 Drivers/STM32F1xx_HAL_Driver/Src/stm32f1xx_hal_tim_ex.o
 .debug_abbrev  0x00001c22      0x2e9 Drivers/STM32F1xx_HAL_Driver/Src/stm32f1xx_hal_uart.o
 .debug_abbrev  0x00001f0b      0x26d Src/MCP23017.o
 .debug_abbrev  0x00002178      0x284 Src/MCP_button.o
 .debug_abbrev  0x000023fc      0x2bf Src/dig_LED.o
 .debug_abbrev  0x000026bb      0x1d8 Src/dma.o
 .debug_abbrev  0x00002893      0x1fb Src/gpio.o
 .debug_abbrev  0x00002a8e      0x226 Src/i2c.o
 .debug_abbrev  0x00002cb4      0x269 Src/lcd.o
 .debug_abbrev  0x00002f1d      0x2bf Src/main.o
 .debug_abbrev  0x000031dc      0x271 Src/sequencer.o
 .debug_abbrev  0x0000344d      0x23a Src/spi.o
 .debug_abbrev  0x00003687      0x204 Src/stm32f1xx_hal_msp.o
 .debug_abbrev  0x0000388b      0x21d Src/stm32f1xx_it.o
 .debug_abbrev  0x00003aa8      0x226 Src/system_stm32f1xx.o
 .debug_abbrev  0x00003cce      0x24f Src/tim.o
 .debug_abbrev  0x00003f1d      0x226 Src/usart.o
 .debug_abbrev  0x00004143       0x12 startup/startup_stm32f103xb.o

.debug_aranges  0x00000000     0x11c0
 .debug_aranges
                0x00000000       0xd0 Drivers/STM32F1xx_HAL_Driver/Src/stm32f1xx_hal.o
 .debug_aranges
                0x000000d0      0x100 Drivers/STM32F1xx_HAL_Driver/Src/stm32f1xx_hal_cortex.o
 .debug_aranges
                0x000001d0       0x80 Drivers/STM32F1xx_HAL_Driver/Src/stm32f1xx_hal_dma.o
 .debug_aranges
                0x00000250       0x58 Drivers/STM32F1xx_HAL_Driver/Src/stm32f1xx_hal_gpio.o
 .debug_aranges
                0x000002a8      0x268 Drivers/STM32F1xx_HAL_Driver/Src/stm32f1xx_hal_i2c.o
 .debug_aranges
                0x00000510       0x90 Drivers/STM32F1xx_HAL_Driver/Src/stm32f1xx_hal_rcc.o
 .debug_aranges
                0x000005a0      0x1d0 Drivers/STM32F1xx_HAL_Driver/Src/stm32f1xx_hal_spi.o
 .debug_aranges
                0x00000770       0x20 Drivers/STM32F1xx_HAL_Driver/Src/stm32f1xx_hal_spi_ex.o
 .debug_aranges
                0x00000790      0x368 Drivers/STM32F1xx_HAL_Driver/Src/stm32f1xx_hal_tim.o
 .debug_aranges
                0x00000af8      0x138 Drivers/STM32F1xx_HAL_Driver/Src/stm32f1xx_hal_tim_ex.o
 .debug_aranges
                0x00000c30      0x1d0 Drivers/STM32F1xx_HAL_Driver/Src/stm32f1xx_hal_uart.o
 .debug_aranges
                0x00000e00       0x28 Src/MCP23017.o
 .debug_aranges
                0x00000e28       0x30 Src/MCP_button.o
 .debug_aranges
                0x00000e58       0x60 Src/dig_LED.o
 .debug_aranges
                0x00000eb8       0x20 Src/dma.o
 .debug_aranges
                0x00000ed8       0x20 Src/gpio.o
 .debug_aranges
                0x00000ef8       0x30 Src/i2c.o
 .debug_aranges
                0x00000f28       0x90 Src/lcd.o
 .debug_aranges
                0x00000fb8       0x38 Src/main.o
 .debug_aranges
                0x00000ff0       0x30 Src/sequencer.o
 .debug_aranges
                0x00001020       0x38 Src/spi.o
 .debug_aranges
                0x00001058       0x20 Src/stm32f1xx_hal_msp.o
 .debug_aranges
                0x00001078       0x78 Src/stm32f1xx_it.o
 .debug_aranges
                0x000010f0       0x28 Src/system_stm32f1xx.o
 .debug_aranges
                0x00001118       0x50 Src/tim.o
 .debug_aranges
                0x00001168       0x30 Src/usart.o
 .debug_aranges
                0x00001198       0x28 startup/startup_stm32f103xb.o

.debug_ranges   0x00000000     0x1018
 .debug_ranges  0x00000000       0xc0 Drivers/STM32F1xx_HAL_Driver/Src/stm32f1xx_hal.o
 .debug_ranges  0x000000c0       0xf0 Drivers/STM32F1xx_HAL_Driver/Src/stm32f1xx_hal_cortex.o
 .debug_ranges  0x000001b0       0x70 Drivers/STM32F1xx_HAL_Driver/Src/stm32f1xx_hal_dma.o
 .debug_ranges  0x00000220       0x48 Drivers/STM32F1xx_HAL_Driver/Src/stm32f1xx_hal_gpio.o
 .debug_ranges  0x00000268      0x258 Drivers/STM32F1xx_HAL_Driver/Src/stm32f1xx_hal_i2c.o
 .debug_ranges  0x000004c0       0x80 Drivers/STM32F1xx_HAL_Driver/Src/stm32f1xx_hal_rcc.o
 .debug_ranges  0x00000540      0x1c0 Drivers/STM32F1xx_HAL_Driver/Src/stm32f1xx_hal_spi.o
 .debug_ranges  0x00000700       0x10 Drivers/STM32F1xx_HAL_Driver/Src/stm32f1xx_hal_spi_ex.o
 .debug_ranges  0x00000710      0x358 Drivers/STM32F1xx_HAL_Driver/Src/stm32f1xx_hal_tim.o
 .debug_ranges  0x00000a68      0x128 Drivers/STM32F1xx_HAL_Driver/Src/stm32f1xx_hal_tim_ex.o
 .debug_ranges  0x00000b90      0x1c0 Drivers/STM32F1xx_HAL_Driver/Src/stm32f1xx_hal_uart.o
 .debug_ranges  0x00000d50       0x18 Src/MCP23017.o
 .debug_ranges  0x00000d68       0x20 Src/MCP_button.o
 .debug_ranges  0x00000d88       0x50 Src/dig_LED.o
 .debug_ranges  0x00000dd8       0x10 Src/dma.o
 .debug_ranges  0x00000de8       0x10 Src/gpio.o
 .debug_ranges  0x00000df8       0x20 Src/i2c.o
 .debug_ranges  0x00000e18       0x80 Src/lcd.o
 .debug_ranges  0x00000e98       0x28 Src/main.o
 .debug_ranges  0x00000ec0       0x20 Src/sequencer.o
 .debug_ranges  0x00000ee0       0x28 Src/spi.o
 .debug_ranges  0x00000f08       0x10 Src/stm32f1xx_hal_msp.o
 .debug_ranges  0x00000f18       0x68 Src/stm32f1xx_it.o
 .debug_ranges  0x00000f80       0x18 Src/system_stm32f1xx.o
 .debug_ranges  0x00000f98       0x40 Src/tim.o
 .debug_ranges  0x00000fd8       0x20 Src/usart.o
 .debug_ranges  0x00000ff8       0x20 startup/startup_stm32f103xb.o

.debug_macro    0x00000000    0x18ca4
 .debug_macro   0x00000000      0x337 Drivers/STM32F1xx_HAL_Driver/Src/stm32f1xx_hal.o
 .debug_macro   0x00000337      0x8bc Drivers/STM32F1xx_HAL_Driver/Src/stm32f1xx_hal.o
 .debug_macro   0x00000bf3       0xd0 Drivers/STM32F1xx_HAL_Driver/Src/stm32f1xx_hal.o
 .debug_macro   0x00000cc3      0x17b Drivers/STM32F1xx_HAL_Driver/Src/stm32f1xx_hal.o
 .debug_macro   0x00000e3e       0x2e Drivers/STM32F1xx_HAL_Driver/Src/stm32f1xx_hal.o
 .debug_macro   0x00000e6c       0x22 Drivers/STM32F1xx_HAL_Driver/Src/stm32f1xx_hal.o
 .debug_macro   0x00000e8e       0x22 Drivers/STM32F1xx_HAL_Driver/Src/stm32f1xx_hal.o
 .debug_macro   0x00000eb0       0x87 Drivers/STM32F1xx_HAL_Driver/Src/stm32f1xx_hal.o
 .debug_macro   0x00000f37       0x51 Drivers/STM32F1xx_HAL_Driver/Src/stm32f1xx_hal.o
 .debug_macro   0x00000f88       0xef Drivers/STM32F1xx_HAL_Driver/Src/stm32f1xx_hal.o
 .debug_macro   0x00001077       0x6a Drivers/STM32F1xx_HAL_Driver/Src/stm32f1xx_hal.o
 .debug_macro   0x000010e1      0x1df Drivers/STM32F1xx_HAL_Driver/Src/stm32f1xx_hal.o
 .debug_macro   0x000012c0       0x34 Drivers/STM32F1xx_HAL_Driver/Src/stm32f1xx_hal.o
 .debug_macro   0x000012f4       0x34 Drivers/STM32F1xx_HAL_Driver/Src/stm32f1xx_hal.o
 .debug_macro   0x00001328      0xb8e Drivers/STM32F1xx_HAL_Driver/Src/stm32f1xx_hal.o
 .debug_macro   0x00001eb6     0xe90a Drivers/STM32F1xx_HAL_Driver/Src/stm32f1xx_hal.o
 .debug_macro   0x000107c0       0x43 Drivers/STM32F1xx_HAL_Driver/Src/stm32f1xx_hal.o
 .debug_macro   0x00010803       0x58 Drivers/STM32F1xx_HAL_Driver/Src/stm32f1xx_hal.o
 .debug_macro   0x0001085b       0x35 Drivers/STM32F1xx_HAL_Driver/Src/stm32f1xx_hal.o
 .debug_macro   0x00010890       0x9c Drivers/STM32F1xx_HAL_Driver/Src/stm32f1xx_hal.o
 .debug_macro   0x0001092c       0x16 Drivers/STM32F1xx_HAL_Driver/Src/stm32f1xx_hal.o
 .debug_macro   0x00010942       0x97 Drivers/STM32F1xx_HAL_Driver/Src/stm32f1xx_hal.o
 .debug_macro   0x000109d9      0x330 Drivers/STM32F1xx_HAL_Driver/Src/stm32f1xx_hal.o
 .debug_macro   0x00010d09       0xfd Drivers/STM32F1xx_HAL_Driver/Src/stm32f1xx_hal.o
 .debug_macro   0x00010e06       0x10 Drivers/STM32F1xx_HAL_Driver/Src/stm32f1xx_hal.o
 .debug_macro   0x00010e16       0x58 Drivers/STM32F1xx_HAL_Driver/Src/stm32f1xx_hal.o
 .debug_macro   0x00010e6e       0x1f Drivers/STM32F1xx_HAL_Driver/Src/stm32f1xx_hal.o
 .debug_macro   0x00010e8d       0x43 Drivers/STM32F1xx_HAL_Driver/Src/stm32f1xx_hal.o
 .debug_macro   0x00010ed0       0x20 Drivers/STM32F1xx_HAL_Driver/Src/stm32f1xx_hal.o
 .debug_macro   0x00010ef0      0x187 Drivers/STM32F1xx_HAL_Driver/Src/stm32f1xx_hal.o
 .debug_macro   0x00011077       0x10 Drivers/STM32F1xx_HAL_Driver/Src/stm32f1xx_hal.o
 .debug_macro   0x00011087       0x1c Drivers/STM32F1xx_HAL_Driver/Src/stm32f1xx_hal.o
 .debug_macro   0x000110a3       0x52 Drivers/STM32F1xx_HAL_Driver/Src/stm32f1xx_hal.o
 .debug_macro   0x000110f5       0x40 Drivers/STM32F1xx_HAL_Driver/Src/stm32f1xx_hal.o
 .debug_macro   0x00011135       0x10 Drivers/STM32F1xx_HAL_Driver/Src/stm32f1xx_hal.o
 .debug_macro   0x00011145       0x40 Drivers/STM32F1xx_HAL_Driver/Src/stm32f1xx_hal.o
 .debug_macro   0x00011185       0xd7 Drivers/STM32F1xx_HAL_Driver/Src/stm32f1xx_hal.o
 .debug_macro   0x0001125c       0x16 Drivers/STM32F1xx_HAL_Driver/Src/stm32f1xx_hal.o
 .debug_macro   0x00011272      0x18b Drivers/STM32F1xx_HAL_Driver/Src/stm32f1xx_hal.o
 .debug_macro   0x000113fd       0x50 Drivers/STM32F1xx_HAL_Driver/Src/stm32f1xx_hal.o
 .debug_macro   0x0001144d      0x5c2 Drivers/STM32F1xx_HAL_Driver/Src/stm32f1xx_hal.o
 .debug_macro   0x00011a0f      0x28a Drivers/STM32F1xx_HAL_Driver/Src/stm32f1xx_hal.o
 .debug_macro   0x00011c99      0x1cb Drivers/STM32F1xx_HAL_Driver/Src/stm32f1xx_hal.o
 .debug_macro   0x00011e64      0x11e Drivers/STM32F1xx_HAL_Driver/Src/stm32f1xx_hal.o
 .debug_macro   0x00011f82      0x1b3 Drivers/STM32F1xx_HAL_Driver/Src/stm32f1xx_hal.o
 .debug_macro   0x00012135       0x27 Drivers/STM32F1xx_HAL_Driver/Src/stm32f1xx_hal.o
 .debug_macro   0x0001215c      0x1bc Drivers/STM32F1xx_HAL_Driver/Src/stm32f1xx_hal.o
 .debug_macro   0x00012318       0x34 Drivers/STM32F1xx_HAL_Driver/Src/stm32f1xx_hal.o
 .debug_macro   0x0001234c       0x3c Drivers/STM32F1xx_HAL_Driver/Src/stm32f1xx_hal.o
 .debug_macro   0x00012388       0x57 Drivers/STM32F1xx_HAL_Driver/Src/stm32f1xx_hal.o
 .debug_macro   0x000123df       0x8c Drivers/STM32F1xx_HAL_Driver/Src/stm32f1xx_hal.o
 .debug_macro   0x0001246b      0x242 Drivers/STM32F1xx_HAL_Driver/Src/stm32f1xx_hal.o
 .debug_macro   0x000126ad      0x264 Drivers/STM32F1xx_HAL_Driver/Src/stm32f1xx_hal.o
 .debug_macro   0x00012911      0x143 Drivers/STM32F1xx_HAL_Driver/Src/stm32f1xx_hal.o
 .debug_macro   0x00012a54      0x1f4 Drivers/STM32F1xx_HAL_Driver/Src/stm32f1xx_hal.o
 .debug_macro   0x00012c48      0x84c Drivers/STM32F1xx_HAL_Driver/Src/stm32f1xx_hal.o
 .debug_macro   0x00013494       0x1f Drivers/STM32F1xx_HAL_Driver/Src/stm32f1xx_hal.o
 .debug_macro   0x000134b3      0x26b Drivers/STM32F1xx_HAL_Driver/Src/stm32f1xx_hal.o
 .debug_macro   0x0001371e       0x83 Drivers/STM32F1xx_HAL_Driver/Src/stm32f1xx_hal.o
 .debug_macro   0x000137a1      0x313 Drivers/STM32F1xx_HAL_Driver/Src/stm32f1xx_hal_cortex.o
 .debug_macro   0x00013ab4      0x313 Drivers/STM32F1xx_HAL_Driver/Src/stm32f1xx_hal_dma.o
 .debug_macro   0x00013dc7      0x383 Drivers/STM32F1xx_HAL_Driver/Src/stm32f1xx_hal_gpio.o
 .debug_macro   0x0001414a      0x353 Drivers/STM32F1xx_HAL_Driver/Src/stm32f1xx_hal_i2c.o
 .debug_macro   0x0001449d      0x325 Drivers/STM32F1xx_HAL_Driver/Src/stm32f1xx_hal_rcc.o
 .debug_macro   0x000147c2      0x31b Drivers/STM32F1xx_HAL_Driver/Src/stm32f1xx_hal_spi.o
 .debug_macro   0x00014add      0x313 Drivers/STM32F1xx_HAL_Driver/Src/stm32f1xx_hal_spi_ex.o
 .debug_macro   0x00014df0      0x313 Drivers/STM32F1xx_HAL_Driver/Src/stm32f1xx_hal_tim.o
 .debug_macro   0x00015103      0x313 Drivers/STM32F1xx_HAL_Driver/Src/stm32f1xx_hal_tim_ex.o
 .debug_macro   0x00015416      0x314 Drivers/STM32F1xx_HAL_Driver/Src/stm32f1xx_hal_uart.o
 .debug_macro   0x0001572a      0x335 Src/MCP23017.o
 .debug_macro   0x00015a5f       0x16 Src/MCP23017.o
 .debug_macro   0x00015a75       0xe8 Src/MCP23017.o
 .debug_macro   0x00015b5d      0x33e Src/MCP_button.o
 .debug_macro   0x00015e9b       0x10 Src/MCP_button.o
 .debug_macro   0x00015eab       0x3a Src/MCP_button.o
 .debug_macro   0x00015ee5       0x28 Src/MCP_button.o
 .debug_macro   0x00015f0d      0x33d Src/dig_LED.o
 .debug_macro   0x0001624a       0x52 Src/dig_LED.o
 .debug_macro   0x0001629c       0x8d Src/dig_LED.o
 .debug_macro   0x00016329       0x57 Src/dig_LED.o
 .debug_macro   0x00016380       0x16 Src/dig_LED.o
 .debug_macro   0x00016396       0x35 Src/dig_LED.o
 .debug_macro   0x000163cb       0x52 Src/dig_LED.o
 .debug_macro   0x0001641d      0x31d Src/dma.o
 .debug_macro   0x0001673a      0x314 Src/gpio.o
 .debug_macro   0x00016a4e      0x321 Src/i2c.o
 .debug_macro   0x00016d6f      0x31c Src/lcd.o
 .debug_macro   0x0001708b       0xc4 Src/lcd.o
 .debug_macro   0x0001714f      0x414 Src/main.o
 .debug_macro   0x00017563       0x16 Src/main.o
 .debug_macro   0x00017579       0x16 Src/main.o
 .debug_macro   0x0001758f       0x29 Src/main.o
 .debug_macro   0x000175b8       0x3a Src/main.o
 .debug_macro   0x000175f2       0x2e Src/main.o
 .debug_macro   0x00017620      0x3b1 Src/sequencer.o
 .debug_macro   0x000179d1      0x321 Src/spi.o
 .debug_macro   0x00017cf2      0x313 Src/stm32f1xx_hal_msp.o
 .debug_macro   0x00018005      0x339 Src/stm32f1xx_it.o
 .debug_macro   0x0001833e      0x31e Src/system_stm32f1xx.o
 .debug_macro   0x0001865c      0x327 Src/tim.o
 .debug_macro   0x00018983      0x321 Src/usart.o

.debug_line     0x00000000    0x10b0b
 .debug_line    0x00000000      0x8f0 Drivers/STM32F1xx_HAL_Driver/Src/stm32f1xx_hal.o
 .debug_line    0x000008f0      0x9df Drivers/STM32F1xx_HAL_Driver/Src/stm32f1xx_hal_cortex.o
 .debug_line    0x000012cf      0xb76 Drivers/STM32F1xx_HAL_Driver/Src/stm32f1xx_hal_dma.o
 .debug_line    0x00001e45      0x928 Drivers/STM32F1xx_HAL_Driver/Src/stm32f1xx_hal_gpio.o
 .debug_line    0x0000276d     0x17ea Drivers/STM32F1xx_HAL_Driver/Src/stm32f1xx_hal_i2c.o
 .debug_line    0x00003f57      0x9d6 Drivers/STM32F1xx_HAL_Driver/Src/stm32f1xx_hal_rcc.o
 .debug_line    0x0000492d     0x10af Drivers/STM32F1xx_HAL_Driver/Src/stm32f1xx_hal_spi.o
 .debug_line    0x000059dc      0x75c Drivers/STM32F1xx_HAL_Driver/Src/stm32f1xx_hal_spi_ex.o
 .debug_line    0x00006138     0x16ba Drivers/STM32F1xx_HAL_Driver/Src/stm32f1xx_hal_tim.o
 .debug_line    0x000077f2      0xcad Drivers/STM32F1xx_HAL_Driver/Src/stm32f1xx_hal_tim_ex.o
 .debug_line    0x0000849f     0x1001 Drivers/STM32F1xx_HAL_Driver/Src/stm32f1xx_hal_uart.o
 .debug_line    0x000094a0      0x7bc Src/MCP23017.o
 .debug_line    0x00009c5c      0x7c8 Src/MCP_button.o
 .debug_line    0x0000a424      0x9f5 Src/dig_LED.o
 .debug_line    0x0000ae19      0x724 Src/dma.o
 .debug_line    0x0000b53d      0x728 Src/gpio.o
 .debug_line    0x0000bc65      0x75a Src/i2c.o
 .debug_line    0x0000c3bf      0x8a1 Src/lcd.o
 .debug_line    0x0000cc60      0x858 Src/main.o
 .debug_line    0x0000d4b8      0x853 Src/sequencer.o
 .debug_line    0x0000dd0b      0x790 Src/spi.o
 .debug_line    0x0000e49b      0x732 Src/stm32f1xx_hal_msp.o
 .debug_line    0x0000ebcd      0x829 Src/stm32f1xx_it.o
 .debug_line    0x0000f3f6      0x766 Src/system_stm32f1xx.o
 .debug_line    0x0000fb5c      0x7d3 Src/tim.o
 .debug_line    0x0001032f      0x75f Src/usart.o
 .debug_line    0x00010a8e       0x7d startup/startup_stm32f103xb.o

.debug_str      0x00000000    0x76122
 .debug_str     0x00000000    0x71160 Drivers/STM32F1xx_HAL_Driver/Src/stm32f1xx_hal.o
                              0x714fd (size before relaxing)
 .debug_str     0x00071160      0x326 Drivers/STM32F1xx_HAL_Driver/Src/stm32f1xx_hal_cortex.o
                              0x71497 (size before relaxing)
 .debug_str     0x00071486      0x3e6 Drivers/STM32F1xx_HAL_Driver/Src/stm32f1xx_hal_dma.o
                              0x711ef (size before relaxing)
 .debug_str     0x0007186c      0x3a5 Drivers/STM32F1xx_HAL_Driver/Src/stm32f1xx_hal_gpio.o
                              0x711de (size before relaxing)
 .debug_str     0x00071c11      0xcd8 Drivers/STM32F1xx_HAL_Driver/Src/stm32f1xx_hal_i2c.o
                              0x71cd4 (size before relaxing)
 .debug_str     0x000728e9      0x35d Drivers/STM32F1xx_HAL_Driver/Src/stm32f1xx_hal_rcc.o
                              0x7120c (size before relaxing)
 .debug_str     0x00072c46      0x6ab Drivers/STM32F1xx_HAL_Driver/Src/stm32f1xx_hal_spi.o
                              0x716b4 (size before relaxing)
 .debug_str     0x000732f1       0x3b Drivers/STM32F1xx_HAL_Driver/Src/stm32f1xx_hal_spi_ex.o
                              0x711af (size before relaxing)
 .debug_str     0x0007332c      0xed7 Drivers/STM32F1xx_HAL_Driver/Src/stm32f1xx_hal_tim.o
                              0x71ede (size before relaxing)
 .debug_str     0x00074203      0x527 Drivers/STM32F1xx_HAL_Driver/Src/stm32f1xx_hal_tim_ex.o
                              0x7177b (size before relaxing)
 .debug_str     0x0007472a      0x675 Drivers/STM32F1xx_HAL_Driver/Src/stm32f1xx_hal_uart.o
                              0x716e6 (size before relaxing)
 .debug_str     0x00074d9f      0x3b2 Src/MCP23017.o
                              0x7159f (size before relaxing)
 .debug_str     0x00075151      0x10b Src/MCP_button.o
                              0x71656 (size before relaxing)
 .debug_str     0x0007525c      0x2a6 Src/dig_LED.o
                              0x713e2 (size before relaxing)
 .debug_str     0x00075502       0x22 Src/dma.o
                              0x70de5 (size before relaxing)
 .debug_str     0x00075524       0x2b Src/gpio.o
                              0x70e56 (size before relaxing)
 .debug_str     0x0007554f       0x24 Src/i2c.o
                              0x712eb (size before relaxing)
 .debug_str     0x00075573      0x563 Src/lcd.o
                              0x71327 (size before relaxing)
 .debug_str     0x00075ad6      0x3be Src/main.o
                              0x728c6 (size before relaxing)
 .debug_str     0x00075e94       0x3c Src/sequencer.o
                              0x719b5 (size before relaxing)
 .debug_str     0x00075ed0       0x31 Src/spi.o
                              0x71516 (size before relaxing)
 .debug_str     0x00075f01       0x1b Src/stm32f1xx_hal_msp.o
                              0x710ed (size before relaxing)
 .debug_str     0x00075f1c      0x103 Src/stm32f1xx_it.o
                              0x719aa (size before relaxing)
 .debug_str     0x0007601f       0x69 Src/system_stm32f1xx.o
                              0x70e89 (size before relaxing)
 .debug_str     0x00076088       0x6c Src/tim.o
                              0x716bd (size before relaxing)
 .debug_str     0x000760f4       0x2e Src/usart.o
                              0x71216 (size before relaxing)

.comment        0x00000000       0x7f
 .comment       0x00000000       0x7f Drivers/STM32F1xx_HAL_Driver/Src/stm32f1xx_hal.o
                                 0x80 (size before relaxing)
 .comment       0x0000007f       0x80 Drivers/STM32F1xx_HAL_Driver/Src/stm32f1xx_hal_cortex.o
 .comment       0x0000007f       0x80 Drivers/STM32F1xx_HAL_Driver/Src/stm32f1xx_hal_dma.o
 .comment       0x0000007f       0x80 Drivers/STM32F1xx_HAL_Driver/Src/stm32f1xx_hal_gpio.o
 .comment       0x0000007f       0x80 Drivers/STM32F1xx_HAL_Driver/Src/stm32f1xx_hal_i2c.o
 .comment       0x0000007f       0x80 Drivers/STM32F1xx_HAL_Driver/Src/stm32f1xx_hal_rcc.o
 .comment       0x0000007f       0x80 Drivers/STM32F1xx_HAL_Driver/Src/stm32f1xx_hal_spi.o
 .comment       0x0000007f       0x80 Drivers/STM32F1xx_HAL_Driver/Src/stm32f1xx_hal_spi_ex.o
 .comment       0x0000007f       0x80 Drivers/STM32F1xx_HAL_Driver/Src/stm32f1xx_hal_tim.o
 .comment       0x0000007f       0x80 Drivers/STM32F1xx_HAL_Driver/Src/stm32f1xx_hal_tim_ex.o
 .comment       0x0000007f       0x80 Drivers/STM32F1xx_HAL_Driver/Src/stm32f1xx_hal_uart.o
 .comment       0x0000007f       0x80 Src/MCP23017.o
 .comment       0x0000007f       0x80 Src/MCP_button.o
 .comment       0x0000007f       0x80 Src/dig_LED.o
 .comment       0x0000007f       0x80 Src/dma.o
 .comment       0x0000007f       0x80 Src/gpio.o
 .comment       0x0000007f       0x80 Src/i2c.o
 .comment       0x0000007f       0x80 Src/lcd.o
 .comment       0x0000007f       0x80 Src/main.o
 .comment       0x0000007f       0x80 Src/sequencer.o
 .comment       0x0000007f       0x80 Src/spi.o
 .comment       0x0000007f       0x80 Src/stm32f1xx_hal_msp.o
 .comment       0x0000007f       0x80 Src/stm32f1xx_it.o
 .comment       0x0000007f       0x80 Src/system_stm32f1xx.o
 .comment       0x0000007f       0x80 Src/tim.o
 .comment       0x0000007f       0x80 Src/usart.o

.debug_frame    0x00000000     0x4804
 .debug_frame   0x00000000      0x2fc Drivers/STM32F1xx_HAL_Driver/Src/stm32f1xx_hal.o
 .debug_frame   0x000002fc      0x428 Drivers/STM32F1xx_HAL_Driver/Src/stm32f1xx_hal_cortex.o
 .debug_frame   0x00000724      0x208 Drivers/STM32F1xx_HAL_Driver/Src/stm32f1xx_hal_dma.o
 .debug_frame   0x0000092c      0x14c Drivers/STM32F1xx_HAL_Driver/Src/stm32f1xx_hal_gpio.o
 .debug_frame   0x00000a78      0xb30 Drivers/STM32F1xx_HAL_Driver/Src/stm32f1xx_hal_i2c.o
 .debug_frame   0x000015a8      0x21c Drivers/STM32F1xx_HAL_Driver/Src/stm32f1xx_hal_rcc.o
 .debug_frame   0x000017c4      0x824 Drivers/STM32F1xx_HAL_Driver/Src/stm32f1xx_hal_spi.o
 .debug_frame   0x00001fe8       0x34 Drivers/STM32F1xx_HAL_Driver/Src/stm32f1xx_hal_spi_ex.o
 .debug_frame   0x0000201c      0xfb4 Drivers/STM32F1xx_HAL_Driver/Src/stm32f1xx_hal_tim.o
 .debug_frame   0x00002fd0      0x54c Drivers/STM32F1xx_HAL_Driver/Src/stm32f1xx_hal_tim_ex.o
 .debug_frame   0x0000351c      0x83c Drivers/STM32F1xx_HAL_Driver/Src/stm32f1xx_hal_uart.o
 .debug_frame   0x00003d58       0x5c Src/MCP23017.o
 .debug_frame   0x00003db4       0x80 Src/MCP_button.o
 .debug_frame   0x00003e34      0x18c Src/dig_LED.o
 .debug_frame   0x00003fc0       0x38 Src/dma.o
 .debug_frame   0x00003ff8       0x34 Src/gpio.o
 .debug_frame   0x0000402c       0x74 Src/i2c.o
 .debug_frame   0x000040a0      0x220 Src/lcd.o
 .debug_frame   0x000042c0       0x8c Src/main.o
 .debug_frame   0x0000434c       0x90 Src/sequencer.o
 .debug_frame   0x000043dc       0x90 Src/spi.o
 .debug_frame   0x0000446c       0x34 Src/stm32f1xx_hal_msp.o
 .debug_frame   0x000044a0      0x160 Src/stm32f1xx_it.o
 .debug_frame   0x00004600       0x58 Src/system_stm32f1xx.o
 .debug_frame   0x00004658      0x10c Src/tim.o
 .debug_frame   0x00004764       0x74 Src/usart.o
 .debug_frame   0x000047d8       0x2c c:/ac6/systemworkbench/plugins/fr.ac6.mcu.externaltools.arm-none.win32_1.15.0.201708311556/tools/compiler/bin/../lib/gcc/arm-none-eabi/6.3.1/../../../../arm-none-eabi/lib/thumb/v7-m\libc_nano.a(lib_a-init.o)
