Archive member included to satisfy reference by file (symbol)

c:/ac6/systemworkbench/plugins/fr.ac6.mcu.externaltools.arm-none.win32_1.15.0.201708311556/tools/compiler/bin/../lib/gcc/arm-none-eabi/6.3.1/thumb/v7-m\libgcc.a(_arm_addsubdf3.o)
                              Src/dig_LED.o (__aeabi_dsub)
c:/ac6/systemworkbench/plugins/fr.ac6.mcu.externaltools.arm-none.win32_1.15.0.201708311556/tools/compiler/bin/../lib/gcc/arm-none-eabi/6.3.1/thumb/v7-m\libgcc.a(_arm_muldivdf3.o)
                              Src/dig_LED.o (__aeabi_dmul)
c:/ac6/systemworkbench/plugins/fr.ac6.mcu.externaltools.arm-none.win32_1.15.0.201708311556/tools/compiler/bin/../lib/gcc/arm-none-eabi/6.3.1/thumb/v7-m\libgcc.a(_arm_cmpdf2.o)
                              Src/dig_LED.o (__aeabi_dcmplt)
c:/ac6/systemworkbench/plugins/fr.ac6.mcu.externaltools.arm-none.win32_1.15.0.201708311556/tools/compiler/bin/../lib/gcc/arm-none-eabi/6.3.1/thumb/v7-m\libgcc.a(_arm_fixdfsi.o)
                              Src/dig_LED.o (__aeabi_d2iz)
c:/ac6/systemworkbench/plugins/fr.ac6.mcu.externaltools.arm-none.win32_1.15.0.201708311556/tools/compiler/bin/../lib/gcc/arm-none-eabi/6.3.1/thumb/v7-m\libgcc.a(_arm_fixunsdfsi.o)
                              Src/main.o (__aeabi_d2uiz)
c:/ac6/systemworkbench/plugins/fr.ac6.mcu.externaltools.arm-none.win32_1.15.0.201708311556/tools/compiler/bin/../lib/gcc/arm-none-eabi/6.3.1/../../../../arm-none-eabi/lib/thumb/v7-m\libc_nano.a(lib_a-errno.o)
                              Src/syscalls.o (__errno)
c:/ac6/systemworkbench/plugins/fr.ac6.mcu.externaltools.arm-none.win32_1.15.0.201708311556/tools/compiler/bin/../lib/gcc/arm-none-eabi/6.3.1/../../../../arm-none-eabi/lib/thumb/v7-m\libc_nano.a(lib_a-exit.o)
                              c:/ac6/systemworkbench/plugins/fr.ac6.mcu.externaltools.arm-none.win32_1.15.0.201708311556/tools/compiler/bin/../lib/gcc/arm-none-eabi/6.3.1/../../../../arm-none-eabi/lib/thumb/v7-m/crt0.o (exit)
c:/ac6/systemworkbench/plugins/fr.ac6.mcu.externaltools.arm-none.win32_1.15.0.201708311556/tools/compiler/bin/../lib/gcc/arm-none-eabi/6.3.1/../../../../arm-none-eabi/lib/thumb/v7-m\libc_nano.a(lib_a-impure.o)
                              c:/ac6/systemworkbench/plugins/fr.ac6.mcu.externaltools.arm-none.win32_1.15.0.201708311556/tools/compiler/bin/../lib/gcc/arm-none-eabi/6.3.1/../../../../arm-none-eabi/lib/thumb/v7-m\libc_nano.a(lib_a-exit.o) (_global_impure_ptr)
c:/ac6/systemworkbench/plugins/fr.ac6.mcu.externaltools.arm-none.win32_1.15.0.201708311556/tools/compiler/bin/../lib/gcc/arm-none-eabi/6.3.1/../../../../arm-none-eabi/lib/thumb/v7-m\libc_nano.a(lib_a-init.o)
                              c:/ac6/systemworkbench/plugins/fr.ac6.mcu.externaltools.arm-none.win32_1.15.0.201708311556/tools/compiler/bin/../lib/gcc/arm-none-eabi/6.3.1/../../../../arm-none-eabi/lib/thumb/v7-m/crt0.o (__libc_init_array)
c:/ac6/systemworkbench/plugins/fr.ac6.mcu.externaltools.arm-none.win32_1.15.0.201708311556/tools/compiler/bin/../lib/gcc/arm-none-eabi/6.3.1/../../../../arm-none-eabi/lib/thumb/v7-m\libc_nano.a(lib_a-memset.o)
                              c:/ac6/systemworkbench/plugins/fr.ac6.mcu.externaltools.arm-none.win32_1.15.0.201708311556/tools/compiler/bin/../lib/gcc/arm-none-eabi/6.3.1/../../../../arm-none-eabi/lib/thumb/v7-m/crt0.o (memset)

Allocating common symbols
Common symbol       size              file

mcpB1               0x1               Src/MCP_encoder.o
hspi2               0x58              Src/spi.o
htim4               0x40              Src/tim.o
mcpB2               0x1               Src/MCP_encoder.o
hi2c2               0x54              Src/i2c.o
encoders            0x80              Src/MCP_encoder.o
hdma_tim2_ch2_ch4   0x44              Src/tim.o
uwTick              0x4               Drivers/STM32F1xx_HAL_Driver/Src/stm32f1xx_hal.o
pFlash              0x20              Drivers/STM32F1xx_HAL_Driver/Src/stm32f1xx_hal_flash.o
led_hsv             0x180             Src/main.o
state               0x1               Src/main.o
led_rgb             0x180             Src/main.o
mcpA1               0x1               Src/MCP_encoder.o
huart1              0x40              Src/usart.o
buttonMsg           0x3               Src/MCP_button.o
btns                0x20              Src/main.o
mcpA2               0x1               Src/MCP_encoder.o
buttons             0x80              Src/MCP_button.o
MCP_Bstate          0x1               Src/MCP23017.o
buf                 0x194             Src/main.o
hspi1               0x58              Src/spi.o
htim2               0x40              Src/tim.o
time_periods        0x140             Src/main.o
MCP_Astate          0x1               Src/MCP23017.o

Discarded input sections

 .text          0x00000000        0x0 c:/ac6/systemworkbench/plugins/fr.ac6.mcu.externaltools.arm-none.win32_1.15.0.201708311556/tools/compiler/bin/../lib/gcc/arm-none-eabi/6.3.1/thumb/v7-m/crti.o
[...]
Memory Configuration

Name             Origin             Length             Attributes
RAM              0x20000000         0x00005000         xrw
FLASH            0x08000000         0x00010000         xr
*default*        0x00000000         0xffffffff

Linker script and memory map

LOAD c:/ac6/systemworkbench/plugins/fr.ac6.mcu.externaltools.arm-none.win32_1.15.0.201708311556/tools/compiler/bin/../lib/gcc/arm-none-eabi/6.3.1/thumb/v7-m/crti.o
LOAD c:/ac6/systemworkbench/plugins/fr.ac6.mcu.externaltools.arm-none.win32_1.15.0.201708311556/tools/compiler/bin/../lib/gcc/arm-none-eabi/6.3.1/thumb/v7-m/crtbegin.o
LOAD c:/ac6/systemworkbench/plugins/fr.ac6.mcu.externaltools.arm-none.win32_1.15.0.201708311556/tools/compiler/bin/../lib/gcc/arm-none-eabi/6.3.1/../../../../arm-none-eabi/lib/thumb/v7-m/crt0.o
LOAD Drivers/STM32F1xx_HAL_Driver/Src/stm32f1xx_hal.o
LOAD Drivers/STM32F1xx_HAL_Driver/Src/stm32f1xx_hal_cortex.o
LOAD Drivers/STM32F1xx_HAL_Driver/Src/stm32f1xx_hal_dma.o
LOAD Drivers/STM32F1xx_HAL_Driver/Src/stm32f1xx_hal_flash.o
LOAD Drivers/STM32F1xx_HAL_Driver/Src/stm32f1xx_hal_flash_ex.o
LOAD Drivers/STM32F1xx_HAL_Driver/Src/stm32f1xx_hal_gpio.o
LOAD Drivers/STM32F1xx_HAL_Driver/Src/stm32f1xx_hal_gpio_ex.o
LOAD Drivers/STM32F1xx_HAL_Driver/Src/stm32f1xx_hal_i2c.o
LOAD Drivers/STM32F1xx_HAL_Driver/Src/stm32f1xx_hal_pwr.o
LOAD Drivers/STM32F1xx_HAL_Driver/Src/stm32f1xx_hal_rcc.o
LOAD Drivers/STM32F1xx_HAL_Driver/Src/stm32f1xx_hal_rcc_ex.o
LOAD Drivers/STM32F1xx_HAL_Driver/Src/stm32f1xx_hal_spi.o
LOAD Drivers/STM32F1xx_HAL_Driver/Src/stm32f1xx_hal_spi_ex.o
LOAD Drivers/STM32F1xx_HAL_Driver/Src/stm32f1xx_hal_tim.o
LOAD Drivers/STM32F1xx_HAL_Driver/Src/stm32f1xx_hal_tim_ex.o
LOAD Drivers/STM32F1xx_HAL_Driver/Src/stm32f1xx_hal_uart.o
LOAD Src/MCP23017.o
LOAD Src/MCP_button.o
LOAD Src/MCP_encoder.o
LOAD Src/button.o
LOAD Src/dig_LED.o
LOAD Src/dma.o
LOAD Src/encoder.o
LOAD Src/gpio.o
LOAD Src/i2c.o
LOAD Src/lcd.o
LOAD Src/main.o
LOAD Src/reg.o
LOAD Src/sequencer.o
LOAD Src/spi.o
LOAD Src/stm32f1xx_hal_msp.o
LOAD Src/stm32f1xx_it.o
LOAD Src/syscalls.o
LOAD Src/system_stm32f1xx.o
LOAD Src/tim.o
LOAD Src/usart.o
LOAD startup/startup_stm32f103xb.o
LOAD c:/ac6/systemworkbench/plugins/fr.ac6.mcu.externaltools.arm-none.win32_1.15.0.201708311556/tools/compiler/bin/../lib/gcc/arm-none-eabi/6.3.1/../../../../arm-none-eabi/lib/thumb/v7-m\libm.a
START GROUP
LOAD c:/ac6/systemworkbench/plugins/fr.ac6.mcu.externaltools.arm-none.win32_1.15.0.201708311556/tools/compiler/bin/../lib/gcc/arm-none-eabi/6.3.1/thumb/v7-m\libgcc.a
LOAD c:/ac6/systemworkbench/plugins/fr.ac6.mcu.externaltools.arm-none.win32_1.15.0.201708311556/tools/compiler/bin/../lib/gcc/arm-none-eabi/6.3.1/../../../../arm-none-eabi/lib/thumb/v7-m\libc_nano.a
END GROUP
START GROUP
LOAD c:/ac6/systemworkbench/plugins/fr.ac6.mcu.externaltools.arm-none.win32_1.15.0.201708311556/tools/compiler/bin/../lib/gcc/arm-none-eabi/6.3.1/thumb/v7-m\libgcc.a
LOAD c:/ac6/systemworkbench/plugins/fr.ac6.mcu.externaltools.arm-none.win32_1.15.0.201708311556/tools/compiler/bin/../lib/gcc/arm-none-eabi/6.3.1/../../../../arm-none-eabi/lib/thumb/v7-m\libc_nano.a
LOAD c:/ac6/systemworkbench/plugins/fr.ac6.mcu.externaltools.arm-none.win32_1.15.0.201708311556/tools/compiler/bin/../lib/gcc/arm-none-eabi/6.3.1/../../../../arm-none-eabi/lib/thumb/v7-m\libnosys.a
END GROUP
START GROUP
LOAD c:/ac6/systemworkbench/plugins/fr.ac6.mcu.externaltools.arm-none.win32_1.15.0.201708311556/tools/compiler/bin/../lib/gcc/arm-none-eabi/6.3.1/thumb/v7-m\libgcc.a
LOAD c:/ac6/systemworkbench/plugins/fr.ac6.mcu.externaltools.arm-none.win32_1.15.0.201708311556/tools/compiler/bin/../lib/gcc/arm-none-eabi/6.3.1/../../../../arm-none-eabi/lib/thumb/v7-m\libc_nano.a
LOAD c:/ac6/systemworkbench/plugins/fr.ac6.mcu.externaltools.arm-none.win32_1.15.0.201708311556/tools/compiler/bin/../lib/gcc/arm-none-eabi/6.3.1/../../../../arm-none-eabi/lib/thumb/v7-m\libnosys.a
END GROUP
LOAD c:/ac6/systemworkbench/plugins/fr.ac6.mcu.externaltools.arm-none.win32_1.15.0.201708311556/tools/compiler/bin/../lib/gcc/arm-none-eabi/6.3.1/thumb/v7-m/crtend.o
LOAD c:/ac6/systemworkbench/plugins/fr.ac6.mcu.externaltools.arm-none.win32_1.15.0.201708311556/tools/compiler/bin/../lib/gcc/arm-none-eabi/6.3.1/thumb/v7-m/crtn.o
                0x20005000                _estack = 0x20005000
                0x00000200                _Min_Heap_Size = 0x200
                0x00000400                _Min_Stack_Size = 0x400

.isr_vector     0x08000000      0x10c
                0x08000000                . = ALIGN (0x4)
 *(.isr_vector)
 .isr_vector    0x08000000      0x10c startup/startup_stm32f103xb.o
                0x08000000                g_pfnVectors
                0x0800010c                . = ALIGN (0x4)

.text           0x08000110     0x5d04
                0x08000110                . = ALIGN (0x4)
 *(.text)
 .text          0x08000110       0x6c c:/ac6/systemworkbench/plugins/fr.ac6.mcu.externaltools.arm-none.win32_1.15.0.201708311556/tools/compiler/bin/../lib/gcc/arm-none-eabi/6.3.1/thumb/v7-m/crtbegin.o
 .text          0x0800017c      0x370 c:/ac6/systemworkbench/plugins/fr.ac6.mcu.externaltools.arm-none.win32_1.15.0.201708311556/tools/compiler/bin/../lib/gcc/arm-none-eabi/6.3.1/thumb/v7-m\libgcc.a(_arm_addsubdf3.o)
                0x0800017c                __aeabi_drsub
                0x08000184                __aeabi_dsub
                0x08000184                __subdf3
                0x08000188                __aeabi_dadd
                0x08000188                __adddf3
                0x08000400                __floatunsidf
                0x08000400                __aeabi_ui2d
                0x08000420                __floatsidf
                0x08000420                __aeabi_i2d
                0x08000444                __aeabi_f2d
                0x08000444                __extendsfdf2
                0x08000480                __floatundidf
                0x08000480                __aeabi_ul2d
                0x08000490                __floatdidf
                0x08000490                __aeabi_l2d
 .text          0x080004ec      0x424 c:/ac6/systemworkbench/plugins/fr.ac6.mcu.externaltools.arm-none.win32_1.15.0.201708311556/tools/compiler/bin/../lib/gcc/arm-none-eabi/6.3.1/thumb/v7-m\libgcc.a(_arm_muldivdf3.o)
                0x080004ec                __aeabi_dmul
                0x080004ec                __muldf3
                0x08000740                __divdf3
                0x08000740                __aeabi_ddiv
 .text          0x08000910      0x110 c:/ac6/systemworkbench/plugins/fr.ac6.mcu.externaltools.arm-none.win32_1.15.0.201708311556/tools/compiler/bin/../lib/gcc/arm-none-eabi/6.3.1/thumb/v7-m\libgcc.a(_arm_cmpdf2.o)
                0x08000910                __gtdf2
                0x08000910                __gedf2
                0x08000918                __ltdf2
                0x08000918                __ledf2
                0x08000920                __nedf2
                0x08000920                __eqdf2
                0x08000920                __cmpdf2
                0x0800099c                __aeabi_cdrcmple
                0x080009ac                __aeabi_cdcmpeq
                0x080009ac                __aeabi_cdcmple
                0x080009bc                __aeabi_dcmpeq
                0x080009d0                __aeabi_dcmplt
                0x080009e4                __aeabi_dcmple
                0x080009f8                __aeabi_dcmpge
                0x08000a0c                __aeabi_dcmpgt
 .text          0x08000a20       0x50 c:/ac6/systemworkbench/plugins/fr.ac6.mcu.externaltools.arm-none.win32_1.15.0.201708311556/tools/compiler/bin/../lib/gcc/arm-none-eabi/6.3.1/thumb/v7-m\libgcc.a(_arm_fixdfsi.o)
                0x08000a20                __aeabi_d2iz
                0x08000a20                __fixdfsi
 .text          0x08000a70       0x40 c:/ac6/systemworkbench/plugins/fr.ac6.mcu.externaltools.arm-none.win32_1.15.0.201708311556/tools/compiler/bin/../lib/gcc/arm-none-eabi/6.3.1/thumb/v7-m\libgcc.a(_arm_fixunsdfsi.o)
                0x08000a70                __aeabi_d2uiz
                0x08000a70                __fixunsdfsi
 *(.text*)
 .text.HAL_Init
                0x08000ab0       0x2c Drivers/STM32F1xx_HAL_Driver/Src/stm32f1xx_hal.o
                0x08000ab0                HAL_Init
 .text.HAL_InitTick
                0x08000adc       0x60 Drivers/STM32F1xx_HAL_Driver/Src/stm32f1xx_hal.o
                0x08000adc                HAL_InitTick
 .text.HAL_IncTick
                0x08000b3c       0x24 Drivers/STM32F1xx_HAL_Driver/Src/stm32f1xx_hal.o
                0x08000b3c                HAL_IncTick
 .text.HAL_GetTick
                0x08000b60       0x14 Drivers/STM32F1xx_HAL_Driver/Src/stm32f1xx_hal.o
                0x08000b60                HAL_GetTick
 .text.HAL_Delay
                0x08000b74       0x44 Drivers/STM32F1xx_HAL_Driver/Src/stm32f1xx_hal.o
                0x08000b74                HAL_Delay
 .text.NVIC_SetPriorityGrouping
                0x08000bb8       0x48 Drivers/STM32F1xx_HAL_Driver/Src/stm32f1xx_hal_cortex.o
 .text.NVIC_GetPriorityGrouping
                0x08000c00       0x1c Drivers/STM32F1xx_HAL_Driver/Src/stm32f1xx_hal_cortex.o
 .text.NVIC_EnableIRQ
                0x08000c1c       0x30 Drivers/STM32F1xx_HAL_Driver/Src/stm32f1xx_hal_cortex.o
 .text.NVIC_SetPriority
                0x08000c4c       0x54 Drivers/STM32F1xx_HAL_Driver/Src/stm32f1xx_hal_cortex.o
 .text.NVIC_EncodePriority
                0x08000ca0       0x60 Drivers/STM32F1xx_HAL_Driver/Src/stm32f1xx_hal_cortex.o
 .text.SysTick_Config
                0x08000d00       0x44 Drivers/STM32F1xx_HAL_Driver/Src/stm32f1xx_hal_cortex.o
 .text.HAL_NVIC_SetPriorityGrouping
                0x08000d44       0x16 Drivers/STM32F1xx_HAL_Driver/Src/stm32f1xx_hal_cortex.o
                0x08000d44                HAL_NVIC_SetPriorityGrouping
 .text.HAL_NVIC_SetPriority
                0x08000d5a       0x38 Drivers/STM32F1xx_HAL_Driver/Src/stm32f1xx_hal_cortex.o
                0x08000d5a                HAL_NVIC_SetPriority
 .text.HAL_NVIC_EnableIRQ
                0x08000d92       0x1c Drivers/STM32F1xx_HAL_Driver/Src/stm32f1xx_hal_cortex.o
                0x08000d92                HAL_NVIC_EnableIRQ
 .text.HAL_SYSTICK_Config
                0x08000dae       0x18 Drivers/STM32F1xx_HAL_Driver/Src/stm32f1xx_hal_cortex.o
                0x08000dae                HAL_SYSTICK_Config
 *fill*         0x08000dc6        0x2 
 .text.HAL_SYSTICK_CLKSourceConfig
                0x08000dc8       0x38 Drivers/STM32F1xx_HAL_Driver/Src/stm32f1xx_hal_cortex.o
                0x08000dc8                HAL_SYSTICK_CLKSourceConfig
 .text.HAL_SYSTICK_IRQHandler
                0x08000e00        0xc Drivers/STM32F1xx_HAL_Driver/Src/stm32f1xx_hal_cortex.o
                0x08000e00                HAL_SYSTICK_IRQHandler
 .text.HAL_SYSTICK_Callback
                0x08000e0c        0xc Drivers/STM32F1xx_HAL_Driver/Src/stm32f1xx_hal_cortex.o
                0x08000e0c                HAL_SYSTICK_Callback
 .text.HAL_DMA_Init
                0x08000e18       0xcc Drivers/STM32F1xx_HAL_Driver/Src/stm32f1xx_hal_dma.o
                0x08000e18                HAL_DMA_Init
 .text.HAL_DMA_Start_IT
                0x08000ee4       0xbe Drivers/STM32F1xx_HAL_Driver/Src/stm32f1xx_hal_dma.o
                0x08000ee4                HAL_DMA_Start_IT
 *fill*         0x08000fa2        0x2 
 .text.HAL_DMA_Abort_IT
                0x08000fa4       0xf8 Drivers/STM32F1xx_HAL_Driver/Src/stm32f1xx_hal_dma.o
                0x08000fa4                HAL_DMA_Abort_IT
 .text.HAL_DMA_IRQHandler
                0x0800109c      0x224 Drivers/STM32F1xx_HAL_Driver/Src/stm32f1xx_hal_dma.o
                0x0800109c                HAL_DMA_IRQHandler
 .text.DMA_SetConfig
                0x080012c0       0x5a Drivers/STM32F1xx_HAL_Driver/Src/stm32f1xx_hal_dma.o
 *fill*         0x0800131a        0x2 
 .text.HAL_GPIO_Init
                0x0800131c      0x2bc Drivers/STM32F1xx_HAL_Driver/Src/stm32f1xx_hal_gpio.o
                0x0800131c                HAL_GPIO_Init
 .text.HAL_GPIO_WritePin
                0x080015d8       0x30 Drivers/STM32F1xx_HAL_Driver/Src/stm32f1xx_hal_gpio.o
                0x080015d8                HAL_GPIO_WritePin
 .text.HAL_I2C_Init
                0x08001608      0x208 Drivers/STM32F1xx_HAL_Driver/Src/stm32f1xx_hal_i2c.o
                0x08001608                HAL_I2C_Init
 .text.HAL_I2C_Mem_Write
                0x08001810      0x214 Drivers/STM32F1xx_HAL_Driver/Src/stm32f1xx_hal_i2c.o
                0x08001810                HAL_I2C_Mem_Write
 .text.HAL_I2C_Mem_Read
                0x08001a24      0x484 Drivers/STM32F1xx_HAL_Driver/Src/stm32f1xx_hal_i2c.o
                0x08001a24                HAL_I2C_Mem_Read
 .text.I2C_RequestMemoryWrite
                0x08001ea8      0x124 Drivers/STM32F1xx_HAL_Driver/Src/stm32f1xx_hal_i2c.o
 .text.I2C_RequestMemoryRead
                0x08001fcc      0x1c4 Drivers/STM32F1xx_HAL_Driver/Src/stm32f1xx_hal_i2c.o
 .text.I2C_WaitOnFlagUntilTimeout
                0x08002190       0xa2 Drivers/STM32F1xx_HAL_Driver/Src/stm32f1xx_hal_i2c.o
 .text.I2C_WaitOnMasterAddressFlagUntilTimeout
                0x08002232       0xdc Drivers/STM32F1xx_HAL_Driver/Src/stm32f1xx_hal_i2c.o
 .text.I2C_WaitOnTXEFlagUntilTimeout
                0x0800230e       0x7a Drivers/STM32F1xx_HAL_Driver/Src/stm32f1xx_hal_i2c.o
 .text.I2C_WaitOnBTFFlagUntilTimeout
                0x08002388       0x7a Drivers/STM32F1xx_HAL_Driver/Src/stm32f1xx_hal_i2c.o
 .text.I2C_WaitOnRXNEFlagUntilTimeout
                0x08002402       0x94 Drivers/STM32F1xx_HAL_Driver/Src/stm32f1xx_hal_i2c.o
 .text.I2C_IsAcknowledgeFailed
                0x08002496       0x4e Drivers/STM32F1xx_HAL_Driver/Src/stm32f1xx_hal_i2c.o
 .text.HAL_RCC_OscConfig
                0x080024e4      0x4c8 Drivers/STM32F1xx_HAL_Driver/Src/stm32f1xx_hal_rcc.o
                0x080024e4                HAL_RCC_OscConfig
 .text.HAL_RCC_ClockConfig
                0x080029ac      0x1e8 Drivers/STM32F1xx_HAL_Driver/Src/stm32f1xx_hal_rcc.o
                0x080029ac                HAL_RCC_ClockConfig
 .text.HAL_RCC_GetSysClockFreq
                0x08002b94       0xc4 Drivers/STM32F1xx_HAL_Driver/Src/stm32f1xx_hal_rcc.o
                0x08002b94                HAL_RCC_GetSysClockFreq
 .text.HAL_RCC_GetHCLKFreq
                0x08002c58       0x14 Drivers/STM32F1xx_HAL_Driver/Src/stm32f1xx_hal_rcc.o
                0x08002c58                HAL_RCC_GetHCLKFreq
 .text.HAL_RCC_GetPCLK1Freq
                0x08002c6c       0x28 Drivers/STM32F1xx_HAL_Driver/Src/stm32f1xx_hal_rcc.o
                0x08002c6c                HAL_RCC_GetPCLK1Freq
 .text.HAL_RCC_GetPCLK2Freq
                0x08002c94       0x28 Drivers/STM32F1xx_HAL_Driver/Src/stm32f1xx_hal_rcc.o
                0x08002c94                HAL_RCC_GetPCLK2Freq
 .text.RCC_Delay
                0x08002cbc       0x3c Drivers/STM32F1xx_HAL_Driver/Src/stm32f1xx_hal_rcc.o
 .text.HAL_SPI_Transmit
                0x08002cf8      0x276 Drivers/STM32F1xx_HAL_Driver/Src/stm32f1xx_hal_spi.o
                0x08002cf8                HAL_SPI_Transmit
 *fill*         0x08002f6e        0x2 
 .text.HAL_SPI_IRQHandler
                0x08002f70      0x18c Drivers/STM32F1xx_HAL_Driver/Src/stm32f1xx_hal_spi.o
                0x08002f70                HAL_SPI_IRQHandler
 .text.HAL_SPI_ErrorCallback
                0x080030fc       0x12 Drivers/STM32F1xx_HAL_Driver/Src/stm32f1xx_hal_spi.o
                0x080030fc                HAL_SPI_ErrorCallback
 .text.SPI_DMAAbortOnError
                0x0800310e       0x28 Drivers/STM32F1xx_HAL_Driver/Src/stm32f1xx_hal_spi.o
 .text.SPI_WaitFlagStateUntilTimeout
                0x08003136       0xd2 Drivers/STM32F1xx_HAL_Driver/Src/stm32f1xx_hal_spi.o
 .text.SPI_CheckFlag_BSY
                0x08003208       0x3c Drivers/STM32F1xx_HAL_Driver/Src/stm32f1xx_hal_spi.o
 .text.HAL_SPI_Init
                0x08003244       0xc8 Drivers/STM32F1xx_HAL_Driver/Src/stm32f1xx_hal_spi_ex.o
                0x08003244                HAL_SPI_Init
 .text.HAL_TIM_Base_Init
                0x0800330c       0x56 Drivers/STM32F1xx_HAL_Driver/Src/stm32f1xx_hal_tim.o
                0x0800330c                HAL_TIM_Base_Init
 .text.HAL_TIM_Base_Start_IT
                0x08003362       0x34 Drivers/STM32F1xx_HAL_Driver/Src/stm32f1xx_hal_tim.o
                0x08003362                HAL_TIM_Base_Start_IT
 .text.HAL_TIM_PWM_Init
                0x08003396       0x56 Drivers/STM32F1xx_HAL_Driver/Src/stm32f1xx_hal_tim.o
                0x08003396                HAL_TIM_PWM_Init
 .text.HAL_TIM_PWM_Start_DMA
                0x080033ec      0x1ac Drivers/STM32F1xx_HAL_Driver/Src/stm32f1xx_hal_tim.o
                0x080033ec                HAL_TIM_PWM_Start_DMA
 .text.HAL_TIM_IRQHandler
                0x08003598      0x210 Drivers/STM32F1xx_HAL_Driver/Src/stm32f1xx_hal_tim.o
                0x08003598                HAL_TIM_IRQHandler
 .text.HAL_TIM_PWM_ConfigChannel
                0x080037a8      0x18c Drivers/STM32F1xx_HAL_Driver/Src/stm32f1xx_hal_tim.o
                0x080037a8                HAL_TIM_PWM_ConfigChannel
 .text.HAL_TIM_ConfigClockSource
                0x08003934      0x1b6 Drivers/STM32F1xx_HAL_Driver/Src/stm32f1xx_hal_tim.o
                0x08003934                HAL_TIM_ConfigClockSource
 .text.HAL_TIM_PeriodElapsedCallback
                0x08003aea       0x12 Drivers/STM32F1xx_HAL_Driver/Src/stm32f1xx_hal_tim.o
                0x08003aea                HAL_TIM_PeriodElapsedCallback
 .text.HAL_TIM_OC_DelayElapsedCallback
                0x08003afc       0x12 Drivers/STM32F1xx_HAL_Driver/Src/stm32f1xx_hal_tim.o
                0x08003afc                HAL_TIM_OC_DelayElapsedCallback
 .text.HAL_TIM_IC_CaptureCallback
                0x08003b0e       0x12 Drivers/STM32F1xx_HAL_Driver/Src/stm32f1xx_hal_tim.o
                0x08003b0e                HAL_TIM_IC_CaptureCallback
 .text.HAL_TIM_PWM_PulseFinishedCallback
                0x08003b20       0x12 Drivers/STM32F1xx_HAL_Driver/Src/stm32f1xx_hal_tim.o
                0x08003b20                HAL_TIM_PWM_PulseFinishedCallback
 .text.HAL_TIM_TriggerCallback
                0x08003b32       0x12 Drivers/STM32F1xx_HAL_Driver/Src/stm32f1xx_hal_tim.o
                0x08003b32                HAL_TIM_TriggerCallback
 .text.HAL_TIM_ErrorCallback
                0x08003b44       0x12 Drivers/STM32F1xx_HAL_Driver/Src/stm32f1xx_hal_tim.o
                0x08003b44                HAL_TIM_ErrorCallback
 .text.TIM_DMAError
                0x08003b56       0x24 Drivers/STM32F1xx_HAL_Driver/Src/stm32f1xx_hal_tim.o
                0x08003b56                TIM_DMAError
 .text.TIM_DMADelayPulseCplt
                0x08003b7a       0x70 Drivers/STM32F1xx_HAL_Driver/Src/stm32f1xx_hal_tim.o
                0x08003b7a                TIM_DMADelayPulseCplt
 *fill*         0x08003bea        0x2 
 .text.TIM_Base_SetConfig
                0x08003bec       0xcc Drivers/STM32F1xx_HAL_Driver/Src/stm32f1xx_hal_tim.o
                0x08003bec                TIM_Base_SetConfig
 .text.TIM_OC1_SetConfig
                0x08003cb8       0xd8 Drivers/STM32F1xx_HAL_Driver/Src/stm32f1xx_hal_tim.o
 .text.TIM_OC2_SetConfig
                0x08003d90       0xe0 Drivers/STM32F1xx_HAL_Driver/Src/stm32f1xx_hal_tim.o
                0x08003d90                TIM_OC2_SetConfig
 .text.TIM_OC3_SetConfig
                0x08003e70       0xe0 Drivers/STM32F1xx_HAL_Driver/Src/stm32f1xx_hal_tim.o
 .text.TIM_OC4_SetConfig
                0x08003f50       0xa8 Drivers/STM32F1xx_HAL_Driver/Src/stm32f1xx_hal_tim.o
 .text.TIM_TI1_ConfigInputStage
                0x08003ff8       0x64 Drivers/STM32F1xx_HAL_Driver/Src/stm32f1xx_hal_tim.o
 .text.TIM_TI2_ConfigInputStage
                0x0800405c       0x66 Drivers/STM32F1xx_HAL_Driver/Src/stm32f1xx_hal_tim.o
 .text.TIM_ITRx_SetConfig
                0x080040c2       0x3e Drivers/STM32F1xx_HAL_Driver/Src/stm32f1xx_hal_tim.o
 .text.TIM_ETR_SetConfig
                0x08004100       0x42 Drivers/STM32F1xx_HAL_Driver/Src/stm32f1xx_hal_tim.o
 .text.TIM_CCxChannelCmd
                0x08004142       0x44 Drivers/STM32F1xx_HAL_Driver/Src/stm32f1xx_hal_tim.o
                0x08004142                TIM_CCxChannelCmd
 .text.HAL_TIMEx_MasterConfigSynchronization
                0x08004186       0x88 Drivers/STM32F1xx_HAL_Driver/Src/stm32f1xx_hal_tim_ex.o
                0x08004186                HAL_TIMEx_MasterConfigSynchronization
 .text.HAL_TIMEx_CommutationCallback
                0x0800420e       0x12 Drivers/STM32F1xx_HAL_Driver/Src/stm32f1xx_hal_tim_ex.o
                0x0800420e                HAL_TIMEx_CommutationCallback
 .text.HAL_TIMEx_BreakCallback
                0x08004220       0x12 Drivers/STM32F1xx_HAL_Driver/Src/stm32f1xx_hal_tim_ex.o
                0x08004220                HAL_TIMEx_BreakCallback
 .text.HAL_UART_Init
                0x08004232       0x9a Drivers/STM32F1xx_HAL_Driver/Src/stm32f1xx_hal_uart.o
                0x08004232                HAL_UART_Init
 .text.UART_SetConfig
                0x080042cc      0x230 Drivers/STM32F1xx_HAL_Driver/Src/stm32f1xx_hal_uart.o
 .text.MCP23017_Init
                0x080044fc      0x128 Src/MCP23017.o
                0x080044fc                MCP23017_Init
 .text.MCP23017_ReadPort
                0x08004624       0x70 Src/MCP23017.o
                0x08004624                MCP23017_ReadPort
 .text.MCP_Button_Init
                0x08004694       0x42 Src/MCP_button.o
                0x08004694                MCP_Button_Init
 *fill*         0x080046d6        0x2 
 .text.MCP_Buttons_InitAll
                0x080046d8       0x58 Src/MCP_button.o
                0x080046d8                MCP_Buttons_InitAll
 .text.BTN_Read_All
                0x08004730      0x170 Src/MCP_button.o
                0x08004730                BTN_Read_All
 .text.HsvToRgb
                0x080048a0      0x154 Src/dig_LED.o
                0x080048a0                HsvToRgb
 .text.hsv2rgb  0x080049f4      0x248 Src/dig_LED.o
                0x080049f4                hsv2rgb
 .text.DIG_LED_update
                0x08004c3c       0x20 Src/dig_LED.o
                0x08004c3c                DIG_LED_update
 .text.setLEDcolor
                0x08004c5c      0x104 Src/dig_LED.o
                0x08004c5c                setLEDcolor
 .text.setWHOLEcolor
                0x08004d60       0x38 Src/dig_LED.o
                0x08004d60                setWHOLEcolor
 .text.MX_DMA_Init
                0x08004d98       0x2c Src/dma.o
                0x08004d98                MX_DMA_Init
 .text.MX_GPIO_Init
                0x08004dc4       0xac Src/gpio.o
                0x08004dc4                MX_GPIO_Init
 .text.MX_I2C2_Init
                0x08004e70       0x64 Src/i2c.o
                0x08004e70                MX_I2C2_Init
 .text.HAL_I2C_MspInit
                0x08004ed4       0x58 Src/i2c.o
                0x08004ed4                HAL_I2C_MspInit
 .text.LCD_Init
                0x08004f2c       0xe8 Src/lcd.o
                0x08004f2c                LCD_Init
 .text.LCD_WritePinData
                0x08005014       0xb4 Src/lcd.o
                0x08005014                LCD_WritePinData
 .text.LCD_Clear
                0x080050c8        0xe Src/lcd.o
                0x080050c8                LCD_Clear
 *fill*         0x080050d6        0x2 
 .text.LCD_SendCommand
                0x080050d8       0x78 Src/lcd.o
                0x080050d8                LCD_SendCommand
 .text.LCD_SetPos
                0x08005150       0x6c Src/lcd.o
                0x08005150                LCD_SetPos
 .text.LCD_ReturnHome
                0x080051bc        0xe Src/lcd.o
                0x080051bc                LCD_ReturnHome
 .text.delayStupid
                0x080051ca       0x2c Src/lcd.o
                0x080051ca                delayStupid
 *fill*         0x080051f6        0x2 
 .text.main     0x080051f8      0x224 Src/main.o
                0x080051f8                main
 .text.SystemClock_Config
                0x0800541c       0xa4 Src/main.o
                0x0800541c                SystemClock_Config
 .text.MX_NVIC_Init
                0x080054c0       0x18 Src/main.o
 .text._Error_Handler
                0x080054d8        0xc Src/main.o
                0x080054d8                _Error_Handler
 .text.save     0x080054e4       0xe4 Src/sequencer.o
                0x080054e4                save
 .text.sequencer_func
                0x080055c8       0x88 Src/sequencer.o
                0x080055c8                sequencer_func
 .text.light    0x08005650       0xa0 Src/sequencer.o
                0x08005650                light
 .text.MX_SPI1_Init
                0x080056f0       0x74 Src/spi.o
                0x080056f0                MX_SPI1_Init
 .text.MX_SPI2_Init
                0x08005764       0x78 Src/spi.o
                0x08005764                MX_SPI2_Init
 .text.HAL_SPI_MspInit
                0x080057dc       0xac Src/spi.o
                0x080057dc                HAL_SPI_MspInit
 .text.HAL_MspInit
                0x08005888       0xa4 Src/stm32f1xx_hal_msp.o
                0x08005888                HAL_MspInit
 .text.NMI_Handler
                0x0800592c        0xc Src/stm32f1xx_it.o
                0x0800592c                NMI_Handler
 .text.HardFault_Handler
                0x08005938        0x6 Src/stm32f1xx_it.o
                0x08005938                HardFault_Handler
 .text.MemManage_Handler
                0x0800593e        0x6 Src/stm32f1xx_it.o
                0x0800593e                MemManage_Handler
 .text.BusFault_Handler
                0x08005944        0x6 Src/stm32f1xx_it.o
                0x08005944                BusFault_Handler
 .text.UsageFault_Handler
                0x0800594a        0x6 Src/stm32f1xx_it.o
                0x0800594a                UsageFault_Handler
 .text.SVC_Handler
                0x08005950        0xc Src/stm32f1xx_it.o
                0x08005950                SVC_Handler
 .text.DebugMon_Handler
                0x0800595c        0xc Src/stm32f1xx_it.o
                0x0800595c                DebugMon_Handler
 .text.PendSV_Handler
                0x08005968        0xc Src/stm32f1xx_it.o
                0x08005968                PendSV_Handler
 .text.SysTick_Handler
                0x08005974       0x20 Src/stm32f1xx_it.o
                0x08005974                SysTick_Handler
 .text.DMA1_Channel7_IRQHandler
                0x08005994       0x14 Src/stm32f1xx_it.o
                0x08005994                DMA1_Channel7_IRQHandler
 .text.TIM4_IRQHandler
                0x080059a8       0x14 Src/stm32f1xx_it.o
                0x080059a8                TIM4_IRQHandler
 .text.SPI1_IRQHandler
                0x080059bc       0x14 Src/stm32f1xx_it.o
                0x080059bc                SPI1_IRQHandler
 .text.SystemInit
                0x080059d0       0x68 Src/system_stm32f1xx.o
                0x080059d0                SystemInit
 .text.MX_TIM2_Init
                0x08005a38       0xa4 Src/tim.o
                0x08005a38                MX_TIM2_Init
 .text.MX_TIM4_Init
                0x08005adc       0x94 Src/tim.o
                0x08005adc                MX_TIM4_Init
 .text.HAL_TIM_PWM_MspInit
                0x08005b70       0xa4 Src/tim.o
                0x08005b70                HAL_TIM_PWM_MspInit
 .text.HAL_TIM_Base_MspInit
                0x08005c14       0x4c Src/tim.o
                0x08005c14                HAL_TIM_Base_MspInit
 .text.HAL_TIM_MspPostInit
                0x08005c60       0x38 Src/tim.o
                0x08005c60                HAL_TIM_MspPostInit
 .text.MX_USART1_UART_Init
                0x08005c98       0x5c Src/usart.o
                0x08005c98                MX_USART1_UART_Init
 .text.HAL_UART_MspInit
                0x08005cf4       0x74 Src/usart.o
                0x08005cf4                HAL_UART_MspInit
 .text.Reset_Handler
                0x08005d68       0x48 startup/startup_stm32f103xb.o
                0x08005d68                Reset_Handler
 .text.Default_Handler
                0x08005db0        0x2 startup/startup_stm32f103xb.o
                0x08005db0                RTC_Alarm_IRQHandler
                0x08005db0                EXTI2_IRQHandler
                0x08005db0                TIM1_CC_IRQHandler
                0x08005db0                PVD_IRQHandler
                0x08005db0                EXTI3_IRQHandler
                0x08005db0                EXTI0_IRQHandler
                0x08005db0                I2C2_EV_IRQHandler
                0x08005db0                ADC1_2_IRQHandler
                0x08005db0                TAMPER_IRQHandler
                0x08005db0                DMA1_Channel4_IRQHandler
                0x08005db0                USART3_IRQHandler
                0x08005db0                RTC_IRQHandler
                0x08005db0                CAN1_RX1_IRQHandler
                0x08005db0                I2C1_EV_IRQHandler
                0x08005db0                DMA1_Channel6_IRQHandler
                0x08005db0                TIM3_IRQHandler
                0x08005db0                RCC_IRQHandler
                0x08005db0                TIM1_TRG_COM_IRQHandler
                0x08005db0                DMA1_Channel1_IRQHandler
                0x08005db0                Default_Handler
                0x08005db0                EXTI15_10_IRQHandler
                0x08005db0                EXTI9_5_IRQHandler
                0x08005db0                SPI2_IRQHandler
                0x08005db0                DMA1_Channel5_IRQHandler
                0x08005db0                EXTI4_IRQHandler
                0x08005db0                USB_LP_CAN1_RX0_IRQHandler
                0x08005db0                USB_HP_CAN1_TX_IRQHandler
                0x08005db0                DMA1_Channel3_IRQHandler
                0x08005db0                TIM1_UP_IRQHandler
                0x08005db0                WWDG_IRQHandler
                0x08005db0                TIM2_IRQHandler
                0x08005db0                TIM1_BRK_IRQHandler
                0x08005db0                EXTI1_IRQHandler
                0x08005db0                USART2_IRQHandler
                0x08005db0                I2C2_ER_IRQHandler
                0x08005db0                DMA1_Channel2_IRQHandler
                0x08005db0                CAN1_SCE_IRQHandler
                0x08005db0                FLASH_IRQHandler
                0x08005db0                USART1_IRQHandler
                0x08005db0                I2C1_ER_IRQHandler
                0x08005db0                USBWakeUp_IRQHandler
 *fill*         0x08005db2        0x2 
 .text.__libc_init_array
                0x08005db4       0x48 c:/ac6/systemworkbench/plugins/fr.ac6.mcu.externaltools.arm-none.win32_1.15.0.201708311556/tools/compiler/bin/../lib/gcc/arm-none-eabi/6.3.1/../../../../arm-none-eabi/lib/thumb/v7-m\libc_nano.a(lib_a-init.o)
                0x08005db4                __libc_init_array
 *(.glue_7)
 .glue_7        0x08005dfc        0x0 linker stubs
 *(.glue_7t)
 .glue_7t       0x08005dfc        0x0 linker stubs
 *(.eh_frame)
 .eh_frame      0x08005dfc        0x0 c:/ac6/systemworkbench/plugins/fr.ac6.mcu.externaltools.arm-none.win32_1.15.0.201708311556/tools/compiler/bin/../lib/gcc/arm-none-eabi/6.3.1/thumb/v7-m/crtbegin.o
 *(.init)
 .init          0x08005dfc        0x4 c:/ac6/systemworkbench/plugins/fr.ac6.mcu.externaltools.arm-none.win32_1.15.0.201708311556/tools/compiler/bin/../lib/gcc/arm-none-eabi/6.3.1/thumb/v7-m/crti.o
                0x08005dfc                _init
 .init          0x08005e00        0x8 c:/ac6/systemworkbench/plugins/fr.ac6.mcu.externaltools.arm-none.win32_1.15.0.201708311556/tools/compiler/bin/../lib/gcc/arm-none-eabi/6.3.1/thumb/v7-m/crtn.o
 *(.fini)
 .fini          0x08005e08        0x4 c:/ac6/systemworkbench/plugins/fr.ac6.mcu.externaltools.arm-none.win32_1.15.0.201708311556/tools/compiler/bin/../lib/gcc/arm-none-eabi/6.3.1/thumb/v7-m/crti.o
                0x08005e08                _fini
 .fini          0x08005e0c        0x8 c:/ac6/systemworkbench/plugins/fr.ac6.mcu.externaltools.arm-none.win32_1.15.0.201708311556/tools/compiler/bin/../lib/gcc/arm-none-eabi/6.3.1/thumb/v7-m/crtn.o
                0x08005e14                . = ALIGN (0x4)
                0x08005e14                _etext = .

.vfp11_veneer   0x08005e14        0x0
 .vfp11_veneer  0x08005e14        0x0 linker stubs

.v4_bx          0x08005e14        0x0
 .v4_bx         0x08005e14        0x0 linker stubs

.iplt           0x08005e14        0x0
 .iplt          0x08005e14        0x0 c:/ac6/systemworkbench/plugins/fr.ac6.mcu.externaltools.arm-none.win32_1.15.0.201708311556/tools/compiler/bin/../lib/gcc/arm-none-eabi/6.3.1/thumb/v7-m/crtbegin.o

.rodata         0x08005e14       0x98
                0x08005e14                . = ALIGN (0x4)
 *(.rodata)
 .rodata        0x08005e14       0x12 Drivers/STM32F1xx_HAL_Driver/Src/stm32f1xx_hal_rcc.o
 *fill*         0x08005e26        0x2 
 .rodata        0x08005e28       0x15 Src/MCP23017.o
 *fill*         0x08005e3d        0x3 
 .rodata        0x08005e40        0xd Src/i2c.o
 *fill*         0x08005e4d        0x3 
 .rodata        0x08005e50       0x12 Src/main.o
 *fill*         0x08005e62        0x2 
 .rodata        0x08005e64        0xd Src/spi.o
 *fill*         0x08005e71        0x3 
 .rodata        0x08005e74       0x18 Src/system_stm32f1xx.o
                0x08005e74                AHBPrescTable
                0x08005e84                APBPrescTable
 .rodata        0x08005e8c        0xd Src/tim.o
 *fill*         0x08005e99        0x3 
 .rodata        0x08005e9c        0xf Src/usart.o
 *(.rodata*)
                0x08005eac                . = ALIGN (0x4)
 *fill*         0x08005eab        0x1 

.rel.dyn        0x08005eac        0x0
 .rel.iplt      0x08005eac        0x0 c:/ac6/systemworkbench/plugins/fr.ac6.mcu.externaltools.arm-none.win32_1.15.0.201708311556/tools/compiler/bin/../lib/gcc/arm-none-eabi/6.3.1/thumb/v7-m/crtbegin.o

.ARM.extab
 *(.ARM.extab* .gnu.linkonce.armextab.*)

.ARM            0x08005eac        0x0
                0x08005eac                __exidx_start = .
 *(.ARM.exidx*)
                0x08005eac                __exidx_end = .

.preinit_array  0x08005eac        0x0
                0x08005eac                PROVIDE (__preinit_array_start, .)
 *(.preinit_array*)
                0x08005eac                PROVIDE (__preinit_array_end, .)

.init_array     0x08005eac        0x4
                0x08005eac                PROVIDE (__init_array_start, .)
 *(SORT(.init_array.*))
 *(.init_array*)
 .init_array    0x08005eac        0x4 c:/ac6/systemworkbench/plugins/fr.ac6.mcu.externaltools.arm-none.win32_1.15.0.201708311556/tools/compiler/bin/../lib/gcc/arm-none-eabi/6.3.1/thumb/v7-m/crtbegin.o
                0x08005eb0                PROVIDE (__init_array_end, .)

.fini_array     0x08005eb0        0x4
                [!provide]                PROVIDE (__fini_array_start, .)
 *(SORT(.fini_array.*))
 *(.fini_array*)
 .fini_array    0x08005eb0        0x4 c:/ac6/systemworkbench/plugins/fr.ac6.mcu.externaltools.arm-none.win32_1.15.0.201708311556/tools/compiler/bin/../lib/gcc/arm-none-eabi/6.3.1/thumb/v7-m/crtbegin.o
                [!provide]                PROVIDE (__fini_array_end, .)
                0x08005eb4                _sidata = LOADADDR (.data)

.data           0x20000000        0xc load address 0x08005eb4
                0x20000000                . = ALIGN (0x4)
                0x20000000                _sdata = .
 *(.data)
 .data          0x20000000        0x5 Drivers/STM32F1xx_HAL_Driver/Src/stm32f1xx_hal.o
                0x20000000                uwTickPrio
                0x20000004                uwTickFreq
 *fill*         0x20000005        0x3 
 .data          0x20000008        0x4 Src/system_stm32f1xx.o
                0x20000008                SystemCoreClock
 *(.data*)
                0x2000000c                . = ALIGN (0x4)
                0x2000000c                _edata = .

.jcr            0x2000000c        0x0 load address 0x08005ec0
 .jcr           0x2000000c        0x0 c:/ac6/systemworkbench/plugins/fr.ac6.mcu.externaltools.arm-none.win32_1.15.0.201708311556/tools/compiler/bin/../lib/gcc/arm-none-eabi/6.3.1/thumb/v7-m/crtbegin.o

.igot.plt       0x2000000c        0x0 load address 0x08005ec0
 .igot.plt      0x2000000c        0x0 c:/ac6/systemworkbench/plugins/fr.ac6.mcu.externaltools.arm-none.win32_1.15.0.201708311556/tools/compiler/bin/../lib/gcc/arm-none-eabi/6.3.1/thumb/v7-m/crtbegin.o
                0x2000000c                . = ALIGN (0x4)

.bss            0x20000010      0xaa0 load address 0x08005ec0
                0x20000010                _sbss = .
                0x20000010                __bss_start__ = _sbss
 *(.bss)
 .bss           0x20000010       0x1c c:/ac6/systemworkbench/plugins/fr.ac6.mcu.externaltools.arm-none.win32_1.15.0.201708311556/tools/compiler/bin/../lib/gcc/arm-none-eabi/6.3.1/thumb/v7-m/crtbegin.o
 .bss           0x2000002c      0x1e5 Src/dig_LED.o
 *fill*         0x20000211        0x3 
 .bss           0x20000214        0x8 Src/main.o
                0x20000214                millis
                0x20000218                t_prev1
 *(.bss*)
 *(COMMON)
 COMMON         0x2000021c        0x4 Drivers/STM32F1xx_HAL_Driver/Src/stm32f1xx_hal.o
                0x2000021c                uwTick
 COMMON         0x20000220        0x2 Src/MCP23017.o
                0x20000220                MCP_Bstate
                0x20000221                MCP_Astate
 *fill*         0x20000222        0x2 
 COMMON         0x20000224       0x84 Src/MCP_button.o
                0x20000224                buttonMsg
                0x20000228                buttons
 COMMON         0x200002a8       0x54 Src/i2c.o
                0x200002a8                hi2c2
 *fill*         0x200002fc        0x4 
 COMMON         0x20000300      0x5fc Src/main.o
                0x20000300                led_hsv
                0x20000480                state
                0x20000488                led_rgb
                0x20000608                btns
                0x20000628                buf
                0x200007bc                time_periods
 COMMON         0x200008fc       0xb0 Src/spi.o
                0x200008fc                hspi2
                0x20000954                hspi1
 COMMON         0x200009ac       0xc4 Src/tim.o
                0x200009ac                htim4
                0x200009ec                hdma_tim2_ch2_ch4
                0x20000a30                htim2
 COMMON         0x20000a70       0x40 Src/usart.o
                0x20000a70                huart1
                0x20000ab0                . = ALIGN (0x4)
                0x20000ab0                _ebss = .
                0x20000ab0                __bss_end__ = _ebss

._user_heap_stack
                0x20000ab0      0x600 load address 0x08005ec0
                0x20000ab0                . = ALIGN (0x8)
                0x20000ab0                PROVIDE (end, .)
                [!provide]                PROVIDE (_end, .)
                0x20000cb0                . = (. + _Min_Heap_Size)
 *fill*         0x20000ab0      0x200 
                0x200010b0                . = (. + _Min_Stack_Size)
 *fill*         0x20000cb0      0x400 
                0x200010b0                . = ALIGN (0x8)

/DISCARD/
 libc.a(*)
 libm.a(*)
 libgcc.a(*)

.ARM.attributes
                0x00000000       0x29
 *(.ARM.attributes)
 .ARM.attributes
                0x00000000       0x1d c:/ac6/systemworkbench/plugins/fr.ac6.mcu.externaltools.arm-none.win32_1.15.0.201708311556/tools/compiler/bin/../lib/gcc/arm-none-eabi/6.3.1/thumb/v7-m/crti.o
 .ARM.attributes
                0x0000001d       0x2d c:/ac6/systemworkbench/plugins/fr.ac6.mcu.externaltools.arm-none.win32_1.15.0.201708311556/tools/compiler/bin/../lib/gcc/arm-none-eabi/6.3.1/thumb/v7-m/crtbegin.o
 .ARM.attributes
                0x0000004a       0x33 Drivers/STM32F1xx_HAL_Driver/Src/stm32f1xx_hal.o
 .ARM.attributes
                0x0000007d       0x33 Drivers/STM32F1xx_HAL_Driver/Src/stm32f1xx_hal_cortex.o
 .ARM.attributes
                0x000000b0       0x33 Drivers/STM32F1xx_HAL_Driver/Src/stm32f1xx_hal_dma.o
 .ARM.attributes
                0x000000e3       0x33 Drivers/STM32F1xx_HAL_Driver/Src/stm32f1xx_hal_gpio.o
 .ARM.attributes
                0x00000116       0x33 Drivers/STM32F1xx_HAL_Driver/Src/stm32f1xx_hal_i2c.o
 .ARM.attributes
                0x00000149       0x33 Drivers/STM32F1xx_HAL_Driver/Src/stm32f1xx_hal_rcc.o
 .ARM.attributes
                0x0000017c       0x33 Drivers/STM32F1xx_HAL_Driver/Src/stm32f1xx_hal_spi.o
 .ARM.attributes
                0x000001af       0x33 Drivers/STM32F1xx_HAL_Driver/Src/stm32f1xx_hal_spi_ex.o
 .ARM.attributes
                0x000001e2       0x33 Drivers/STM32F1xx_HAL_Driver/Src/stm32f1xx_hal_tim.o
 .ARM.attributes
                0x00000215       0x33 Drivers/STM32F1xx_HAL_Driver/Src/stm32f1xx_hal_tim_ex.o
 .ARM.attributes
                0x00000248       0x33 Drivers/STM32F1xx_HAL_Driver/Src/stm32f1xx_hal_uart.o
 .ARM.attributes
                0x0000027b       0x33 Src/MCP23017.o
 .ARM.attributes
                0x000002ae       0x33 Src/MCP_button.o
 .ARM.attributes
                0x000002e1       0x33 Src/dig_LED.o
 .ARM.attributes
                0x00000314       0x33 Src/dma.o
 .ARM.attributes
                0x00000347       0x33 Src/gpio.o
 .ARM.attributes
                0x0000037a       0x33 Src/i2c.o
 .ARM.attributes
                0x000003ad       0x33 Src/lcd.o
 .ARM.attributes
                0x000003e0       0x33 Src/main.o
 .ARM.attributes
                0x00000413       0x33 Src/sequencer.o
 .ARM.attributes
                0x00000446       0x33 Src/spi.o
 .ARM.attributes
                0x00000479       0x33 Src/stm32f1xx_hal_msp.o
 .ARM.attributes
                0x000004ac       0x33 Src/stm32f1xx_it.o
 .ARM.attributes
                0x000004df       0x33 Src/system_stm32f1xx.o
 .ARM.attributes
                0x00000512       0x33 Src/tim.o
 .ARM.attributes
                0x00000545       0x33 Src/usart.o
 .ARM.attributes
                0x00000578       0x21 startup/startup_stm32f103xb.o
 .ARM.attributes
                0x00000599       0x1d c:/ac6/systemworkbench/plugins/fr.ac6.mcu.externaltools.arm-none.win32_1.15.0.201708311556/tools/compiler/bin/../lib/gcc/arm-none-eabi/6.3.1/thumb/v7-m\libgcc.a(_arm_addsubdf3.o)
 .ARM.attributes
                0x000005b6       0x1d c:/ac6/systemworkbench/plugins/fr.ac6.mcu.externaltools.arm-none.win32_1.15.0.201708311556/tools/compiler/bin/../lib/gcc/arm-none-eabi/6.3.1/thumb/v7-m\libgcc.a(_arm_muldivdf3.o)
 .ARM.attributes
                0x000005d3       0x1d c:/ac6/systemworkbench/plugins/fr.ac6.mcu.externaltools.arm-none.win32_1.15.0.201708311556/tools/compiler/bin/../lib/gcc/arm-none-eabi/6.3.1/thumb/v7-m\libgcc.a(_arm_cmpdf2.o)
 .ARM.attributes
                0x000005f0       0x1d c:/ac6/systemworkbench/plugins/fr.ac6.mcu.externaltools.arm-none.win32_1.15.0.201708311556/tools/compiler/bin/../lib/gcc/arm-none-eabi/6.3.1/thumb/v7-m\libgcc.a(_arm_fixdfsi.o)
 .ARM.attributes
                0x0000060d       0x1d c:/ac6/systemworkbench/plugins/fr.ac6.mcu.externaltools.arm-none.win32_1.15.0.201708311556/tools/compiler/bin/../lib/gcc/arm-none-eabi/6.3.1/thumb/v7-m\libgcc.a(_arm_fixunsdfsi.o)
 .ARM.attributes
                0x0000062a       0x2d c:/ac6/systemworkbench/plugins/fr.ac6.mcu.externaltools.arm-none.win32_1.15.0.201708311556/tools/compiler/bin/../lib/gcc/arm-none-eabi/6.3.1/../../../../arm-none-eabi/lib/thumb/v7-m\libc_nano.a(lib_a-init.o)
 .ARM.attributes
                0x00000657       0x1d c:/ac6/systemworkbench/plugins/fr.ac6.mcu.externaltools.arm-none.win32_1.15.0.201708311556/tools/compiler/bin/../lib/gcc/arm-none-eabi/6.3.1/thumb/v7-m/crtn.o
OUTPUT(My_HAL.elf elf32-littlearm)

.debug_info     0x00000000    0x1f219
 .debug_info    0x00000000      0xf00 Drivers/STM32F1xx_HAL_Driver/Src/stm32f1xx_hal.o
 .debug_info    0x00000f00     0x1317 Drivers/STM32F1xx_HAL_Driver/Src/stm32f1xx_hal_cortex.o
 .debug_info    0x00002217      0xf80 Drivers/STM32F1xx_HAL_Driver/Src/stm32f1xx_hal_dma.o
 .debug_info    0x00003197      0xe7a Drivers/STM32F1xx_HAL_Driver/Src/stm32f1xx_hal_gpio.o
 .debug_info    0x00004011     0x2989 Drivers/STM32F1xx_HAL_Driver/Src/stm32f1xx_hal_i2c.o
 .debug_info    0x0000699a      0xff6 Drivers/STM32F1xx_HAL_Driver/Src/stm32f1xx_hal_rcc.o
 .debug_info    0x00007990     0x1c55 Drivers/STM32F1xx_HAL_Driver/Src/stm32f1xx_hal_spi.o
 .debug_info    0x000095e5      0xe12 Drivers/STM32F1xx_HAL_Driver/Src/stm32f1xx_hal_spi_ex.o
 .debug_info    0x0000a3f7     0x29df Drivers/STM32F1xx_HAL_Driver/Src/stm32f1xx_hal_tim.o
 .debug_info    0x0000cdd6     0x178f Drivers/STM32F1xx_HAL_Driver/Src/stm32f1xx_hal_tim_ex.o
 .debug_info    0x0000e565     0x19ab Drivers/STM32F1xx_HAL_Driver/Src/stm32f1xx_hal_uart.o
 .debug_info    0x0000ff10      0xf54 Src/MCP23017.o
 .debug_info    0x00010e64     0x1294 Src/MCP_button.o
 .debug_info    0x000120f8     0x11b2 Src/dig_LED.o
 .debug_info    0x000132aa      0xa09 Src/dma.o
 .debug_info    0x00013cb3      0xb33 Src/gpio.o
 .debug_info    0x000147e6      0xff6 Src/i2c.o
 .debug_info    0x000157dc      0xc54 Src/lcd.o
 .debug_info    0x00016430     0x1aec Src/main.o
 .debug_info    0x00017f1c     0x1337 Src/sequencer.o
 .debug_info    0x00019253     0x114c Src/spi.o
 .debug_info    0x0001a39f      0xbd6 Src/stm32f1xx_hal_msp.o
 .debug_info    0x0001af75     0x13cb Src/stm32f1xx_it.o
 .debug_info    0x0001c340      0xc18 Src/system_stm32f1xx.o
 .debug_info    0x0001cf58     0x12fc Src/tim.o
 .debug_info    0x0001e254      0xf64 Src/usart.o
 .debug_info    0x0001f1b8       0x61 startup/startup_stm32f103xb.o

.debug_abbrev   0x00000000     0x4158
 .debug_abbrev  0x00000000      0x2e6 Drivers/STM32F1xx_HAL_Driver/Src/stm32f1xx_hal.o
 .debug_abbrev  0x000002e6      0x394 Drivers/STM32F1xx_HAL_Driver/Src/stm32f1xx_hal_cortex.o
 .debug_abbrev  0x0000067a      0x2a5 Drivers/STM32F1xx_HAL_Driver/Src/stm32f1xx_hal_dma.o
 .debug_abbrev  0x0000091f      0x287 Drivers/STM32F1xx_HAL_Driver/Src/stm32f1xx_hal_gpio.o
 .debug_abbrev  0x00000ba6      0x2e0 Drivers/STM32F1xx_HAL_Driver/Src/stm32f1xx_hal_i2c.o
 .debug_abbrev  0x00000e86      0x321 Drivers/STM32F1xx_HAL_Driver/Src/stm32f1xx_hal_rcc.o
 .debug_abbrev  0x000011a7      0x2e7 Drivers/STM32F1xx_HAL_Driver/Src/stm32f1xx_hal_spi.o
 .debug_abbrev  0x0000148e      0x1eb Drivers/STM32F1xx_HAL_Driver/Src/stm32f1xx_hal_spi_ex.o
 .debug_abbrev  0x00001679      0x2e6 Drivers/STM32F1xx_HAL_Driver/Src/stm32f1xx_hal_tim.o
 .debug_abbrev  0x0000195f      0x2c3 Drivers/STM32F1xx_HAL_Driver/Src/stm32f1xx_hal_tim_ex.o
 .debug_abbrev  0x00001c22      0x2e9 Drivers/STM32F1xx_HAL_Driver/Src/stm32f1xx_hal_uart.o
 .debug_abbrev  0x00001f0b      0x26d Src/MCP23017.o
 .debug_abbrev  0x00002178      0x284 Src/MCP_button.o
 .debug_abbrev  0x000023fc      0x2bf Src/dig_LED.o
 .debug_abbrev  0x000026bb      0x1d8 Src/dma.o
 .debug_abbrev  0x00002893      0x1fb Src/gpio.o
 .debug_abbrev  0x00002a8e      0x226 Src/i2c.o
 .debug_abbrev  0x00002cb4      0x269 Src/lcd.o
 .debug_abbrev  0x00002f1d      0x2d1 Src/main.o
 .debug_abbrev  0x000031ee      0x262 Src/sequencer.o
 .debug_abbrev  0x00003450      0x23a Src/spi.o
 .debug_abbrev  0x0000368a      0x204 Src/stm32f1xx_hal_msp.o
 .debug_abbrev  0x0000388e      0x21d Src/stm32f1xx_it.o
 .debug_abbrev  0x00003aab      0x226 Src/system_stm32f1xx.o
 .debug_abbrev  0x00003cd1      0x24f Src/tim.o
 .debug_abbrev  0x00003f20      0x226 Src/usart.o
 .debug_abbrev  0x00004146       0x12 startup/startup_stm32f103xb.o

.debug_aranges  0x00000000     0x11c0
 .debug_aranges
                0x00000000       0xd0 Drivers/STM32F1xx_HAL_Driver/Src/stm32f1xx_hal.o
 .debug_aranges
                0x000000d0      0x100 Drivers/STM32F1xx_HAL_Driver/Src/stm32f1xx_hal_cortex.o
 .debug_aranges
                0x000001d0       0x80 Drivers/STM32F1xx_HAL_Driver/Src/stm32f1xx_hal_dma.o
 .debug_aranges
                0x00000250       0x58 Drivers/STM32F1xx_HAL_Driver/Src/stm32f1xx_hal_gpio.o
 .debug_aranges
                0x000002a8      0x268 Drivers/STM32F1xx_HAL_Driver/Src/stm32f1xx_hal_i2c.o
 .debug_aranges
                0x00000510       0x90 Drivers/STM32F1xx_HAL_Driver/Src/stm32f1xx_hal_rcc.o
 .debug_aranges
                0x000005a0      0x1d0 Drivers/STM32F1xx_HAL_Driver/Src/stm32f1xx_hal_spi.o
 .debug_aranges
                0x00000770       0x20 Drivers/STM32F1xx_HAL_Driver/Src/stm32f1xx_hal_spi_ex.o
 .debug_aranges
                0x00000790      0x368 Drivers/STM32F1xx_HAL_Driver/Src/stm32f1xx_hal_tim.o
 .debug_aranges
                0x00000af8      0x138 Drivers/STM32F1xx_HAL_Driver/Src/stm32f1xx_hal_tim_ex.o
 .debug_aranges
                0x00000c30      0x1d0 Drivers/STM32F1xx_HAL_Driver/Src/stm32f1xx_hal_uart.o
 .debug_aranges
                0x00000e00       0x28 Src/MCP23017.o
 .debug_aranges
                0x00000e28       0x30 Src/MCP_button.o
 .debug_aranges
                0x00000e58       0x60 Src/dig_LED.o
 .debug_aranges
                0x00000eb8       0x20 Src/dma.o
 .debug_aranges
                0x00000ed8       0x20 Src/gpio.o
 .debug_aranges
                0x00000ef8       0x30 Src/i2c.o
 .debug_aranges
                0x00000f28       0x90 Src/lcd.o
 .debug_aranges
                0x00000fb8       0x38 Src/main.o
 .debug_aranges
                0x00000ff0       0x30 Src/sequencer.o
 .debug_aranges
                0x00001020       0x38 Src/spi.o
 .debug_aranges
                0x00001058       0x20 Src/stm32f1xx_hal_msp.o
 .debug_aranges
                0x00001078       0x78 Src/stm32f1xx_it.o
 .debug_aranges
                0x000010f0       0x28 Src/system_stm32f1xx.o
 .debug_aranges
                0x00001118       0x50 Src/tim.o
 .debug_aranges
                0x00001168       0x30 Src/usart.o
 .debug_aranges
                0x00001198       0x28 startup/startup_stm32f103xb.o

.debug_ranges   0x00000000     0x1018
 .debug_ranges  0x00000000       0xc0 Drivers/STM32F1xx_HAL_Driver/Src/stm32f1xx_hal.o
 .debug_ranges  0x000000c0       0xf0 Drivers/STM32F1xx_HAL_Driver/Src/stm32f1xx_hal_cortex.o
 .debug_ranges  0x000001b0       0x70 Drivers/STM32F1xx_HAL_Driver/Src/stm32f1xx_hal_dma.o
 .debug_ranges  0x00000220       0x48 Drivers/STM32F1xx_HAL_Driver/Src/stm32f1xx_hal_gpio.o
 .debug_ranges  0x00000268      0x258 Drivers/STM32F1xx_HAL_Driver/Src/stm32f1xx_hal_i2c.o
 .debug_ranges  0x000004c0       0x80 Drivers/STM32F1xx_HAL_Driver/Src/stm32f1xx_hal_rcc.o
 .debug_ranges  0x00000540      0x1c0 Drivers/STM32F1xx_HAL_Driver/Src/stm32f1xx_hal_spi.o
 .debug_ranges  0x00000700       0x10 Drivers/STM32F1xx_HAL_Driver/Src/stm32f1xx_hal_spi_ex.o
 .debug_ranges  0x00000710      0x358 Drivers/STM32F1xx_HAL_Driver/Src/stm32f1xx_hal_tim.o
 .debug_ranges  0x00000a68      0x128 Drivers/STM32F1xx_HAL_Driver/Src/stm32f1xx_hal_tim_ex.o
 .debug_ranges  0x00000b90      0x1c0 Drivers/STM32F1xx_HAL_Driver/Src/stm32f1xx_hal_uart.o
 .debug_ranges  0x00000d50       0x18 Src/MCP23017.o
 .debug_ranges  0x00000d68       0x20 Src/MCP_button.o
 .debug_ranges  0x00000d88       0x50 Src/dig_LED.o
 .debug_ranges  0x00000dd8       0x10 Src/dma.o
 .debug_ranges  0x00000de8       0x10 Src/gpio.o
 .debug_ranges  0x00000df8       0x20 Src/i2c.o
 .debug_ranges  0x00000e18       0x80 Src/lcd.o
 .debug_ranges  0x00000e98       0x28 Src/main.o
 .debug_ranges  0x00000ec0       0x20 Src/sequencer.o
 .debug_ranges  0x00000ee0       0x28 Src/spi.o
 .debug_ranges  0x00000f08       0x10 Src/stm32f1xx_hal_msp.o
 .debug_ranges  0x00000f18       0x68 Src/stm32f1xx_it.o
 .debug_ranges  0x00000f80       0x18 Src/system_stm32f1xx.o
 .debug_ranges  0x00000f98       0x40 Src/tim.o
 .debug_ranges  0x00000fd8       0x20 Src/usart.o
 .debug_ranges  0x00000ff8       0x20 startup/startup_stm32f103xb.o

.debug_macro    0x00000000    0x18cb0
 .debug_macro   0x00000000      0x337 Drivers/STM32F1xx_HAL_Driver/Src/stm32f1xx_hal.o
 .debug_macro   0x00000337      0x8bc Drivers/STM32F1xx_HAL_Driver/Src/stm32f1xx_hal.o
 .debug_macro   0x00000bf3       0xd0 Drivers/STM32F1xx_HAL_Driver/Src/stm32f1xx_hal.o
 .debug_macro   0x00000cc3      0x17b Drivers/STM32F1xx_HAL_Driver/Src/stm32f1xx_hal.o
 .debug_macro   0x00000e3e       0x2e Drivers/STM32F1xx_HAL_Driver/Src/stm32f1xx_hal.o
 .debug_macro   0x00000e6c       0x22 Drivers/STM32F1xx_HAL_Driver/Src/stm32f1xx_hal.o
 .debug_macro   0x00000e8e       0x22 Drivers/STM32F1xx_HAL_Driver/Src/stm32f1xx_hal.o
 .debug_macro   0x00000eb0       0x87 Drivers/STM32F1xx_HAL_Driver/Src/stm32f1xx_hal.o
 .debug_macro   0x00000f37       0x51 Drivers/STM32F1xx_HAL_Driver/Src/stm32f1xx_hal.o
 .debug_macro   0x00000f88       0xef Drivers/STM32F1xx_HAL_Driver/Src/stm32f1xx_hal.o
 .debug_macro   0x00001077       0x6a Drivers/STM32F1xx_HAL_Driver/Src/stm32f1xx_hal.o
 .debug_macro   0x000010e1      0x1df Drivers/STM32F1xx_HAL_Driver/Src/stm32f1xx_hal.o
 .debug_macro   0x000012c0       0x34 Drivers/STM32F1xx_HAL_Driver/Src/stm32f1xx_hal.o
 .debug_macro   0x000012f4       0x34 Drivers/STM32F1xx_HAL_Driver/Src/stm32f1xx_hal.o
 .debug_macro   0x00001328      0xb8e Drivers/STM32F1xx_HAL_Driver/Src/stm32f1xx_hal.o
 .debug_macro   0x00001eb6     0xe90a Drivers/STM32F1xx_HAL_Driver/Src/stm32f1xx_hal.o
 .debug_macro   0x000107c0       0x43 Drivers/STM32F1xx_HAL_Driver/Src/stm32f1xx_hal.o
 .debug_macro   0x00010803       0x58 Drivers/STM32F1xx_HAL_Driver/Src/stm32f1xx_hal.o
 .debug_macro   0x0001085b       0x35 Drivers/STM32F1xx_HAL_Driver/Src/stm32f1xx_hal.o
 .debug_macro   0x00010890       0x9c Drivers/STM32F1xx_HAL_Driver/Src/stm32f1xx_hal.o
 .debug_macro   0x0001092c       0x16 Drivers/STM32F1xx_HAL_Driver/Src/stm32f1xx_hal.o
 .debug_macro   0x00010942       0x97 Drivers/STM32F1xx_HAL_Driver/Src/stm32f1xx_hal.o
 .debug_macro   0x000109d9      0x330 Drivers/STM32F1xx_HAL_Driver/Src/stm32f1xx_hal.o
 .debug_macro   0x00010d09       0xfd Drivers/STM32F1xx_HAL_Driver/Src/stm32f1xx_hal.o
 .debug_macro   0x00010e06       0x10 Drivers/STM32F1xx_HAL_Driver/Src/stm32f1xx_hal.o
 .debug_macro   0x00010e16       0x58 Drivers/STM32F1xx_HAL_Driver/Src/stm32f1xx_hal.o
 .debug_macro   0x00010e6e       0x1f Drivers/STM32F1xx_HAL_Driver/Src/stm32f1xx_hal.o
 .debug_macro   0x00010e8d       0x43 Drivers/STM32F1xx_HAL_Driver/Src/stm32f1xx_hal.o
 .debug_macro   0x00010ed0       0x20 Drivers/STM32F1xx_HAL_Driver/Src/stm32f1xx_hal.o
 .debug_macro   0x00010ef0      0x187 Drivers/STM32F1xx_HAL_Driver/Src/stm32f1xx_hal.o
 .debug_macro   0x00011077       0x10 Drivers/STM32F1xx_HAL_Driver/Src/stm32f1xx_hal.o
 .debug_macro   0x00011087       0x1c Drivers/STM32F1xx_HAL_Driver/Src/stm32f1xx_hal.o
 .debug_macro   0x000110a3       0x52 Drivers/STM32F1xx_HAL_Driver/Src/stm32f1xx_hal.o
 .debug_macro   0x000110f5       0x40 Drivers/STM32F1xx_HAL_Driver/Src/stm32f1xx_hal.o
 .debug_macro   0x00011135       0x10 Drivers/STM32F1xx_HAL_Driver/Src/stm32f1xx_hal.o
 .debug_macro   0x00011145       0x40 Drivers/STM32F1xx_HAL_Driver/Src/stm32f1xx_hal.o
 .debug_macro   0x00011185       0xd7 Drivers/STM32F1xx_HAL_Driver/Src/stm32f1xx_hal.o
 .debug_macro   0x0001125c       0x16 Drivers/STM32F1xx_HAL_Driver/Src/stm32f1xx_hal.o
 .debug_macro   0x00011272      0x18b Drivers/STM32F1xx_HAL_Driver/Src/stm32f1xx_hal.o
 .debug_macro   0x000113fd       0x50 Drivers/STM32F1xx_HAL_Driver/Src/stm32f1xx_hal.o
 .debug_macro   0x0001144d      0x5c2 Drivers/STM32F1xx_HAL_Driver/Src/stm32f1xx_hal.o
 .debug_macro   0x00011a0f      0x28a Drivers/STM32F1xx_HAL_Driver/Src/stm32f1xx_hal.o
 .debug_macro   0x00011c99      0x1cb Drivers/STM32F1xx_HAL_Driver/Src/stm32f1xx_hal.o
 .debug_macro   0x00011e64      0x11e Drivers/STM32F1xx_HAL_Driver/Src/stm32f1xx_hal.o
 .debug_macro   0x00011f82      0x1b3 Drivers/STM32F1xx_HAL_Driver/Src/stm32f1xx_hal.o
 .debug_macro   0x00012135       0x27 Drivers/STM32F1xx_HAL_Driver/Src/stm32f1xx_hal.o
 .debug_macro   0x0001215c      0x1bc Drivers/STM32F1xx_HAL_Driver/Src/stm32f1xx_hal.o
 .debug_macro   0x00012318       0x34 Drivers/STM32F1xx_HAL_Driver/Src/stm32f1xx_hal.o
 .debug_macro   0x0001234c       0x3c Drivers/STM32F1xx_HAL_Driver/Src/stm32f1xx_hal.o
 .debug_macro   0x00012388       0x57 Drivers/STM32F1xx_HAL_Driver/Src/stm32f1xx_hal.o
 .debug_macro   0x000123df       0x8c Drivers/STM32F1xx_HAL_Driver/Src/stm32f1xx_hal.o
 .debug_macro   0x0001246b      0x242 Drivers/STM32F1xx_HAL_Driver/Src/stm32f1xx_hal.o
 .debug_macro   0x000126ad      0x264 Drivers/STM32F1xx_HAL_Driver/Src/stm32f1xx_hal.o
 .debug_macro   0x00012911      0x143 Drivers/STM32F1xx_HAL_Driver/Src/stm32f1xx_hal.o
 .debug_macro   0x00012a54      0x1f4 Drivers/STM32F1xx_HAL_Driver/Src/stm32f1xx_hal.o
 .debug_macro   0x00012c48      0x84c Drivers/STM32F1xx_HAL_Driver/Src/stm32f1xx_hal.o
 .debug_macro   0x00013494       0x1f Drivers/STM32F1xx_HAL_Driver/Src/stm32f1xx_hal.o
 .debug_macro   0x000134b3      0x26b Drivers/STM32F1xx_HAL_Driver/Src/stm32f1xx_hal.o
 .debug_macro   0x0001371e       0x83 Drivers/STM32F1xx_HAL_Driver/Src/stm32f1xx_hal.o
 .debug_macro   0x000137a1      0x313 Drivers/STM32F1xx_HAL_Driver/Src/stm32f1xx_hal_cortex.o
 .debug_macro   0x00013ab4      0x313 Drivers/STM32F1xx_HAL_Driver/Src/stm32f1xx_hal_dma.o
 .debug_macro   0x00013dc7      0x383 Drivers/STM32F1xx_HAL_Driver/Src/stm32f1xx_hal_gpio.o
 .debug_macro   0x0001414a      0x353 Drivers/STM32F1xx_HAL_Driver/Src/stm32f1xx_hal_i2c.o
 .debug_macro   0x0001449d      0x325 Drivers/STM32F1xx_HAL_Driver/Src/stm32f1xx_hal_rcc.o
 .debug_macro   0x000147c2      0x31b Drivers/STM32F1xx_HAL_Driver/Src/stm32f1xx_hal_spi.o
 .debug_macro   0x00014add      0x313 Drivers/STM32F1xx_HAL_Driver/Src/stm32f1xx_hal_spi_ex.o
 .debug_macro   0x00014df0      0x313 Drivers/STM32F1xx_HAL_Driver/Src/stm32f1xx_hal_tim.o
 .debug_macro   0x00015103      0x313 Drivers/STM32F1xx_HAL_Driver/Src/stm32f1xx_hal_tim_ex.o
 .debug_macro   0x00015416      0x314 Drivers/STM32F1xx_HAL_Driver/Src/stm32f1xx_hal_uart.o
 .debug_macro   0x0001572a      0x335 Src/MCP23017.o
 .debug_macro   0x00015a5f       0x16 Src/MCP23017.o
 .debug_macro   0x00015a75       0xe8 Src/MCP23017.o
 .debug_macro   0x00015b5d      0x348 Src/MCP_button.o
 .debug_macro   0x00015ea5       0x10 Src/MCP_button.o
 .debug_macro   0x00015eb5       0x3a Src/MCP_button.o
 .debug_macro   0x00015eef       0x28 Src/MCP_button.o
 .debug_macro   0x00015f17      0x33d Src/dig_LED.o
 .debug_macro   0x00016254       0x52 Src/dig_LED.o
 .debug_macro   0x000162a6       0x8d Src/dig_LED.o
 .debug_macro   0x00016333       0x57 Src/dig_LED.o
 .debug_macro   0x0001638a       0x16 Src/dig_LED.o
 .debug_macro   0x000163a0       0x35 Src/dig_LED.o
 .debug_macro   0x000163d5       0x52 Src/dig_LED.o
 .debug_macro   0x00016427      0x31d Src/dma.o
 .debug_macro   0x00016744      0x314 Src/gpio.o
 .debug_macro   0x00016a58      0x321 Src/i2c.o
 .debug_macro   0x00016d79      0x31c Src/lcd.o
 .debug_macro   0x00017095       0xc4 Src/lcd.o
 .debug_macro   0x00017159      0x418 Src/main.o
 .debug_macro   0x00017571       0x16 Src/main.o
 .debug_macro   0x00017587       0x16 Src/main.o
 .debug_macro   0x0001759d       0x29 Src/main.o
 .debug_macro   0x000175c6       0x2e Src/main.o
 .debug_macro   0x000175f4       0x2e Src/main.o
 .debug_macro   0x00017622      0x3bb Src/sequencer.o
 .debug_macro   0x000179dd      0x321 Src/spi.o
 .debug_macro   0x00017cfe      0x313 Src/stm32f1xx_hal_msp.o
 .debug_macro   0x00018011      0x339 Src/stm32f1xx_it.o
 .debug_macro   0x0001834a      0x31e Src/system_stm32f1xx.o
 .debug_macro   0x00018668      0x327 Src/tim.o
 .debug_macro   0x0001898f      0x321 Src/usart.o

.debug_line     0x00000000    0x10456
 .debug_line    0x00000000      0x8ac Drivers/STM32F1xx_HAL_Driver/Src/stm32f1xx_hal.o
 .debug_line    0x000008ac      0x99b Drivers/STM32F1xx_HAL_Driver/Src/stm32f1xx_hal_cortex.o
 .debug_line    0x00001247      0xb32 Drivers/STM32F1xx_HAL_Driver/Src/stm32f1xx_hal_dma.o
 .debug_line    0x00001d79      0x8e4 Drivers/STM32F1xx_HAL_Driver/Src/stm32f1xx_hal_gpio.o
 .debug_line    0x0000265d     0x17a6 Drivers/STM32F1xx_HAL_Driver/Src/stm32f1xx_hal_i2c.o
 .debug_line    0x00003e03      0x992 Drivers/STM32F1xx_HAL_Driver/Src/stm32f1xx_hal_rcc.o
 .debug_line    0x00004795     0x106b Drivers/STM32F1xx_HAL_Driver/Src/stm32f1xx_hal_spi.o
 .debug_line    0x00005800      0x718 Drivers/STM32F1xx_HAL_Driver/Src/stm32f1xx_hal_spi_ex.o
 .debug_line    0x00005f18     0x1676 Drivers/STM32F1xx_HAL_Driver/Src/stm32f1xx_hal_tim.o
 .debug_line    0x0000758e      0xc69 Drivers/STM32F1xx_HAL_Driver/Src/stm32f1xx_hal_tim_ex.o
 .debug_line    0x000081f7      0xfbd Drivers/STM32F1xx_HAL_Driver/Src/stm32f1xx_hal_uart.o
 .debug_line    0x000091b4      0x778 Src/MCP23017.o
 .debug_line    0x0000992c      0x78e Src/MCP_button.o
 .debug_line    0x0000a0ba      0x9b1 Src/dig_LED.o
 .debug_line    0x0000aa6b      0x6e0 Src/dma.o
 .debug_line    0x0000b14b      0x6e4 Src/gpio.o
 .debug_line    0x0000b82f      0x716 Src/i2c.o
 .debug_line    0x0000bf45      0x85d Src/lcd.o
 .debug_line    0x0000c7a2      0x847 Src/main.o
 .debug_line    0x0000cfe9      0x805 Src/sequencer.o
 .debug_line    0x0000d7ee      0x74c Src/spi.o
 .debug_line    0x0000df3a      0x6ee Src/stm32f1xx_hal_msp.o
 .debug_line    0x0000e628      0x7e5 Src/stm32f1xx_it.o
 .debug_line    0x0000ee0d      0x722 Src/system_stm32f1xx.o
 .debug_line    0x0000f52f      0x78f Src/tim.o
 .debug_line    0x0000fcbe      0x71b Src/usart.o
 .debug_line    0x000103d9       0x7d startup/startup_stm32f103xb.o

.debug_str      0x00000000    0x760ff
 .debug_str     0x00000000    0x7114f Drivers/STM32F1xx_HAL_Driver/Src/stm32f1xx_hal.o
                              0x714ec (size before relaxing)
 .debug_str     0x0007114f      0x326 Drivers/STM32F1xx_HAL_Driver/Src/stm32f1xx_hal_cortex.o
                              0x71486 (size before relaxing)
 .debug_str     0x00071475      0x3e6 Drivers/STM32F1xx_HAL_Driver/Src/stm32f1xx_hal_dma.o
                              0x711de (size before relaxing)
 .debug_str     0x0007185b      0x3a5 Drivers/STM32F1xx_HAL_Driver/Src/stm32f1xx_hal_gpio.o
                              0x711cd (size before relaxing)
 .debug_str     0x00071c00      0xcd8 Drivers/STM32F1xx_HAL_Driver/Src/stm32f1xx_hal_i2c.o
                              0x71cc3 (size before relaxing)
 .debug_str     0x000728d8      0x35d Drivers/STM32F1xx_HAL_Driver/Src/stm32f1xx_hal_rcc.o
                              0x711fb (size before relaxing)
 .debug_str     0x00072c35      0x6ab Drivers/STM32F1xx_HAL_Driver/Src/stm32f1xx_hal_spi.o
                              0x716a3 (size before relaxing)
 .debug_str     0x000732e0       0x3b Drivers/STM32F1xx_HAL_Driver/Src/stm32f1xx_hal_spi_ex.o
                              0x7119e (size before relaxing)
 .debug_str     0x0007331b      0xed7 Drivers/STM32F1xx_HAL_Driver/Src/stm32f1xx_hal_tim.o
                              0x71ecd (size before relaxing)
 .debug_str     0x000741f2      0x527 Drivers/STM32F1xx_HAL_Driver/Src/stm32f1xx_hal_tim_ex.o
                              0x7176a (size before relaxing)
 .debug_str     0x00074719      0x675 Drivers/STM32F1xx_HAL_Driver/Src/stm32f1xx_hal_uart.o
                              0x716d5 (size before relaxing)
 .debug_str     0x00074d8e      0x3b2 Src/MCP23017.o
                              0x7158e (size before relaxing)
 .debug_str     0x00075140      0x11e Src/MCP_button.o
                              0x7180c (size before relaxing)
 .debug_str     0x0007525e      0x2a6 Src/dig_LED.o
                              0x713d1 (size before relaxing)
 .debug_str     0x00075504       0x22 Src/dma.o
                              0x70dd4 (size before relaxing)
 .debug_str     0x00075526       0x2b Src/gpio.o
                              0x70e45 (size before relaxing)
 .debug_str     0x00075551       0x24 Src/i2c.o
                              0x712da (size before relaxing)
 .debug_str     0x00075575      0x563 Src/lcd.o
                              0x71316 (size before relaxing)
 .debug_str     0x00075ad8      0x38e Src/main.o
                              0x7289a (size before relaxing)
 .debug_str     0x00075e66       0x47 Src/sequencer.o
                              0x71b5d (size before relaxing)
 .debug_str     0x00075ead       0x31 Src/spi.o
                              0x71505 (size before relaxing)
 .debug_str     0x00075ede       0x1b Src/stm32f1xx_hal_msp.o
                              0x710dc (size before relaxing)
 .debug_str     0x00075ef9      0x103 Src/stm32f1xx_it.o
                              0x71999 (size before relaxing)
 .debug_str     0x00075ffc       0x69 Src/system_stm32f1xx.o
                              0x70e78 (size before relaxing)
 .debug_str     0x00076065       0x6c Src/tim.o
                              0x716ac (size before relaxing)
 .debug_str     0x000760d1       0x2e Src/usart.o
                              0x71205 (size before relaxing)

.comment        0x00000000       0x7f
 .comment       0x00000000       0x7f Drivers/STM32F1xx_HAL_Driver/Src/stm32f1xx_hal.o
                                 0x80 (size before relaxing)
 .comment       0x0000007f       0x80 Drivers/STM32F1xx_HAL_Driver/Src/stm32f1xx_hal_cortex.o
 .comment       0x0000007f       0x80 Drivers/STM32F1xx_HAL_Driver/Src/stm32f1xx_hal_dma.o
 .comment       0x0000007f       0x80 Drivers/STM32F1xx_HAL_Driver/Src/stm32f1xx_hal_gpio.o
 .comment       0x0000007f       0x80 Drivers/STM32F1xx_HAL_Driver/Src/stm32f1xx_hal_i2c.o
 .comment       0x0000007f       0x80 Drivers/STM32F1xx_HAL_Driver/Src/stm32f1xx_hal_rcc.o
 .comment       0x0000007f       0x80 Drivers/STM32F1xx_HAL_Driver/Src/stm32f1xx_hal_spi.o
 .comment       0x0000007f       0x80 Drivers/STM32F1xx_HAL_Driver/Src/stm32f1xx_hal_spi_ex.o
 .comment       0x0000007f       0x80 Drivers/STM32F1xx_HAL_Driver/Src/stm32f1xx_hal_tim.o
 .comment       0x0000007f       0x80 Drivers/STM32F1xx_HAL_Driver/Src/stm32f1xx_hal_tim_ex.o
 .comment       0x0000007f       0x80 Drivers/STM32F1xx_HAL_Driver/Src/stm32f1xx_hal_uart.o
 .comment       0x0000007f       0x80 Src/MCP23017.o
 .comment       0x0000007f       0x80 Src/MCP_button.o
 .comment       0x0000007f       0x80 Src/dig_LED.o
 .comment       0x0000007f       0x80 Src/dma.o
 .comment       0x0000007f       0x80 Src/gpio.o
 .comment       0x0000007f       0x80 Src/i2c.o
 .comment       0x0000007f       0x80 Src/lcd.o
 .comment       0x0000007f       0x80 Src/main.o
 .comment       0x0000007f       0x80 Src/sequencer.o
 .comment       0x0000007f       0x80 Src/spi.o
 .comment       0x0000007f       0x80 Src/stm32f1xx_hal_msp.o
 .comment       0x0000007f       0x80 Src/stm32f1xx_it.o
 .comment       0x0000007f       0x80 Src/system_stm32f1xx.o
 .comment       0x0000007f       0x80 Src/tim.o
 .comment       0x0000007f       0x80 Src/usart.o

.debug_frame    0x00000000     0x4a10
 .debug_frame   0x00000000      0x2fc Drivers/STM32F1xx_HAL_Driver/Src/stm32f1xx_hal.o
 .debug_frame   0x000002fc      0x428 Drivers/STM32F1xx_HAL_Driver/Src/stm32f1xx_hal_cortex.o
 .debug_frame   0x00000724      0x208 Drivers/STM32F1xx_HAL_Driver/Src/stm32f1xx_hal_dma.o
 .debug_frame   0x0000092c      0x14c Drivers/STM32F1xx_HAL_Driver/Src/stm32f1xx_hal_gpio.o
 .debug_frame   0x00000a78      0xb30 Drivers/STM32F1xx_HAL_Driver/Src/stm32f1xx_hal_i2c.o
 .debug_frame   0x000015a8      0x21c Drivers/STM32F1xx_HAL_Driver/Src/stm32f1xx_hal_rcc.o
 .debug_frame   0x000017c4      0x824 Drivers/STM32F1xx_HAL_Driver/Src/stm32f1xx_hal_spi.o
 .debug_frame   0x00001fe8       0x34 Drivers/STM32F1xx_HAL_Driver/Src/stm32f1xx_hal_spi_ex.o
 .debug_frame   0x0000201c      0xfb4 Drivers/STM32F1xx_HAL_Driver/Src/stm32f1xx_hal_tim.o
 .debug_frame   0x00002fd0      0x54c Drivers/STM32F1xx_HAL_Driver/Src/stm32f1xx_hal_tim_ex.o
 .debug_frame   0x0000351c      0x83c Drivers/STM32F1xx_HAL_Driver/Src/stm32f1xx_hal_uart.o
 .debug_frame   0x00003d58       0x5c Src/MCP23017.o
 .debug_frame   0x00003db4       0x80 Src/MCP_button.o
 .debug_frame   0x00003e34      0x18c Src/dig_LED.o
 .debug_frame   0x00003fc0       0x38 Src/dma.o
 .debug_frame   0x00003ff8       0x34 Src/gpio.o
 .debug_frame   0x0000402c       0x74 Src/i2c.o
 .debug_frame   0x000040a0      0x220 Src/lcd.o
 .debug_frame   0x000042c0       0x90 Src/main.o
 .debug_frame   0x00004350       0x90 Src/sequencer.o
 .debug_frame   0x000043e0       0x90 Src/spi.o
 .debug_frame   0x00004470       0x34 Src/stm32f1xx_hal_msp.o
 .debug_frame   0x000044a4      0x160 Src/stm32f1xx_it.o
 .debug_frame   0x00004604       0x58 Src/system_stm32f1xx.o
 .debug_frame   0x0000465c      0x10c Src/tim.o
 .debug_frame   0x00004768       0x74 Src/usart.o
 .debug_frame   0x000047dc       0xac c:/ac6/systemworkbench/plugins/fr.ac6.mcu.externaltools.arm-none.win32_1.15.0.201708311556/tools/compiler/bin/../lib/gcc/arm-none-eabi/6.3.1/thumb/v7-m\libgcc.a(_arm_addsubdf3.o)
 .debug_frame   0x00004888       0x50 c:/ac6/systemworkbench/plugins/fr.ac6.mcu.externaltools.arm-none.win32_1.15.0.201708311556/tools/compiler/bin/../lib/gcc/arm-none-eabi/6.3.1/thumb/v7-m\libgcc.a(_arm_muldivdf3.o)
 .debug_frame   0x000048d8       0xc4 c:/ac6/systemworkbench/plugins/fr.ac6.mcu.externaltools.arm-none.win32_1.15.0.201708311556/tools/compiler/bin/../lib/gcc/arm-none-eabi/6.3.1/thumb/v7-m\libgcc.a(_arm_cmpdf2.o)
 .debug_frame   0x0000499c       0x24 c:/ac6/systemworkbench/plugins/fr.ac6.mcu.externaltools.arm-none.win32_1.15.0.201708311556/tools/compiler/bin/../lib/gcc/arm-none-eabi/6.3.1/thumb/v7-m\libgcc.a(_arm_fixdfsi.o)
 .debug_frame   0x000049c0       0x24 c:/ac6/systemworkbench/plugins/fr.ac6.mcu.externaltools.arm-none.win32_1.15.0.201708311556/tools/compiler/bin/../lib/gcc/arm-none-eabi/6.3.1/thumb/v7-m\libgcc.a(_arm_fixunsdfsi.o)
 .debug_frame   0x000049e4       0x2c c:/ac6/systemworkbench/plugins/fr.ac6.mcu.externaltools.arm-none.win32_1.15.0.201708311556/tools/compiler/bin/../lib/gcc/arm-none-eabi/6.3.1/../../../../arm-none-eabi/lib/thumb/v7-m\libc_nano.a(lib_a-init.o)
