15:40:08 **** Clean-only build of configuration Debug for project My_HAL ****
make clean 
rm -rf *
 
15:40:09 **** Build of configuration Debug for project My_HAL ****
make all 
Building file: ../startup/startup_stm32f103xb.s
Invoking: MCU GCC Assembler
C:\Synthesizer\My_HAL\Debug
arm-none-eabi-as -mcpu=cortex-m3 -mthumb -mfloat-abi=soft -g -o "startup/startup_stm32f103xb.o" "../startup/startup_stm32f103xb.s"
Finished building: ../startup/startup_stm32f103xb.s
 
Building file: ../Src/MCP23017.c
Invoking: MCU GCC Compiler
C:\Synthesizer\My_HAL\Debug
arm-none-eabi-gcc -mcpu=cortex-m3 -mthumb -mfloat-abi=soft '-D__weak=__attribute__((weak))' '-D__packed=__attribute__((__packed__))' -DUSE_HAL_DRIVER -DSTM32F103xB -I"C:/Synthesizer/My_HAL/Inc" -I"C:/Synthesizer/My_HAL/Drivers/STM32F1xx_HAL_Driver/Inc" -I"C:/Synthesizer/My_HAL/Drivers/STM32F1xx_HAL_Driver/Inc/Legacy" -I"C:/Synthesizer/My_HAL/Drivers/CMSIS/Device/ST/STM32F1xx/Include" -I"C:/Synthesizer/My_HAL/Drivers/CMSIS/Include" -I../MT_WH1602  -O0 -g3 -Wall -fmessage-length=0 -ffunction-sections -c -fmessage-length=0 -MMD -MP -MF"Src/MCP23017.d" -MT"Src/MCP23017.o" -o "Src/MCP23017.o" "../Src/MCP23017.c"
Finished building: ../Src/MCP23017.c
 
Building file: ../Src/MCP_button.c
Invoking: MCU GCC Compiler
C:\Synthesizer\My_HAL\Debug
arm-none-eabi-gcc -mcpu=cortex-m3 -mthumb -mfloat-abi=soft '-D__weak=__attribute__((weak))' '-D__packed=__attribute__((__packed__))' -DUSE_HAL_DRIVER -DSTM32F103xB -I"C:/Synthesizer/My_HAL/Inc" -I"C:/Synthesizer/My_HAL/Drivers/STM32F1xx_HAL_Driver/Inc" -I"C:/Synthesizer/My_HAL/Drivers/STM32F1xx_HAL_Driver/Inc/Legacy" -I"C:/Synthesizer/My_HAL/Drivers/CMSIS/Device/ST/STM32F1xx/Include" -I"C:/Synthesizer/My_HAL/Drivers/CMSIS/Include" -I../MT_WH1602  -O0 -g3 -Wall -fmessage-length=0 -ffunction-sections -c -fmessage-length=0 -MMD -MP -MF"Src/MCP_button.d" -MT"Src/MCP_button.o" -o "Src/MCP_button.o" "../Src/MCP_button.c"
../Src/MCP_button.c: In function 'BTN_Read_All':
../Src/MCP_button.c:59:1: warning: control reaches end of non-void function [-Wreturn-type]
 }
 ^
Finished building: ../Src/MCP_button.c
 
Building file: ../Src/MCP_encoder.c
Invoking: MCU GCC Compiler
C:\Synthesizer\My_HAL\Debug
arm-none-eabi-gcc -mcpu=cortex-m3 -mthumb -mfloat-abi=soft '-D__weak=__attribute__((weak))' '-D__packed=__attribute__((__packed__))' -DUSE_HAL_DRIVER -DSTM32F103xB -I"C:/Synthesizer/My_HAL/Inc" -I"C:/Synthesizer/My_HAL/Drivers/STM32F1xx_HAL_Driver/Inc" -I"C:/Synthesizer/My_HAL/Drivers/STM32F1xx_HAL_Driver/Inc/Legacy" -I"C:/Synthesizer/My_HAL/Drivers/CMSIS/Device/ST/STM32F1xx/Include" -I"C:/Synthesizer/My_HAL/Drivers/CMSIS/Include" -I../MT_WH1602  -O0 -g3 -Wall -fmessage-length=0 -ffunction-sections -c -fmessage-length=0 -MMD -MP -MF"Src/MCP_encoder.d" -MT"Src/MCP_encoder.o" -o "Src/MCP_encoder.o" "../Src/MCP_encoder.c"
Finished building: ../Src/MCP_encoder.c
 
Building file: ../Src/button.c
Invoking: MCU GCC Compiler
C:\Synthesizer\My_HAL\Debug
arm-none-eabi-gcc -mcpu=cortex-m3 -mthumb -mfloat-abi=soft '-D__weak=__attribute__((weak))' '-D__packed=__attribute__((__packed__))' -DUSE_HAL_DRIVER -DSTM32F103xB -I"C:/Synthesizer/My_HAL/Inc" -I"C:/Synthesizer/My_HAL/Drivers/STM32F1xx_HAL_Driver/Inc" -I"C:/Synthesizer/My_HAL/Drivers/STM32F1xx_HAL_Driver/Inc/Legacy" -I"C:/Synthesizer/My_HAL/Drivers/CMSIS/Device/ST/STM32F1xx/Include" -I"C:/Synthesizer/My_HAL/Drivers/CMSIS/Include" -I../MT_WH1602  -O0 -g3 -Wall -fmessage-length=0 -ffunction-sections -c -fmessage-length=0 -MMD -MP -MF"Src/button.d" -MT"Src/button.o" -o "Src/button.o" "../Src/button.c"
Finished building: ../Src/button.c
 
Building file: ../Src/dig_LED.c
Invoking: MCU GCC Compiler
C:\Synthesizer\My_HAL\Debug
arm-none-eabi-gcc -mcpu=cortex-m3 -mthumb -mfloat-abi=soft '-D__weak=__attribute__((weak))' '-D__packed=__attribute__((__packed__))' -DUSE_HAL_DRIVER -DSTM32F103xB -I"C:/Synthesizer/My_HAL/Inc" -I"C:/Synthesizer/My_HAL/Drivers/STM32F1xx_HAL_Driver/Inc" -I"C:/Synthesizer/My_HAL/Drivers/STM32F1xx_HAL_Driver/Inc/Legacy" -I"C:/Synthesizer/My_HAL/Drivers/CMSIS/Device/ST/STM32F1xx/Include" -I"C:/Synthesizer/My_HAL/Drivers/CMSIS/Include" -I../MT_WH1602  -O0 -g3 -Wall -fmessage-length=0 -ffunction-sections -c -fmessage-length=0 -MMD -MP -MF"Src/dig_LED.d" -MT"Src/dig_LED.o" -o "Src/dig_LED.o" "../Src/dig_LED.c"
Finished building: ../Src/dig_LED.c
 
Building file: ../Src/dma.c
Invoking: MCU GCC Compiler
C:\Synthesizer\My_HAL\Debug
arm-none-eabi-gcc -mcpu=cortex-m3 -mthumb -mfloat-abi=soft '-D__weak=__attribute__((weak))' '-D__packed=__attribute__((__packed__))' -DUSE_HAL_DRIVER -DSTM32F103xB -I"C:/Synthesizer/My_HAL/Inc" -I"C:/Synthesizer/My_HAL/Drivers/STM32F1xx_HAL_Driver/Inc" -I"C:/Synthesizer/My_HAL/Drivers/STM32F1xx_HAL_Driver/Inc/Legacy" -I"C:/Synthesizer/My_HAL/Drivers/CMSIS/Device/ST/STM32F1xx/Include" -I"C:/Synthesizer/My_HAL/Drivers/CMSIS/Include" -I../MT_WH1602  -O0 -g3 -Wall -fmessage-length=0 -ffunction-sections -c -fmessage-length=0 -MMD -MP -MF"Src/dma.d" -MT"Src/dma.o" -o "Src/dma.o" "../Src/dma.c"
Finished building: ../Src/dma.c
 
Building file: ../Src/encoder.c
Invoking: MCU GCC Compiler
C:\Synthesizer\My_HAL\Debug
arm-none-eabi-gcc -mcpu=cortex-m3 -mthumb -mfloat-abi=soft '-D__weak=__attribute__((weak))' '-D__packed=__attribute__((__packed__))' -DUSE_HAL_DRIVER -DSTM32F103xB -I"C:/Synthesizer/My_HAL/Inc" -I"C:/Synthesizer/My_HAL/Drivers/STM32F1xx_HAL_Driver/Inc" -I"C:/Synthesizer/My_HAL/Drivers/STM32F1xx_HAL_Driver/Inc/Legacy" -I"C:/Synthesizer/My_HAL/Drivers/CMSIS/Device/ST/STM32F1xx/Include" -I"C:/Synthesizer/My_HAL/Drivers/CMSIS/Include" -I../MT_WH1602  -O0 -g3 -Wall -fmessage-length=0 -ffunction-sections -c -fmessage-length=0 -MMD -MP -MF"Src/encoder.d" -MT"Src/encoder.o" -o "Src/encoder.o" "../Src/encoder.c"
Finished building: ../Src/encoder.c
 
Building file: ../Src/gpio.c
Invoking: MCU GCC Compiler
C:\Synthesizer\My_HAL\Debug
arm-none-eabi-gcc -mcpu=cortex-m3 -mthumb -mfloat-abi=soft '-D__weak=__attribute__((weak))' '-D__packed=__attribute__((__packed__))' -DUSE_HAL_DRIVER -DSTM32F103xB -I"C:/Synthesizer/My_HAL/Inc" -I"C:/Synthesizer/My_HAL/Drivers/STM32F1xx_HAL_Driver/Inc" -I"C:/Synthesizer/My_HAL/Drivers/STM32F1xx_HAL_Driver/Inc/Legacy" -I"C:/Synthesizer/My_HAL/Drivers/CMSIS/Device/ST/STM32F1xx/Include" -I"C:/Synthesizer/My_HAL/Drivers/CMSIS/Include" -I../MT_WH1602  -O0 -g3 -Wall -fmessage-length=0 -ffunction-sections -c -fmessage-length=0 -MMD -MP -MF"Src/gpio.d" -MT"Src/gpio.o" -o "Src/gpio.o" "../Src/gpio.c"
Finished building: ../Src/gpio.c
 
Building file: ../Src/i2c.c
Invoking: MCU GCC Compiler
C:\Synthesizer\My_HAL\Debug
arm-none-eabi-gcc -mcpu=cortex-m3 -mthumb -mfloat-abi=soft '-D__weak=__attribute__((weak))' '-D__packed=__attribute__((__packed__))' -DUSE_HAL_DRIVER -DSTM32F103xB -I"C:/Synthesizer/My_HAL/Inc" -I"C:/Synthesizer/My_HAL/Drivers/STM32F1xx_HAL_Driver/Inc" -I"C:/Synthesizer/My_HAL/Drivers/STM32F1xx_HAL_Driver/Inc/Legacy" -I"C:/Synthesizer/My_HAL/Drivers/CMSIS/Device/ST/STM32F1xx/Include" -I"C:/Synthesizer/My_HAL/Drivers/CMSIS/Include" -I../MT_WH1602  -O0 -g3 -Wall -fmessage-length=0 -ffunction-sections -c -fmessage-length=0 -MMD -MP -MF"Src/i2c.d" -MT"Src/i2c.o" -o "Src/i2c.o" "../Src/i2c.c"
Finished building: ../Src/i2c.c
 
Building file: ../Src/lcd.c
Invoking: MCU GCC Compiler
C:\Synthesizer\My_HAL\Debug
arm-none-eabi-gcc -mcpu=cortex-m3 -mthumb -mfloat-abi=soft '-D__weak=__attribute__((weak))' '-D__packed=__attribute__((__packed__))' -DUSE_HAL_DRIVER -DSTM32F103xB -I"C:/Synthesizer/My_HAL/Inc" -I"C:/Synthesizer/My_HAL/Drivers/STM32F1xx_HAL_Driver/Inc" -I"C:/Synthesizer/My_HAL/Drivers/STM32F1xx_HAL_Driver/Inc/Legacy" -I"C:/Synthesizer/My_HAL/Drivers/CMSIS/Device/ST/STM32F1xx/Include" -I"C:/Synthesizer/My_HAL/Drivers/CMSIS/Include" -I../MT_WH1602  -O0 -g3 -Wall -fmessage-length=0 -ffunction-sections -c -fmessage-length=0 -MMD -MP -MF"Src/lcd.d" -MT"Src/lcd.o" -o "Src/lcd.o" "../Src/lcd.c"
Finished building: ../Src/lcd.c
 
Building file: ../Src/main.c
Invoking: MCU GCC Compiler
C:\Synthesizer\My_HAL\Debug
arm-none-eabi-gcc -mcpu=cortex-m3 -mthumb -mfloat-abi=soft '-D__weak=__attribute__((weak))' '-D__packed=__attribute__((__packed__))' -DUSE_HAL_DRIVER -DSTM32F103xB -I"C:/Synthesizer/My_HAL/Inc" -I"C:/Synthesizer/My_HAL/Drivers/STM32F1xx_HAL_Driver/Inc" -I"C:/Synthesizer/My_HAL/Drivers/STM32F1xx_HAL_Driver/Inc/Legacy" -I"C:/Synthesizer/My_HAL/Drivers/CMSIS/Device/ST/STM32F1xx/Include" -I"C:/Synthesizer/My_HAL/Drivers/CMSIS/Include" -I../MT_WH1602  -O0 -g3 -Wall -fmessage-length=0 -ffunction-sections -c -fmessage-length=0 -MMD -MP -MF"Src/main.d" -MT"Src/main.o" -o "Src/main.o" "../Src/main.c"
../Src/main.c: In function 'main':
../Src/main.c:155:49: error: 'a' undeclared (first use in this function)
   sequencer_func(BTN_Read_All(MCP23017_ADDR(3), a));
                                                 ^
../Src/main.c:155:49: note: each undeclared identifier is reported only once for each function it appears in
make: *** [Src/main.o] Error 1
Src/subdir.mk:75: recipe for target 'Src/main.o' failed
15:40:34 **** Incremental Build of configuration Debug for project My_HAL ****
make all 
Building file: ../Src/main.c
Invoking: MCU GCC Compiler
C:\Synthesizer\My_HAL\Debug
arm-none-eabi-gcc -mcpu=cortex-m3 -mthumb -mfloat-abi=soft '-D__weak=__attribute__((weak))' '-D__packed=__attribute__((__packed__))' -DUSE_HAL_DRIVER -DSTM32F103xB -I"C:/Synthesizer/My_HAL/Inc" -I"C:/Synthesizer/My_HAL/Drivers/STM32F1xx_HAL_Driver/Inc" -I"C:/Synthesizer/My_HAL/Drivers/STM32F1xx_HAL_Driver/Inc/Legacy" -I"C:/Synthesizer/My_HAL/Drivers/CMSIS/Device/ST/STM32F1xx/Include" -I"C:/Synthesizer/My_HAL/Drivers/CMSIS/Include" -I../MT_WH1602  -O0 -g3 -Wall -fmessage-length=0 -ffunction-sections -c -fmessage-length=0 -MMD -MP -MF"Src/main.d" -MT"Src/main.o" -o "Src/main.o" "../Src/main.c"
../Src/main.c: In function 'main':
../Src/main.c:154:18: warning: passing argument 1 of 'sequencer_func' makes integer from pointer without a cast [-Wint-conversion]
   sequencer_func(BTN_Read_All(MCP23017_ADDR(3), a));
                  ^~~~~~~~~~~~
In file included from ../Src/main.c:26:0:
C:/Synthesizer/My_HAL/Inc/sequencer.h:40:6: note: expected 'u8 {aka unsigned char}' but argument is of type 'void *'
 void sequencer_func(u8 i);
      ^~~~~~~~~~~~~~
Finished building: ../Src/main.c
 
Building file: ../Src/reg.c
Invoking: MCU GCC Compiler
C:\Synthesizer\My_HAL\Debug
arm-none-eabi-gcc -mcpu=cortex-m3 -mthumb -mfloat-abi=soft '-D__weak=__attribute__((weak))' '-D__packed=__attribute__((__packed__))' -DUSE_HAL_DRIVER -DSTM32F103xB -I"C:/Synthesizer/My_HAL/Inc" -I"C:/Synthesizer/My_HAL/Drivers/STM32F1xx_HAL_Driver/Inc" -I"C:/Synthesizer/My_HAL/Drivers/STM32F1xx_HAL_Driver/Inc/Legacy" -I"C:/Synthesizer/My_HAL/Drivers/CMSIS/Device/ST/STM32F1xx/Include" -I"C:/Synthesizer/My_HAL/Drivers/CMSIS/Include" -I../MT_WH1602  -O0 -g3 -Wall -fmessage-length=0 -ffunction-sections -c -fmessage-length=0 -MMD -MP -MF"Src/reg.d" -MT"Src/reg.o" -o "Src/reg.o" "../Src/reg.c"
Finished building: ../Src/reg.c
 
Building file: ../Src/sequencer.c
Invoking: MCU GCC Compiler
C:\Synthesizer\My_HAL\Debug
arm-none-eabi-gcc -mcpu=cortex-m3 -mthumb -mfloat-abi=soft '-D__weak=__attribute__((weak))' '-D__packed=__attribute__((__packed__))' -DUSE_HAL_DRIVER -DSTM32F103xB -I"C:/Synthesizer/My_HAL/Inc" -I"C:/Synthesizer/My_HAL/Drivers/STM32F1xx_HAL_Driver/Inc" -I"C:/Synthesizer/My_HAL/Drivers/STM32F1xx_HAL_Driver/Inc/Legacy" -I"C:/Synthesizer/My_HAL/Drivers/CMSIS/Device/ST/STM32F1xx/Include" -I"C:/Synthesizer/My_HAL/Drivers/CMSIS/Include" -I../MT_WH1602  -O0 -g3 -Wall -fmessage-length=0 -ffunction-sections -c -fmessage-length=0 -MMD -MP -MF"Src/sequencer.d" -MT"Src/sequencer.o" -o "Src/sequencer.o" "../Src/sequencer.c"
../Src/sequencer.c: In function 'save':
../Src/sequencer.c:5:46: error: invalid operands to binary == (have 'btn {aka struct <anonymous>}' and 'int')
  if (btns[index].state == UNPRESSED && value == PRESSED) {
                                              ^~
../Src/sequencer.c:8:51: error: invalid operands to binary == (have 'btn {aka struct <anonymous>}' and 'int')
  } else if (btns[index].state == PRESSED && value == PRESSED)
                                                   ^~
../Src/sequencer.c:11:49: error: invalid operands to binary == (have 'btn {aka struct <anonymous>}' and 'int')
  else if (btns[index].state == PRESSED && value == UNPRESSED) {
                                                 ^~
../Src/sequencer.c: At top level:
../Src/sequencer.c:20:6: error: conflicting types for 'sequencer_func'
 void sequencer_func(u8* btn_states) {
      ^~~~~~~~~~~~~~
In file included from ../Src/sequencer.c:1:0:
C:/Synthesizer/My_HAL/Inc/sequencer.h:40:6: note: previous declaration of 'sequencer_func' was here
 void sequencer_func(u8 i);
      ^~~~~~~~~~~~~~
../Src/sequencer.c: In function 'sequencer_func':
../Src/sequencer.c:31:12: error: incompatible type for argument 2 of 'save'
    save(i, btns[i].state); // updating state and starting timer(so and stopping it)
            ^~~~
../Src/sequencer.c:3:6: note: expected 'btn {aka struct <anonymous>}' but argument is of type 'u8 {aka unsigned char}'
 void save(u8 index, btn value) {
      ^~~~
Src/subdir.mk:75: recipe for target 'Src/sequencer.o' failed
make: *** [Src/sequencer.o] Error 1
15:41:19 **** Incremental Build of configuration Debug for project My_HAL ****
make all 
Building file: ../Src/main.c
Invoking: MCU GCC Compiler
C:\Synthesizer\My_HAL\Debug
arm-none-eabi-gcc -mcpu=cortex-m3 -mthumb -mfloat-abi=soft '-D__weak=__attribute__((weak))' '-D__packed=__attribute__((__packed__))' -DUSE_HAL_DRIVER -DSTM32F103xB -I"C:/Synthesizer/My_HAL/Inc" -I"C:/Synthesizer/My_HAL/Drivers/STM32F1xx_HAL_Driver/Inc" -I"C:/Synthesizer/My_HAL/Drivers/STM32F1xx_HAL_Driver/Inc/Legacy" -I"C:/Synthesizer/My_HAL/Drivers/CMSIS/Device/ST/STM32F1xx/Include" -I"C:/Synthesizer/My_HAL/Drivers/CMSIS/Include" -I../MT_WH1602  -O0 -g3 -Wall -fmessage-length=0 -ffunction-sections -c -fmessage-length=0 -MMD -MP -MF"Src/main.d" -MT"Src/main.o" -o "Src/main.o" "../Src/main.c"
Finished building: ../Src/main.c
 
Building file: ../Src/sequencer.c
Invoking: MCU GCC Compiler
C:\Synthesizer\My_HAL\Debug
arm-none-eabi-gcc -mcpu=cortex-m3 -mthumb -mfloat-abi=soft '-D__weak=__attribute__((weak))' '-D__packed=__attribute__((__packed__))' -DUSE_HAL_DRIVER -DSTM32F103xB -I"C:/Synthesizer/My_HAL/Inc" -I"C:/Synthesizer/My_HAL/Drivers/STM32F1xx_HAL_Driver/Inc" -I"C:/Synthesizer/My_HAL/Drivers/STM32F1xx_HAL_Driver/Inc/Legacy" -I"C:/Synthesizer/My_HAL/Drivers/CMSIS/Device/ST/STM32F1xx/Include" -I"C:/Synthesizer/My_HAL/Drivers/CMSIS/Include" -I../MT_WH1602  -O0 -g3 -Wall -fmessage-length=0 -ffunction-sections -c -fmessage-length=0 -MMD -MP -MF"Src/sequencer.d" -MT"Src/sequencer.o" -o "Src/sequencer.o" "../Src/sequencer.c"
../Src/sequencer.c: In function 'save':
../Src/sequencer.c:5:46: error: invalid operands to binary == (have 'btn {aka struct <anonymous>}' and 'int')
  if (btns[index].state == UNPRESSED && value == PRESSED) {
                                              ^~
../Src/sequencer.c:8:51: error: invalid operands to binary == (have 'btn {aka struct <anonymous>}' and 'int')
  } else if (btns[index].state == PRESSED && value == PRESSED)
                                                   ^~
../Src/sequencer.c:11:49: error: invalid operands to binary == (have 'btn {aka struct <anonymous>}' and 'int')
  else if (btns[index].state == PRESSED && value == UNPRESSED) {
                                                 ^~
../Src/sequencer.c: In function 'sequencer_func':
../Src/sequencer.c:31:12: error: incompatible type for argument 2 of 'save'
    save(i, btns[i].state); // updating state and starting timer(so and stopping it)
            ^~~~
../Src/sequencer.c:3:6: note: expected 'btn {aka struct <anonymous>}' but argument is of type 'u8 {aka unsigned char}'
 void save(u8 index, btn value) {
      ^~~~
Src/subdir.mk:75: recipe for target 'Src/sequencer.o' failed
make: *** [Src/sequencer.o] Error 1
15:41:51 **** Incremental Build of configuration Debug for project My_HAL ****
make all 
Building file: ../Src/main.c
Invoking: MCU GCC Compiler
C:\Synthesizer\My_HAL\Debug
arm-none-eabi-gcc -mcpu=cortex-m3 -mthumb -mfloat-abi=soft '-D__weak=__attribute__((weak))' '-D__packed=__attribute__((__packed__))' -DUSE_HAL_DRIVER -DSTM32F103xB -I"C:/Synthesizer/My_HAL/Inc" -I"C:/Synthesizer/My_HAL/Drivers/STM32F1xx_HAL_Driver/Inc" -I"C:/Synthesizer/My_HAL/Drivers/STM32F1xx_HAL_Driver/Inc/Legacy" -I"C:/Synthesizer/My_HAL/Drivers/CMSIS/Device/ST/STM32F1xx/Include" -I"C:/Synthesizer/My_HAL/Drivers/CMSIS/Include" -I../MT_WH1602  -O0 -g3 -Wall -fmessage-length=0 -ffunction-sections -c -fmessage-length=0 -MMD -MP -MF"Src/main.d" -MT"Src/main.o" -o "Src/main.o" "../Src/main.c"
Finished building: ../Src/main.c
 
Building file: ../Src/sequencer.c
Invoking: MCU GCC Compiler
C:\Synthesizer\My_HAL\Debug
arm-none-eabi-gcc -mcpu=cortex-m3 -mthumb -mfloat-abi=soft '-D__weak=__attribute__((weak))' '-D__packed=__attribute__((__packed__))' -DUSE_HAL_DRIVER -DSTM32F103xB -I"C:/Synthesizer/My_HAL/Inc" -I"C:/Synthesizer/My_HAL/Drivers/STM32F1xx_HAL_Driver/Inc" -I"C:/Synthesizer/My_HAL/Drivers/STM32F1xx_HAL_Driver/Inc/Legacy" -I"C:/Synthesizer/My_HAL/Drivers/CMSIS/Device/ST/STM32F1xx/Include" -I"C:/Synthesizer/My_HAL/Drivers/CMSIS/Include" -I../MT_WH1602  -O0 -g3 -Wall -fmessage-length=0 -ffunction-sections -c -fmessage-length=0 -MMD -MP -MF"Src/sequencer.d" -MT"Src/sequencer.o" -o "Src/sequencer.o" "../Src/sequencer.c"
Finished building: ../Src/sequencer.c
 
Building file: ../Src/spi.c
Invoking: MCU GCC Compiler
C:\Synthesizer\My_HAL\Debug
arm-none-eabi-gcc -mcpu=cortex-m3 -mthumb -mfloat-abi=soft '-D__weak=__attribute__((weak))' '-D__packed=__attribute__((__packed__))' -DUSE_HAL_DRIVER -DSTM32F103xB -I"C:/Synthesizer/My_HAL/Inc" -I"C:/Synthesizer/My_HAL/Drivers/STM32F1xx_HAL_Driver/Inc" -I"C:/Synthesizer/My_HAL/Drivers/STM32F1xx_HAL_Driver/Inc/Legacy" -I"C:/Synthesizer/My_HAL/Drivers/CMSIS/Device/ST/STM32F1xx/Include" -I"C:/Synthesizer/My_HAL/Drivers/CMSIS/Include" -I../MT_WH1602  -O0 -g3 -Wall -fmessage-length=0 -ffunction-sections -c -fmessage-length=0 -MMD -MP -MF"Src/spi.d" -MT"Src/spi.o" -o "Src/spi.o" "../Src/spi.c"
Finished building: ../Src/spi.c
 
Building file: ../Src/stm32f1xx_hal_msp.c
Invoking: MCU GCC Compiler
C:\Synthesizer\My_HAL\Debug
arm-none-eabi-gcc -mcpu=cortex-m3 -mthumb -mfloat-abi=soft '-D__weak=__attribute__((weak))' '-D__packed=__attribute__((__packed__))' -DUSE_HAL_DRIVER -DSTM32F103xB -I"C:/Synthesizer/My_HAL/Inc" -I"C:/Synthesizer/My_HAL/Drivers/STM32F1xx_HAL_Driver/Inc" -I"C:/Synthesizer/My_HAL/Drivers/STM32F1xx_HAL_Driver/Inc/Legacy" -I"C:/Synthesizer/My_HAL/Drivers/CMSIS/Device/ST/STM32F1xx/Include" -I"C:/Synthesizer/My_HAL/Drivers/CMSIS/Include" -I../MT_WH1602  -O0 -g3 -Wall -fmessage-length=0 -ffunction-sections -c -fmessage-length=0 -MMD -MP -MF"Src/stm32f1xx_hal_msp.d" -MT"Src/stm32f1xx_hal_msp.o" -o "Src/stm32f1xx_hal_msp.o" "../Src/stm32f1xx_hal_msp.c"
Finished building: ../Src/stm32f1xx_hal_msp.c
 
Building file: ../Src/stm32f1xx_it.c
Invoking: MCU GCC Compiler
C:\Synthesizer\My_HAL\Debug
arm-none-eabi-gcc -mcpu=cortex-m3 -mthumb -mfloat-abi=soft '-D__weak=__attribute__((weak))' '-D__packed=__attribute__((__packed__))' -DUSE_HAL_DRIVER -DSTM32F103xB -I"C:/Synthesizer/My_HAL/Inc" -I"C:/Synthesizer/My_HAL/Drivers/STM32F1xx_HAL_Driver/Inc" -I"C:/Synthesizer/My_HAL/Drivers/STM32F1xx_HAL_Driver/Inc/Legacy" -I"C:/Synthesizer/My_HAL/Drivers/CMSIS/Device/ST/STM32F1xx/Include" -I"C:/Synthesizer/My_HAL/Drivers/CMSIS/Include" -I../MT_WH1602  -O0 -g3 -Wall -fmessage-length=0 -ffunction-sections -c -fmessage-length=0 -MMD -MP -MF"Src/stm32f1xx_it.d" -MT"Src/stm32f1xx_it.o" -o "Src/stm32f1xx_it.o" "../Src/stm32f1xx_it.c"
Finished building: ../Src/stm32f1xx_it.c
 
Building file: ../Src/syscalls.c
Invoking: MCU GCC Compiler
C:\Synthesizer\My_HAL\Debug
arm-none-eabi-gcc -mcpu=cortex-m3 -mthumb -mfloat-abi=soft '-D__weak=__attribute__((weak))' '-D__packed=__attribute__((__packed__))' -DUSE_HAL_DRIVER -DSTM32F103xB -I"C:/Synthesizer/My_HAL/Inc" -I"C:/Synthesizer/My_HAL/Drivers/STM32F1xx_HAL_Driver/Inc" -I"C:/Synthesizer/My_HAL/Drivers/STM32F1xx_HAL_Driver/Inc/Legacy" -I"C:/Synthesizer/My_HAL/Drivers/CMSIS/Device/ST/STM32F1xx/Include" -I"C:/Synthesizer/My_HAL/Drivers/CMSIS/Include" -I../MT_WH1602  -O0 -g3 -Wall -fmessage-length=0 -ffunction-sections -c -fmessage-length=0 -MMD -MP -MF"Src/syscalls.d" -MT"Src/syscalls.o" -o "Src/syscalls.o" "../Src/syscalls.c"
Finished building: ../Src/syscalls.c
 
Building file: ../Src/system_stm32f1xx.c
Invoking: MCU GCC Compiler
C:\Synthesizer\My_HAL\Debug
arm-none-eabi-gcc -mcpu=cortex-m3 -mthumb -mfloat-abi=soft '-D__weak=__attribute__((weak))' '-D__packed=__attribute__((__packed__))' -DUSE_HAL_DRIVER -DSTM32F103xB -I"C:/Synthesizer/My_HAL/Inc" -I"C:/Synthesizer/My_HAL/Drivers/STM32F1xx_HAL_Driver/Inc" -I"C:/Synthesizer/My_HAL/Drivers/STM32F1xx_HAL_Driver/Inc/Legacy" -I"C:/Synthesizer/My_HAL/Drivers/CMSIS/Device/ST/STM32F1xx/Include" -I"C:/Synthesizer/My_HAL/Drivers/CMSIS/Include" -I../MT_WH1602  -O0 -g3 -Wall -fmessage-length=0 -ffunction-sections -c -fmessage-length=0 -MMD -MP -MF"Src/system_stm32f1xx.d" -MT"Src/system_stm32f1xx.o" -o "Src/system_stm32f1xx.o" "../Src/system_stm32f1xx.c"
Finished building: ../Src/system_stm32f1xx.c
 
Building file: ../Src/tim.c
Invoking: MCU GCC Compiler
C:\Synthesizer\My_HAL\Debug
arm-none-eabi-gcc -mcpu=cortex-m3 -mthumb -mfloat-abi=soft '-D__weak=__attribute__((weak))' '-D__packed=__attribute__((__packed__))' -DUSE_HAL_DRIVER -DSTM32F103xB -I"C:/Synthesizer/My_HAL/Inc" -I"C:/Synthesizer/My_HAL/Drivers/STM32F1xx_HAL_Driver/Inc" -I"C:/Synthesizer/My_HAL/Drivers/STM32F1xx_HAL_Driver/Inc/Legacy" -I"C:/Synthesizer/My_HAL/Drivers/CMSIS/Device/ST/STM32F1xx/Include" -I"C:/Synthesizer/My_HAL/Drivers/CMSIS/Include" -I../MT_WH1602  -O0 -g3 -Wall -fmessage-length=0 -ffunction-sections -c -fmessage-length=0 -MMD -MP -MF"Src/tim.d" -MT"Src/tim.o" -o "Src/tim.o" "../Src/tim.c"
Finished building: ../Src/tim.c
 
Building file: ../Src/usart.c
Invoking: MCU GCC Compiler
C:\Synthesizer\My_HAL\Debug
arm-none-eabi-gcc -mcpu=cortex-m3 -mthumb -mfloat-abi=soft '-D__weak=__attribute__((weak))' '-D__packed=__attribute__((__packed__))' -DUSE_HAL_DRIVER -DSTM32F103xB -I"C:/Synthesizer/My_HAL/Inc" -I"C:/Synthesizer/My_HAL/Drivers/STM32F1xx_HAL_Driver/Inc" -I"C:/Synthesizer/My_HAL/Drivers/STM32F1xx_HAL_Driver/Inc/Legacy" -I"C:/Synthesizer/My_HAL/Drivers/CMSIS/Device/ST/STM32F1xx/Include" -I"C:/Synthesizer/My_HAL/Drivers/CMSIS/Include" -I../MT_WH1602  -O0 -g3 -Wall -fmessage-length=0 -ffunction-sections -c -fmessage-length=0 -MMD -MP -MF"Src/usart.d" -MT"Src/usart.o" -o "Src/usart.o" "../Src/usart.c"
Finished building: ../Src/usart.c
 
Building file: ../Drivers/STM32F1xx_HAL_Driver/Src/stm32f1xx_hal.c
Invoking: MCU GCC Compiler
C:\Synthesizer\My_HAL\Debug
arm-none-eabi-gcc -mcpu=cortex-m3 -mthumb -mfloat-abi=soft '-D__weak=__attribute__((weak))' '-D__packed=__attribute__((__packed__))' -DUSE_HAL_DRIVER -DSTM32F103xB -I"C:/Synthesizer/My_HAL/Inc" -I"C:/Synthesizer/My_HAL/Drivers/STM32F1xx_HAL_Driver/Inc" -I"C:/Synthesizer/My_HAL/Drivers/STM32F1xx_HAL_Driver/Inc/Legacy" -I"C:/Synthesizer/My_HAL/Drivers/CMSIS/Device/ST/STM32F1xx/Include" -I"C:/Synthesizer/My_HAL/Drivers/CMSIS/Include" -I../MT_WH1602  -O0 -g3 -Wall -fmessage-length=0 -ffunction-sections -c -fmessage-length=0 -MMD -MP -MF"Drivers/STM32F1xx_HAL_Driver/Src/stm32f1xx_hal.d" -MT"Drivers/STM32F1xx_HAL_Driver/Src/stm32f1xx_hal.o" -o "Drivers/STM32F1xx_HAL_Driver/Src/stm32f1xx_hal.o" "../Drivers/STM32F1xx_HAL_Driver/Src/stm32f1xx_hal.c"
Finished building: ../Drivers/STM32F1xx_HAL_Driver/Src/stm32f1xx_hal.c
 
Building file: ../Drivers/STM32F1xx_HAL_Driver/Src/stm32f1xx_hal_cortex.c
Invoking: MCU GCC Compiler
C:\Synthesizer\My_HAL\Debug
arm-none-eabi-gcc -mcpu=cortex-m3 -mthumb -mfloat-abi=soft '-D__weak=__attribute__((weak))' '-D__packed=__attribute__((__packed__))' -DUSE_HAL_DRIVER -DSTM32F103xB -I"C:/Synthesizer/My_HAL/Inc" -I"C:/Synthesizer/My_HAL/Drivers/STM32F1xx_HAL_Driver/Inc" -I"C:/Synthesizer/My_HAL/Drivers/STM32F1xx_HAL_Driver/Inc/Legacy" -I"C:/Synthesizer/My_HAL/Drivers/CMSIS/Device/ST/STM32F1xx/Include" -I"C:/Synthesizer/My_HAL/Drivers/CMSIS/Include" -I../MT_WH1602  -O0 -g3 -Wall -fmessage-length=0 -ffunction-sections -c -fmessage-length=0 -MMD -MP -MF"Drivers/STM32F1xx_HAL_Driver/Src/stm32f1xx_hal_cortex.d" -MT"Drivers/STM32F1xx_HAL_Driver/Src/stm32f1xx_hal_cortex.o" -o "Drivers/STM32F1xx_HAL_Driver/Src/stm32f1xx_hal_cortex.o" "../Drivers/STM32F1xx_HAL_Driver/Src/stm32f1xx_hal_cortex.c"
Finished building: ../Drivers/STM32F1xx_HAL_Driver/Src/stm32f1xx_hal_cortex.c
 
Building file: ../Drivers/STM32F1xx_HAL_Driver/Src/stm32f1xx_hal_dma.c
Invoking: MCU GCC Compiler
C:\Synthesizer\My_HAL\Debug
arm-none-eabi-gcc -mcpu=cortex-m3 -mthumb -mfloat-abi=soft '-D__weak=__attribute__((weak))' '-D__packed=__attribute__((__packed__))' -DUSE_HAL_DRIVER -DSTM32F103xB -I"C:/Synthesizer/My_HAL/Inc" -I"C:/Synthesizer/My_HAL/Drivers/STM32F1xx_HAL_Driver/Inc" -I"C:/Synthesizer/My_HAL/Drivers/STM32F1xx_HAL_Driver/Inc/Legacy" -I"C:/Synthesizer/My_HAL/Drivers/CMSIS/Device/ST/STM32F1xx/Include" -I"C:/Synthesizer/My_HAL/Drivers/CMSIS/Include" -I../MT_WH1602  -O0 -g3 -Wall -fmessage-length=0 -ffunction-sections -c -fmessage-length=0 -MMD -MP -MF"Drivers/STM32F1xx_HAL_Driver/Src/stm32f1xx_hal_dma.d" -MT"Drivers/STM32F1xx_HAL_Driver/Src/stm32f1xx_hal_dma.o" -o "Drivers/STM32F1xx_HAL_Driver/Src/stm32f1xx_hal_dma.o" "../Drivers/STM32F1xx_HAL_Driver/Src/stm32f1xx_hal_dma.c"
Finished building: ../Drivers/STM32F1xx_HAL_Driver/Src/stm32f1xx_hal_dma.c
 
Building file: ../Drivers/STM32F1xx_HAL_Driver/Src/stm32f1xx_hal_flash.c
Invoking: MCU GCC Compiler
C:\Synthesizer\My_HAL\Debug
arm-none-eabi-gcc -mcpu=cortex-m3 -mthumb -mfloat-abi=soft '-D__weak=__attribute__((weak))' '-D__packed=__attribute__((__packed__))' -DUSE_HAL_DRIVER -DSTM32F103xB -I"C:/Synthesizer/My_HAL/Inc" -I"C:/Synthesizer/My_HAL/Drivers/STM32F1xx_HAL_Driver/Inc" -I"C:/Synthesizer/My_HAL/Drivers/STM32F1xx_HAL_Driver/Inc/Legacy" -I"C:/Synthesizer/My_HAL/Drivers/CMSIS/Device/ST/STM32F1xx/Include" -I"C:/Synthesizer/My_HAL/Drivers/CMSIS/Include" -I../MT_WH1602  -O0 -g3 -Wall -fmessage-length=0 -ffunction-sections -c -fmessage-length=0 -MMD -MP -MF"Drivers/STM32F1xx_HAL_Driver/Src/stm32f1xx_hal_flash.d" -MT"Drivers/STM32F1xx_HAL_Driver/Src/stm32f1xx_hal_flash.o" -o "Drivers/STM32F1xx_HAL_Driver/Src/stm32f1xx_hal_flash.o" "../Drivers/STM32F1xx_HAL_Driver/Src/stm32f1xx_hal_flash.c"
Finished building: ../Drivers/STM32F1xx_HAL_Driver/Src/stm32f1xx_hal_flash.c
 
Building file: ../Drivers/STM32F1xx_HAL_Driver/Src/stm32f1xx_hal_flash_ex.c
Invoking: MCU GCC Compiler
C:\Synthesizer\My_HAL\Debug
arm-none-eabi-gcc -mcpu=cortex-m3 -mthumb -mfloat-abi=soft '-D__weak=__attribute__((weak))' '-D__packed=__attribute__((__packed__))' -DUSE_HAL_DRIVER -DSTM32F103xB -I"C:/Synthesizer/My_HAL/Inc" -I"C:/Synthesizer/My_HAL/Drivers/STM32F1xx_HAL_Driver/Inc" -I"C:/Synthesizer/My_HAL/Drivers/STM32F1xx_HAL_Driver/Inc/Legacy" -I"C:/Synthesizer/My_HAL/Drivers/CMSIS/Device/ST/STM32F1xx/Include" -I"C:/Synthesizer/My_HAL/Drivers/CMSIS/Include" -I../MT_WH1602  -O0 -g3 -Wall -fmessage-length=0 -ffunction-sections -c -fmessage-length=0 -MMD -MP -MF"Drivers/STM32F1xx_HAL_Driver/Src/stm32f1xx_hal_flash_ex.d" -MT"Drivers/STM32F1xx_HAL_Driver/Src/stm32f1xx_hal_flash_ex.o" -o "Drivers/STM32F1xx_HAL_Driver/Src/stm32f1xx_hal_flash_ex.o" "../Drivers/STM32F1xx_HAL_Driver/Src/stm32f1xx_hal_flash_ex.c"
Finished building: ../Drivers/STM32F1xx_HAL_Driver/Src/stm32f1xx_hal_flash_ex.c
 
Building file: ../Drivers/STM32F1xx_HAL_Driver/Src/stm32f1xx_hal_gpio.c
Invoking: MCU GCC Compiler
C:\Synthesizer\My_HAL\Debug
arm-none-eabi-gcc -mcpu=cortex-m3 -mthumb -mfloat-abi=soft '-D__weak=__attribute__((weak))' '-D__packed=__attribute__((__packed__))' -DUSE_HAL_DRIVER -DSTM32F103xB -I"C:/Synthesizer/My_HAL/Inc" -I"C:/Synthesizer/My_HAL/Drivers/STM32F1xx_HAL_Driver/Inc" -I"C:/Synthesizer/My_HAL/Drivers/STM32F1xx_HAL_Driver/Inc/Legacy" -I"C:/Synthesizer/My_HAL/Drivers/CMSIS/Device/ST/STM32F1xx/Include" -I"C:/Synthesizer/My_HAL/Drivers/CMSIS/Include" -I../MT_WH1602  -O0 -g3 -Wall -fmessage-length=0 -ffunction-sections -c -fmessage-length=0 -MMD -MP -MF"Drivers/STM32F1xx_HAL_Driver/Src/stm32f1xx_hal_gpio.d" -MT"Drivers/STM32F1xx_HAL_Driver/Src/stm32f1xx_hal_gpio.o" -o "Drivers/STM32F1xx_HAL_Driver/Src/stm32f1xx_hal_gpio.o" "../Drivers/STM32F1xx_HAL_Driver/Src/stm32f1xx_hal_gpio.c"
Finished building: ../Drivers/STM32F1xx_HAL_Driver/Src/stm32f1xx_hal_gpio.c
 
Building file: ../Drivers/STM32F1xx_HAL_Driver/Src/stm32f1xx_hal_gpio_ex.c
Invoking: MCU GCC Compiler
C:\Synthesizer\My_HAL\Debug
arm-none-eabi-gcc -mcpu=cortex-m3 -mthumb -mfloat-abi=soft '-D__weak=__attribute__((weak))' '-D__packed=__attribute__((__packed__))' -DUSE_HAL_DRIVER -DSTM32F103xB -I"C:/Synthesizer/My_HAL/Inc" -I"C:/Synthesizer/My_HAL/Drivers/STM32F1xx_HAL_Driver/Inc" -I"C:/Synthesizer/My_HAL/Drivers/STM32F1xx_HAL_Driver/Inc/Legacy" -I"C:/Synthesizer/My_HAL/Drivers/CMSIS/Device/ST/STM32F1xx/Include" -I"C:/Synthesizer/My_HAL/Drivers/CMSIS/Include" -I../MT_WH1602  -O0 -g3 -Wall -fmessage-length=0 -ffunction-sections -c -fmessage-length=0 -MMD -MP -MF"Drivers/STM32F1xx_HAL_Driver/Src/stm32f1xx_hal_gpio_ex.d" -MT"Drivers/STM32F1xx_HAL_Driver/Src/stm32f1xx_hal_gpio_ex.o" -o "Drivers/STM32F1xx_HAL_Driver/Src/stm32f1xx_hal_gpio_ex.o" "../Drivers/STM32F1xx_HAL_Driver/Src/stm32f1xx_hal_gpio_ex.c"
Finished building: ../Drivers/STM32F1xx_HAL_Driver/Src/stm32f1xx_hal_gpio_ex.c
 
Building file: ../Drivers/STM32F1xx_HAL_Driver/Src/stm32f1xx_hal_i2c.c
Invoking: MCU GCC Compiler
C:\Synthesizer\My_HAL\Debug
arm-none-eabi-gcc -mcpu=cortex-m3 -mthumb -mfloat-abi=soft '-D__weak=__attribute__((weak))' '-D__packed=__attribute__((__packed__))' -DUSE_HAL_DRIVER -DSTM32F103xB -I"C:/Synthesizer/My_HAL/Inc" -I"C:/Synthesizer/My_HAL/Drivers/STM32F1xx_HAL_Driver/Inc" -I"C:/Synthesizer/My_HAL/Drivers/STM32F1xx_HAL_Driver/Inc/Legacy" -I"C:/Synthesizer/My_HAL/Drivers/CMSIS/Device/ST/STM32F1xx/Include" -I"C:/Synthesizer/My_HAL/Drivers/CMSIS/Include" -I../MT_WH1602  -O0 -g3 -Wall -fmessage-length=0 -ffunction-sections -c -fmessage-length=0 -MMD -MP -MF"Drivers/STM32F1xx_HAL_Driver/Src/stm32f1xx_hal_i2c.d" -MT"Drivers/STM32F1xx_HAL_Driver/Src/stm32f1xx_hal_i2c.o" -o "Drivers/STM32F1xx_HAL_Driver/Src/stm32f1xx_hal_i2c.o" "../Drivers/STM32F1xx_HAL_Driver/Src/stm32f1xx_hal_i2c.c"
Finished building: ../Drivers/STM32F1xx_HAL_Driver/Src/stm32f1xx_hal_i2c.c
 
Building file: ../Drivers/STM32F1xx_HAL_Driver/Src/stm32f1xx_hal_pwr.c
Invoking: MCU GCC Compiler
C:\Synthesizer\My_HAL\Debug
arm-none-eabi-gcc -mcpu=cortex-m3 -mthumb -mfloat-abi=soft '-D__weak=__attribute__((weak))' '-D__packed=__attribute__((__packed__))' -DUSE_HAL_DRIVER -DSTM32F103xB -I"C:/Synthesizer/My_HAL/Inc" -I"C:/Synthesizer/My_HAL/Drivers/STM32F1xx_HAL_Driver/Inc" -I"C:/Synthesizer/My_HAL/Drivers/STM32F1xx_HAL_Driver/Inc/Legacy" -I"C:/Synthesizer/My_HAL/Drivers/CMSIS/Device/ST/STM32F1xx/Include" -I"C:/Synthesizer/My_HAL/Drivers/CMSIS/Include" -I../MT_WH1602  -O0 -g3 -Wall -fmessage-length=0 -ffunction-sections -c -fmessage-length=0 -MMD -MP -MF"Drivers/STM32F1xx_HAL_Driver/Src/stm32f1xx_hal_pwr.d" -MT"Drivers/STM32F1xx_HAL_Driver/Src/stm32f1xx_hal_pwr.o" -o "Drivers/STM32F1xx_HAL_Driver/Src/stm32f1xx_hal_pwr.o" "../Drivers/STM32F1xx_HAL_Driver/Src/stm32f1xx_hal_pwr.c"
Finished building: ../Drivers/STM32F1xx_HAL_Driver/Src/stm32f1xx_hal_pwr.c
 
Building file: ../Drivers/STM32F1xx_HAL_Driver/Src/stm32f1xx_hal_rcc.c
Invoking: MCU GCC Compiler
C:\Synthesizer\My_HAL\Debug
arm-none-eabi-gcc -mcpu=cortex-m3 -mthumb -mfloat-abi=soft '-D__weak=__attribute__((weak))' '-D__packed=__attribute__((__packed__))' -DUSE_HAL_DRIVER -DSTM32F103xB -I"C:/Synthesizer/My_HAL/Inc" -I"C:/Synthesizer/My_HAL/Drivers/STM32F1xx_HAL_Driver/Inc" -I"C:/Synthesizer/My_HAL/Drivers/STM32F1xx_HAL_Driver/Inc/Legacy" -I"C:/Synthesizer/My_HAL/Drivers/CMSIS/Device/ST/STM32F1xx/Include" -I"C:/Synthesizer/My_HAL/Drivers/CMSIS/Include" -I../MT_WH1602  -O0 -g3 -Wall -fmessage-length=0 -ffunction-sections -c -fmessage-length=0 -MMD -MP -MF"Drivers/STM32F1xx_HAL_Driver/Src/stm32f1xx_hal_rcc.d" -MT"Drivers/STM32F1xx_HAL_Driver/Src/stm32f1xx_hal_rcc.o" -o "Drivers/STM32F1xx_HAL_Driver/Src/stm32f1xx_hal_rcc.o" "../Drivers/STM32F1xx_HAL_Driver/Src/stm32f1xx_hal_rcc.c"
Finished building: ../Drivers/STM32F1xx_HAL_Driver/Src/stm32f1xx_hal_rcc.c
 
Building file: ../Drivers/STM32F1xx_HAL_Driver/Src/stm32f1xx_hal_rcc_ex.c
Invoking: MCU GCC Compiler
C:\Synthesizer\My_HAL\Debug
arm-none-eabi-gcc -mcpu=cortex-m3 -mthumb -mfloat-abi=soft '-D__weak=__attribute__((weak))' '-D__packed=__attribute__((__packed__))' -DUSE_HAL_DRIVER -DSTM32F103xB -I"C:/Synthesizer/My_HAL/Inc" -I"C:/Synthesizer/My_HAL/Drivers/STM32F1xx_HAL_Driver/Inc" -I"C:/Synthesizer/My_HAL/Drivers/STM32F1xx_HAL_Driver/Inc/Legacy" -I"C:/Synthesizer/My_HAL/Drivers/CMSIS/Device/ST/STM32F1xx/Include" -I"C:/Synthesizer/My_HAL/Drivers/CMSIS/Include" -I../MT_WH1602  -O0 -g3 -Wall -fmessage-length=0 -ffunction-sections -c -fmessage-length=0 -MMD -MP -MF"Drivers/STM32F1xx_HAL_Driver/Src/stm32f1xx_hal_rcc_ex.d" -MT"Drivers/STM32F1xx_HAL_Driver/Src/stm32f1xx_hal_rcc_ex.o" -o "Drivers/STM32F1xx_HAL_Driver/Src/stm32f1xx_hal_rcc_ex.o" "../Drivers/STM32F1xx_HAL_Driver/Src/stm32f1xx_hal_rcc_ex.c"
Finished building: ../Drivers/STM32F1xx_HAL_Driver/Src/stm32f1xx_hal_rcc_ex.c
 
Building file: ../Drivers/STM32F1xx_HAL_Driver/Src/stm32f1xx_hal_spi.c
Invoking: MCU GCC Compiler
C:\Synthesizer\My_HAL\Debug
arm-none-eabi-gcc -mcpu=cortex-m3 -mthumb -mfloat-abi=soft '-D__weak=__attribute__((weak))' '-D__packed=__attribute__((__packed__))' -DUSE_HAL_DRIVER -DSTM32F103xB -I"C:/Synthesizer/My_HAL/Inc" -I"C:/Synthesizer/My_HAL/Drivers/STM32F1xx_HAL_Driver/Inc" -I"C:/Synthesizer/My_HAL/Drivers/STM32F1xx_HAL_Driver/Inc/Legacy" -I"C:/Synthesizer/My_HAL/Drivers/CMSIS/Device/ST/STM32F1xx/Include" -I"C:/Synthesizer/My_HAL/Drivers/CMSIS/Include" -I../MT_WH1602  -O0 -g3 -Wall -fmessage-length=0 -ffunction-sections -c -fmessage-length=0 -MMD -MP -MF"Drivers/STM32F1xx_HAL_Driver/Src/stm32f1xx_hal_spi.d" -MT"Drivers/STM32F1xx_HAL_Driver/Src/stm32f1xx_hal_spi.o" -o "Drivers/STM32F1xx_HAL_Driver/Src/stm32f1xx_hal_spi.o" "../Drivers/STM32F1xx_HAL_Driver/Src/stm32f1xx_hal_spi.c"
Finished building: ../Drivers/STM32F1xx_HAL_Driver/Src/stm32f1xx_hal_spi.c
 
Building file: ../Drivers/STM32F1xx_HAL_Driver/Src/stm32f1xx_hal_spi_ex.c
Invoking: MCU GCC Compiler
C:\Synthesizer\My_HAL\Debug
arm-none-eabi-gcc -mcpu=cortex-m3 -mthumb -mfloat-abi=soft '-D__weak=__attribute__((weak))' '-D__packed=__attribute__((__packed__))' -DUSE_HAL_DRIVER -DSTM32F103xB -I"C:/Synthesizer/My_HAL/Inc" -I"C:/Synthesizer/My_HAL/Drivers/STM32F1xx_HAL_Driver/Inc" -I"C:/Synthesizer/My_HAL/Drivers/STM32F1xx_HAL_Driver/Inc/Legacy" -I"C:/Synthesizer/My_HAL/Drivers/CMSIS/Device/ST/STM32F1xx/Include" -I"C:/Synthesizer/My_HAL/Drivers/CMSIS/Include" -I../MT_WH1602  -O0 -g3 -Wall -fmessage-length=0 -ffunction-sections -c -fmessage-length=0 -MMD -MP -MF"Drivers/STM32F1xx_HAL_Driver/Src/stm32f1xx_hal_spi_ex.d" -MT"Drivers/STM32F1xx_HAL_Driver/Src/stm32f1xx_hal_spi_ex.o" -o "Drivers/STM32F1xx_HAL_Driver/Src/stm32f1xx_hal_spi_ex.o" "../Drivers/STM32F1xx_HAL_Driver/Src/stm32f1xx_hal_spi_ex.c"
Finished building: ../Drivers/STM32F1xx_HAL_Driver/Src/stm32f1xx_hal_spi_ex.c
 
Building file: ../Drivers/STM32F1xx_HAL_Driver/Src/stm32f1xx_hal_tim.c
Invoking: MCU GCC Compiler
C:\Synthesizer\My_HAL\Debug
arm-none-eabi-gcc -mcpu=cortex-m3 -mthumb -mfloat-abi=soft '-D__weak=__attribute__((weak))' '-D__packed=__attribute__((__packed__))' -DUSE_HAL_DRIVER -DSTM32F103xB -I"C:/Synthesizer/My_HAL/Inc" -I"C:/Synthesizer/My_HAL/Drivers/STM32F1xx_HAL_Driver/Inc" -I"C:/Synthesizer/My_HAL/Drivers/STM32F1xx_HAL_Driver/Inc/Legacy" -I"C:/Synthesizer/My_HAL/Drivers/CMSIS/Device/ST/STM32F1xx/Include" -I"C:/Synthesizer/My_HAL/Drivers/CMSIS/Include" -I../MT_WH1602  -O0 -g3 -Wall -fmessage-length=0 -ffunction-sections -c -fmessage-length=0 -MMD -MP -MF"Drivers/STM32F1xx_HAL_Driver/Src/stm32f1xx_hal_tim.d" -MT"Drivers/STM32F1xx_HAL_Driver/Src/stm32f1xx_hal_tim.o" -o "Drivers/STM32F1xx_HAL_Driver/Src/stm32f1xx_hal_tim.o" "../Drivers/STM32F1xx_HAL_Driver/Src/stm32f1xx_hal_tim.c"
Finished building: ../Drivers/STM32F1xx_HAL_Driver/Src/stm32f1xx_hal_tim.c
 
Building file: ../Drivers/STM32F1xx_HAL_Driver/Src/stm32f1xx_hal_tim_ex.c
Invoking: MCU GCC Compiler
C:\Synthesizer\My_HAL\Debug
arm-none-eabi-gcc -mcpu=cortex-m3 -mthumb -mfloat-abi=soft '-D__weak=__attribute__((weak))' '-D__packed=__attribute__((__packed__))' -DUSE_HAL_DRIVER -DSTM32F103xB -I"C:/Synthesizer/My_HAL/Inc" -I"C:/Synthesizer/My_HAL/Drivers/STM32F1xx_HAL_Driver/Inc" -I"C:/Synthesizer/My_HAL/Drivers/STM32F1xx_HAL_Driver/Inc/Legacy" -I"C:/Synthesizer/My_HAL/Drivers/CMSIS/Device/ST/STM32F1xx/Include" -I"C:/Synthesizer/My_HAL/Drivers/CMSIS/Include" -I../MT_WH1602  -O0 -g3 -Wall -fmessage-length=0 -ffunction-sections -c -fmessage-length=0 -MMD -MP -MF"Drivers/STM32F1xx_HAL_Driver/Src/stm32f1xx_hal_tim_ex.d" -MT"Drivers/STM32F1xx_HAL_Driver/Src/stm32f1xx_hal_tim_ex.o" -o "Drivers/STM32F1xx_HAL_Driver/Src/stm32f1xx_hal_tim_ex.o" "../Drivers/STM32F1xx_HAL_Driver/Src/stm32f1xx_hal_tim_ex.c"
Finished building: ../Drivers/STM32F1xx_HAL_Driver/Src/stm32f1xx_hal_tim_ex.c
 
Building file: ../Drivers/STM32F1xx_HAL_Driver/Src/stm32f1xx_hal_uart.c
Invoking: MCU GCC Compiler
C:\Synthesizer\My_HAL\Debug
arm-none-eabi-gcc -mcpu=cortex-m3 -mthumb -mfloat-abi=soft '-D__weak=__attribute__((weak))' '-D__packed=__attribute__((__packed__))' -DUSE_HAL_DRIVER -DSTM32F103xB -I"C:/Synthesizer/My_HAL/Inc" -I"C:/Synthesizer/My_HAL/Drivers/STM32F1xx_HAL_Driver/Inc" -I"C:/Synthesizer/My_HAL/Drivers/STM32F1xx_HAL_Driver/Inc/Legacy" -I"C:/Synthesizer/My_HAL/Drivers/CMSIS/Device/ST/STM32F1xx/Include" -I"C:/Synthesizer/My_HAL/Drivers/CMSIS/Include" -I../MT_WH1602  -O0 -g3 -Wall -fmessage-length=0 -ffunction-sections -c -fmessage-length=0 -MMD -MP -MF"Drivers/STM32F1xx_HAL_Driver/Src/stm32f1xx_hal_uart.d" -MT"Drivers/STM32F1xx_HAL_Driver/Src/stm32f1xx_hal_uart.o" -o "Drivers/STM32F1xx_HAL_Driver/Src/stm32f1xx_hal_uart.o" "../Drivers/STM32F1xx_HAL_Driver/Src/stm32f1xx_hal_uart.c"
Finished building: ../Drivers/STM32F1xx_HAL_Driver/Src/stm32f1xx_hal_uart.c
 
Building target: My_HAL.elf
Invoking: MCU GCC Linker
arm-none-eabi-gcc -mcpu=cortex-m3 -mthumb -mfloat-abi=soft -specs=nosys.specs -specs=nano.specs -T"../STM32F103C8Tx_FLASH.ld" -Wl,-Map=output.map -Wl,--gc-sections -o "My_HAL.elf" @"objects.list"   -lm
Finished building target: My_HAL.elf
 
C:/Ac6/SystemWorkbench/plugins/fr.ac6.mcu.externaltools.arm-none.win32_1.15.0.201708311556/tools/make/make --no-print-directory post-build
Generating hex and Printing size information:
arm-none-eabi-objcopy -O ihex "My_HAL.elf" "My_HAL.hex"
arm-none-eabi-size "My_HAL.elf"
   text	   data	    bss	    dec	    hex	filename
  24232	     20	   4256	  28508	   6f5c	My_HAL.elf
 
15:42:33 **** Incremental Build of configuration Debug for project My_HAL ****
make all 
make: Nothing to be done for 'all'.
15:44:28 **** Incremental Build of configuration Debug for project My_HAL ****
make all 
make: Nothing to be done for 'all'.
15:48:49 **** Incremental Build of configuration Debug for project My_HAL ****
make all 
Building file: ../Src/sequencer.c
Invoking: MCU GCC Compiler
C:\Synthesizer\My_HAL\Debug
arm-none-eabi-gcc -mcpu=cortex-m3 -mthumb -mfloat-abi=soft '-D__weak=__attribute__((weak))' '-D__packed=__attribute__((__packed__))' -DUSE_HAL_DRIVER -DSTM32F103xB -I"C:/Synthesizer/My_HAL/Inc" -I"C:/Synthesizer/My_HAL/Drivers/STM32F1xx_HAL_Driver/Inc" -I"C:/Synthesizer/My_HAL/Drivers/STM32F1xx_HAL_Driver/Inc/Legacy" -I"C:/Synthesizer/My_HAL/Drivers/CMSIS/Device/ST/STM32F1xx/Include" -I"C:/Synthesizer/My_HAL/Drivers/CMSIS/Include" -I../MT_WH1602  -O0 -g3 -Wall -fmessage-length=0 -ffunction-sections -c -fmessage-length=0 -MMD -MP -MF"Src/sequencer.d" -MT"Src/sequencer.o" -o "Src/sequencer.o" "../Src/sequencer.c"
../Src/sequencer.c: In function 'sequencer_func':
../Src/sequencer.c:29:33: error: request for member 'state' in something not a structure or union
    btns[i].state = btn_states[i].state;
                                 ^
../Src/sequencer.c:48:1: error: expected declaration or statement at end of input
 }
 ^
At top level:
../Src/sequencer.c:36:6: warning: 'light' defined but not used [-Wunused-function]
 void light(void) {
      ^~~~~
Src/subdir.mk:75: recipe for target 'Src/sequencer.o' failed
make: *** [Src/sequencer.o] Error 1
15:48:55 **** Incremental Build of configuration Debug for project My_HAL ****
make all 
Building file: ../Src/sequencer.c
Invoking: MCU GCC Compiler
C:\Synthesizer\My_HAL\Debug
arm-none-eabi-gcc -mcpu=cortex-m3 -mthumb -mfloat-abi=soft '-D__weak=__attribute__((weak))' '-D__packed=__attribute__((__packed__))' -DUSE_HAL_DRIVER -DSTM32F103xB -I"C:/Synthesizer/My_HAL/Inc" -I"C:/Synthesizer/My_HAL/Drivers/STM32F1xx_HAL_Driver/Inc" -I"C:/Synthesizer/My_HAL/Drivers/STM32F1xx_HAL_Driver/Inc/Legacy" -I"C:/Synthesizer/My_HAL/Drivers/CMSIS/Device/ST/STM32F1xx/Include" -I"C:/Synthesizer/My_HAL/Drivers/CMSIS/Include" -I../MT_WH1602  -O0 -g3 -Wall -fmessage-length=0 -ffunction-sections -c -fmessage-length=0 -MMD -MP -MF"Src/sequencer.d" -MT"Src/sequencer.o" -o "Src/sequencer.o" "../Src/sequencer.c"
../Src/sequencer.c: In function 'sequencer_func':
../Src/sequencer.c:29:34: error: request for member 'state' in something not a structure or union
    btns[i].state = *btn_states[i].state;
                                  ^
../Src/sequencer.c:48:1: error: expected declaration or statement at end of input
 }
 ^
At top level:
../Src/sequencer.c:36:6: warning: 'light' defined but not used [-Wunused-function]
 void light(void) {
      ^~~~~
make: *** [Src/sequencer.o] Error 1
Src/subdir.mk:75: recipe for target 'Src/sequencer.o' failed
15:50:20 **** Incremental Build of configuration Debug for project My_HAL ****
make all 
Building file: ../Src/sequencer.c
Invoking: MCU GCC Compiler
C:\Synthesizer\My_HAL\Debug
arm-none-eabi-gcc -mcpu=cortex-m3 -mthumb -mfloat-abi=soft '-D__weak=__attribute__((weak))' '-D__packed=__attribute__((__packed__))' -DUSE_HAL_DRIVER -DSTM32F103xB -I"C:/Synthesizer/My_HAL/Inc" -I"C:/Synthesizer/My_HAL/Drivers/STM32F1xx_HAL_Driver/Inc" -I"C:/Synthesizer/My_HAL/Drivers/STM32F1xx_HAL_Driver/Inc/Legacy" -I"C:/Synthesizer/My_HAL/Drivers/CMSIS/Device/ST/STM32F1xx/Include" -I"C:/Synthesizer/My_HAL/Drivers/CMSIS/Include" -I../MT_WH1602  -O0 -g3 -Wall -fmessage-length=0 -ffunction-sections -c -fmessage-length=0 -MMD -MP -MF"Src/sequencer.d" -MT"Src/sequencer.o" -o "Src/sequencer.o" "../Src/sequencer.c"
../Src/sequencer.c: In function 'sequencer_func':
../Src/sequencer.c:29:33: error: request for member 'state' in something not a structure or union
    btns[i].state = btn_states[i].state;
                                 ^
../Src/sequencer.c:48:1: error: expected declaration or statement at end of input
 }
 ^
At top level:
../Src/sequencer.c:36:6: warning: 'light' defined but not used [-Wunused-function]
 void light(void) {
      ^~~~~
make: *** [Src/sequencer.o] Error 1
Src/subdir.mk:75: recipe for target 'Src/sequencer.o' failed
15:51:37 **** Incremental Build of configuration Debug for project My_HAL ****
make all 
Building file: ../Src/sequencer.c
Invoking: MCU GCC Compiler
C:\Synthesizer\My_HAL\Debug
arm-none-eabi-gcc -mcpu=cortex-m3 -mthumb -mfloat-abi=soft '-D__weak=__attribute__((weak))' '-D__packed=__attribute__((__packed__))' -DUSE_HAL_DRIVER -DSTM32F103xB -I"C:/Synthesizer/My_HAL/Inc" -I"C:/Synthesizer/My_HAL/Drivers/STM32F1xx_HAL_Driver/Inc" -I"C:/Synthesizer/My_HAL/Drivers/STM32F1xx_HAL_Driver/Inc/Legacy" -I"C:/Synthesizer/My_HAL/Drivers/CMSIS/Device/ST/STM32F1xx/Include" -I"C:/Synthesizer/My_HAL/Drivers/CMSIS/Include" -I../MT_WH1602  -O0 -g3 -Wall -fmessage-length=0 -ffunction-sections -c -fmessage-length=0 -MMD -MP -MF"Src/sequencer.d" -MT"Src/sequencer.o" -o "Src/sequencer.o" "../Src/sequencer.c"
../Src/sequencer.c: In function 'sequencer_func':
../Src/sequencer.c:48:1: error: expected declaration or statement at end of input
 }
 ^
At top level:
../Src/sequencer.c:36:6: warning: 'light' defined but not used [-Wunused-function]
 void light(void) {
      ^~~~~
make: *** [Src/sequencer.o] Error 1
Src/subdir.mk:75: recipe for target 'Src/sequencer.o' failed
14:26:39 **** Build of configuration Debug for project My_HAL ****
make all 
Building file: ../Src/sequencer.c
Invoking: MCU GCC Compiler
C:\Synthesizer\My_HAL\Debug
arm-none-eabi-gcc -mcpu=cortex-m3 -mthumb -mfloat-abi=soft '-D__weak=__attribute__((weak))' '-D__packed=__attribute__((__packed__))' -DUSE_HAL_DRIVER -DSTM32F103xB -I"C:/Synthesizer/My_HAL/Inc" -I"C:/Synthesizer/My_HAL/Drivers/STM32F1xx_HAL_Driver/Inc" -I"C:/Synthesizer/My_HAL/Drivers/STM32F1xx_HAL_Driver/Inc/Legacy" -I"C:/Synthesizer/My_HAL/Drivers/CMSIS/Device/ST/STM32F1xx/Include" -I"C:/Synthesizer/My_HAL/Drivers/CMSIS/Include" -I../MT_WH1602  -O0 -g3 -Wall -fmessage-length=0 -ffunction-sections -c -fmessage-length=0 -MMD -MP -MF"Src/sequencer.d" -MT"Src/sequencer.o" -o "Src/sequencer.o" "../Src/sequencer.c"
Finished building: ../Src/sequencer.c
 
Building target: My_HAL.elf
Invoking: MCU GCC Linker
arm-none-eabi-gcc -mcpu=cortex-m3 -mthumb -mfloat-abi=soft -specs=nosys.specs -specs=nano.specs -T"../STM32F103C8Tx_FLASH.ld" -Wl,-Map=output.map -Wl,--gc-sections -o "My_HAL.elf" @"objects.list"   -lm
Finished building target: My_HAL.elf
 
C:/Ac6/SystemWorkbench/plugins/fr.ac6.mcu.externaltools.arm-none.win32_1.15.0.201708311556/tools/make/make --no-print-directory post-build
Generating hex and Printing size information:
arm-none-eabi-objcopy -O ihex "My_HAL.elf" "My_HAL.hex"
arm-none-eabi-size "My_HAL.elf"
   text	   data	    bss	    dec	    hex	filename
  24228	     20	   4256	  28504	   6f58	My_HAL.elf
 
14:27:13 **** Incremental Build of configuration Debug for project My_HAL ****
make all 
make: Nothing to be done for 'all'.
14:27:44 **** Incremental Build of configuration Debug for project My_HAL ****
make all 
make: Nothing to be done for 'all'.
14:29:31 **** Incremental Build of configuration Debug for project My_HAL ****
make all 
make: Nothing to be done for 'all'.
14:40:46 **** Incremental Build of configuration Debug for project My_HAL ****
make all 
Building file: ../Src/main.c
Invoking: MCU GCC Compiler
C:\Synthesizer\My_HAL\Debug
arm-none-eabi-gcc -mcpu=cortex-m3 -mthumb -mfloat-abi=soft '-D__weak=__attribute__((weak))' '-D__packed=__attribute__((__packed__))' -DUSE_HAL_DRIVER -DSTM32F103xB -I"C:/Synthesizer/My_HAL/Inc" -I"C:/Synthesizer/My_HAL/Drivers/STM32F1xx_HAL_Driver/Inc" -I"C:/Synthesizer/My_HAL/Drivers/STM32F1xx_HAL_Driver/Inc/Legacy" -I"C:/Synthesizer/My_HAL/Drivers/CMSIS/Device/ST/STM32F1xx/Include" -I"C:/Synthesizer/My_HAL/Drivers/CMSIS/Include" -I../MT_WH1602  -O0 -g3 -Wall -fmessage-length=0 -ffunction-sections -c -fmessage-length=0 -MMD -MP -MF"Src/main.d" -MT"Src/main.o" -o "Src/main.o" "../Src/main.c"
Finished building: ../Src/main.c
 
Building file: ../Src/sequencer.c
Invoking: MCU GCC Compiler
C:\Synthesizer\My_HAL\Debug
arm-none-eabi-gcc -mcpu=cortex-m3 -mthumb -mfloat-abi=soft '-D__weak=__attribute__((weak))' '-D__packed=__attribute__((__packed__))' -DUSE_HAL_DRIVER -DSTM32F103xB -I"C:/Synthesizer/My_HAL/Inc" -I"C:/Synthesizer/My_HAL/Drivers/STM32F1xx_HAL_Driver/Inc" -I"C:/Synthesizer/My_HAL/Drivers/STM32F1xx_HAL_Driver/Inc/Legacy" -I"C:/Synthesizer/My_HAL/Drivers/CMSIS/Device/ST/STM32F1xx/Include" -I"C:/Synthesizer/My_HAL/Drivers/CMSIS/Include" -I../MT_WH1602  -O0 -g3 -Wall -fmessage-length=0 -ffunction-sections -c -fmessage-length=0 -MMD -MP -MF"Src/sequencer.d" -MT"Src/sequencer.o" -o "Src/sequencer.o" "../Src/sequencer.c"
Finished building: ../Src/sequencer.c
 
Building target: My_HAL.elf
Invoking: MCU GCC Linker
arm-none-eabi-gcc -mcpu=cortex-m3 -mthumb -mfloat-abi=soft -specs=nosys.specs -specs=nano.specs -T"../STM32F103C8Tx_FLASH.ld" -Wl,-Map=output.map -Wl,--gc-sections -o "My_HAL.elf" @"objects.list"   -lm
Src/sequencer.o:(.data+0x0): multiple definition of `first_pause'
Src/main.o:(.data+0x0): first defined here
collect2.exe: error: ld returned 1 exit status
make: *** [My_HAL.elf] Error 1
makefile:35: recipe for target 'My_HAL.elf' failed
14:42:07 **** Incremental Build of configuration Debug for project My_HAL ****
make all 
Building target: My_HAL.elf
Invoking: MCU GCC Linker
arm-none-eabi-gcc -mcpu=cortex-m3 -mthumb -mfloat-abi=soft -specs=nosys.specs -specs=nano.specs -T"../STM32F103C8Tx_FLASH.ld" -Wl,-Map=output.map -Wl,--gc-sections -o "My_HAL.elf" @"objects.list"   -lm
Src/sequencer.o:(.data+0x0): multiple definition of `first_pause'
Src/main.o:(.data+0x0): first defined here
collect2.exe: error: ld returned 1 exit status
makefile:35: recipe for target 'My_HAL.elf' failed
make: *** [My_HAL.elf] Error 1
14:42:15 **** Incremental Build of configuration Debug for project My_HAL ****
make all 
Building target: My_HAL.elf
Invoking: MCU GCC Linker
arm-none-eabi-gcc -mcpu=cortex-m3 -mthumb -mfloat-abi=soft -specs=nosys.specs -specs=nano.specs -T"../STM32F103C8Tx_FLASH.ld" -Wl,-Map=output.map -Wl,--gc-sections -o "My_HAL.elf" @"objects.list"   -lm
Src/sequencer.o:(.data+0x0): multiple definition of `first_pause'
Src/main.o:(.data+0x0): first defined here
collect2.exe: error: ld returned 1 exit status
makefile:35: recipe for target 'My_HAL.elf' failed
make: *** [My_HAL.elf] Error 1
14:44:15 **** Incremental Build of configuration Debug for project My_HAL ****
make all 
Building file: ../Src/main.c
Invoking: MCU GCC Compiler
C:\Synthesizer\My_HAL\Debug
arm-none-eabi-gcc -mcpu=cortex-m3 -mthumb -mfloat-abi=soft '-D__weak=__attribute__((weak))' '-D__packed=__attribute__((__packed__))' -DUSE_HAL_DRIVER -DSTM32F103xB -I"C:/Synthesizer/My_HAL/Inc" -I"C:/Synthesizer/My_HAL/Drivers/STM32F1xx_HAL_Driver/Inc" -I"C:/Synthesizer/My_HAL/Drivers/STM32F1xx_HAL_Driver/Inc/Legacy" -I"C:/Synthesizer/My_HAL/Drivers/CMSIS/Device/ST/STM32F1xx/Include" -I"C:/Synthesizer/My_HAL/Drivers/CMSIS/Include" -I../MT_WH1602  -O0 -g3 -Wall -fmessage-length=0 -ffunction-sections -c -fmessage-length=0 -MMD -MP -MF"Src/main.d" -MT"Src/main.o" -o "Src/main.o" "../Src/main.c"
Finished building: ../Src/main.c
 
Building file: ../Src/sequencer.c
Invoking: MCU GCC Compiler
C:\Synthesizer\My_HAL\Debug
arm-none-eabi-gcc -mcpu=cortex-m3 -mthumb -mfloat-abi=soft '-D__weak=__attribute__((weak))' '-D__packed=__attribute__((__packed__))' -DUSE_HAL_DRIVER -DSTM32F103xB -I"C:/Synthesizer/My_HAL/Inc" -I"C:/Synthesizer/My_HAL/Drivers/STM32F1xx_HAL_Driver/Inc" -I"C:/Synthesizer/My_HAL/Drivers/STM32F1xx_HAL_Driver/Inc/Legacy" -I"C:/Synthesizer/My_HAL/Drivers/CMSIS/Device/ST/STM32F1xx/Include" -I"C:/Synthesizer/My_HAL/Drivers/CMSIS/Include" -I../MT_WH1602  -O0 -g3 -Wall -fmessage-length=0 -ffunction-sections -c -fmessage-length=0 -MMD -MP -MF"Src/sequencer.d" -MT"Src/sequencer.o" -o "Src/sequencer.o" "../Src/sequencer.c"
Finished building: ../Src/sequencer.c
 
Building target: My_HAL.elf
Invoking: MCU GCC Linker
arm-none-eabi-gcc -mcpu=cortex-m3 -mthumb -mfloat-abi=soft -specs=nosys.specs -specs=nano.specs -T"../STM32F103C8Tx_FLASH.ld" -Wl,-Map=output.map -Wl,--gc-sections -o "My_HAL.elf" @"objects.list"   -lm
Src/sequencer.o:(.data+0x0): multiple definition of `first_pause'
Src/main.o:(.data+0x0): first defined here
collect2.exe: error: ld returned 1 exit status
makefile:35: recipe for target 'My_HAL.elf' failed
make: *** [My_HAL.elf] Error 1
14:44:31 **** Incremental Build of configuration Debug for project My_HAL ****
make all 
Building target: My_HAL.elf
Invoking: MCU GCC Linker
arm-none-eabi-gcc -mcpu=cortex-m3 -mthumb -mfloat-abi=soft -specs=nosys.specs -specs=nano.specs -T"../STM32F103C8Tx_FLASH.ld" -Wl,-Map=output.map -Wl,--gc-sections -o "My_HAL.elf" @"objects.list"   -lm
Src/sequencer.o:(.data+0x0): multiple definition of `first_pause'
Src/main.o:(.data+0x0): first defined here
collect2.exe: error: ld returned 1 exit status
makefile:35: recipe for target 'My_HAL.elf' failed
make: *** [My_HAL.elf] Error 1
14:46:16 **** Incremental Build of configuration Debug for project My_HAL ****
make all 
Building file: ../Src/main.c
Invoking: MCU GCC Compiler
C:\Synthesizer\My_HAL\Debug
arm-none-eabi-gcc -mcpu=cortex-m3 -mthumb -mfloat-abi=soft '-D__weak=__attribute__((weak))' '-D__packed=__attribute__((__packed__))' -DUSE_HAL_DRIVER -DSTM32F103xB -I"C:/Synthesizer/My_HAL/Inc" -I"C:/Synthesizer/My_HAL/Drivers/STM32F1xx_HAL_Driver/Inc" -I"C:/Synthesizer/My_HAL/Drivers/STM32F1xx_HAL_Driver/Inc/Legacy" -I"C:/Synthesizer/My_HAL/Drivers/CMSIS/Device/ST/STM32F1xx/Include" -I"C:/Synthesizer/My_HAL/Drivers/CMSIS/Include" -I../MT_WH1602  -O0 -g3 -Wall -fmessage-length=0 -ffunction-sections -c -fmessage-length=0 -MMD -MP -MF"Src/main.d" -MT"Src/main.o" -o "Src/main.o" "../Src/main.c"
Finished building: ../Src/main.c
 
Building file: ../Src/sequencer.c
Invoking: MCU GCC Compiler
C:\Synthesizer\My_HAL\Debug
arm-none-eabi-gcc -mcpu=cortex-m3 -mthumb -mfloat-abi=soft '-D__weak=__attribute__((weak))' '-D__packed=__attribute__((__packed__))' -DUSE_HAL_DRIVER -DSTM32F103xB -I"C:/Synthesizer/My_HAL/Inc" -I"C:/Synthesizer/My_HAL/Drivers/STM32F1xx_HAL_Driver/Inc" -I"C:/Synthesizer/My_HAL/Drivers/STM32F1xx_HAL_Driver/Inc/Legacy" -I"C:/Synthesizer/My_HAL/Drivers/CMSIS/Device/ST/STM32F1xx/Include" -I"C:/Synthesizer/My_HAL/Drivers/CMSIS/Include" -I../MT_WH1602  -O0 -g3 -Wall -fmessage-length=0 -ffunction-sections -c -fmessage-length=0 -MMD -MP -MF"Src/sequencer.d" -MT"Src/sequencer.o" -o "Src/sequencer.o" "../Src/sequencer.c"
../Src/sequencer.c: In function 'sequencer_func':
../Src/sequencer.c:48:1: error: expected declaration or statement at end of input
 }
 ^
At top level:
../Src/sequencer.c:36:6: warning: 'light' defined but not used [-Wunused-function]
 void light(void) {
      ^~~~~
Src/subdir.mk:75: recipe for target 'Src/sequencer.o' failed
make: *** [Src/sequencer.o] Error 1
14:46:28 **** Incremental Build of configuration Debug for project My_HAL ****
make all 
Building file: ../Src/sequencer.c
Invoking: MCU GCC Compiler
C:\Synthesizer\My_HAL\Debug
arm-none-eabi-gcc -mcpu=cortex-m3 -mthumb -mfloat-abi=soft '-D__weak=__attribute__((weak))' '-D__packed=__attribute__((__packed__))' -DUSE_HAL_DRIVER -DSTM32F103xB -I"C:/Synthesizer/My_HAL/Inc" -I"C:/Synthesizer/My_HAL/Drivers/STM32F1xx_HAL_Driver/Inc" -I"C:/Synthesizer/My_HAL/Drivers/STM32F1xx_HAL_Driver/Inc/Legacy" -I"C:/Synthesizer/My_HAL/Drivers/CMSIS/Device/ST/STM32F1xx/Include" -I"C:/Synthesizer/My_HAL/Drivers/CMSIS/Include" -I../MT_WH1602  -O0 -g3 -Wall -fmessage-length=0 -ffunction-sections -c -fmessage-length=0 -MMD -MP -MF"Src/sequencer.d" -MT"Src/sequencer.o" -o "Src/sequencer.o" "../Src/sequencer.c"
Finished building: ../Src/sequencer.c
 
Building target: My_HAL.elf
Invoking: MCU GCC Linker
arm-none-eabi-gcc -mcpu=cortex-m3 -mthumb -mfloat-abi=soft -specs=nosys.specs -specs=nano.specs -T"../STM32F103C8Tx_FLASH.ld" -Wl,-Map=output.map -Wl,--gc-sections -o "My_HAL.elf" @"objects.list"   -lm
Finished building target: My_HAL.elf
 
C:/Ac6/SystemWorkbench/plugins/fr.ac6.mcu.externaltools.arm-none.win32_1.15.0.201708311556/tools/make/make --no-print-directory post-build
Generating hex and Printing size information:
arm-none-eabi-objcopy -O ihex "My_HAL.elf" "My_HAL.hex"
arm-none-eabi-size "My_HAL.elf"
   text	   data	    bss	    dec	    hex	filename
  24228	     20	   4256	  28504	   6f58	My_HAL.elf
 
14:47:09 **** Incremental Build of configuration Debug for project My_HAL ****
make all 
Building file: ../Src/sequencer.c
Invoking: MCU GCC Compiler
C:\Synthesizer\My_HAL\Debug
arm-none-eabi-gcc -mcpu=cortex-m3 -mthumb -mfloat-abi=soft '-D__weak=__attribute__((weak))' '-D__packed=__attribute__((__packed__))' -DUSE_HAL_DRIVER -DSTM32F103xB -I"C:/Synthesizer/My_HAL/Inc" -I"C:/Synthesizer/My_HAL/Drivers/STM32F1xx_HAL_Driver/Inc" -I"C:/Synthesizer/My_HAL/Drivers/STM32F1xx_HAL_Driver/Inc/Legacy" -I"C:/Synthesizer/My_HAL/Drivers/CMSIS/Device/ST/STM32F1xx/Include" -I"C:/Synthesizer/My_HAL/Drivers/CMSIS/Include" -I../MT_WH1602  -O0 -g3 -Wall -fmessage-length=0 -ffunction-sections -c -fmessage-length=0 -MMD -MP -MF"Src/sequencer.d" -MT"Src/sequencer.o" -o "Src/sequencer.o" "../Src/sequencer.c"
../Src/sequencer.c: In function 'save':
../Src/sequencer.c:10:14: error: 'btn {aka struct <anonymous>}' has no member named 'tap_millis'
   btns[index].tap_millis = millis;
              ^
../Src/sequencer.c:11:3: error: 'the_begining_millis' undeclared (first use in this function)
   the_begining_millis = btns[0].tap_millis + first_pause;
   ^~~~~~~~~~~~~~~~~~~
../Src/sequencer.c:11:3: note: each undeclared identifier is reported only once for each function it appears in
../Src/sequencer.c:11:32: error: 'btn {aka struct <anonymous>}' has no member named 'tap_millis'
   the_begining_millis = btns[0].tap_millis + first_pause;
                                ^
../Src/sequencer.c:11:46: error: 'first_pause' undeclared (first use in this function)
   the_begining_millis = btns[0].tap_millis + first_pause;
                                              ^~~~~~~~~~~
../Src/sequencer.c: In function 'replay':
../Src/sequencer.c:31:15: error: 'the_begining_millis' undeclared (first use in this function)
   if(millis - the_begining_millis >= btns[i].tap_millis)
               ^~~~~~~~~~~~~~~~~~~
../Src/sequencer.c:31:45: error: 'btn {aka struct <anonymous>}' has no member named 'tap_millis'
   if(millis - the_begining_millis >= btns[i].tap_millis)
                                             ^
Src/subdir.mk:75: recipe for target 'Src/sequencer.o' failed
make: *** [Src/sequencer.o] Error 1
14:48:38 **** Incremental Build of configuration Debug for project My_HAL ****
make all 
Building file: ../Src/sequencer.c
Invoking: MCU GCC Compiler
C:\Synthesizer\My_HAL\Debug
arm-none-eabi-gcc -mcpu=cortex-m3 -mthumb -mfloat-abi=soft '-D__weak=__attribute__((weak))' '-D__packed=__attribute__((__packed__))' -DUSE_HAL_DRIVER -DSTM32F103xB -I"C:/Synthesizer/My_HAL/Inc" -I"C:/Synthesizer/My_HAL/Drivers/STM32F1xx_HAL_Driver/Inc" -I"C:/Synthesizer/My_HAL/Drivers/STM32F1xx_HAL_Driver/Inc/Legacy" -I"C:/Synthesizer/My_HAL/Drivers/CMSIS/Device/ST/STM32F1xx/Include" -I"C:/Synthesizer/My_HAL/Drivers/CMSIS/Include" -I../MT_WH1602  -O0 -g3 -Wall -fmessage-length=0 -ffunction-sections -c -fmessage-length=0 -MMD -MP -MF"Src/sequencer.d" -MT"Src/sequencer.o" -o "Src/sequencer.o" "../Src/sequencer.c"
../Src/sequencer.c: In function 'save':
../Src/sequencer.c:10:14: error: 'btn {aka struct <anonymous>}' has no member named 'tap_millis'
   btns[index].tap_millis = millis;
              ^
../Src/sequencer.c:11:3: error: 'the_begining_millis' undeclared (first use in this function)
   the_begining_millis = btns[0].tap_millis + first_pause;
   ^~~~~~~~~~~~~~~~~~~
../Src/sequencer.c:11:3: note: each undeclared identifier is reported only once for each function it appears in
../Src/sequencer.c:11:32: error: 'btn {aka struct <anonymous>}' has no member named 'tap_millis'
   the_begining_millis = btns[0].tap_millis + first_pause;
                                ^
../Src/sequencer.c:11:46: error: 'first_pause' undeclared (first use in this function)
   the_begining_millis = btns[0].tap_millis + first_pause;
                                              ^~~~~~~~~~~
../Src/sequencer.c: In function 'replay':
../Src/sequencer.c:31:15: error: 'the_begining_millis' undeclared (first use in this function)
   if(millis - the_begining_millis >= btns[i].tap_millis)
               ^~~~~~~~~~~~~~~~~~~
../Src/sequencer.c:31:45: error: 'btn {aka struct <anonymous>}' has no member named 'tap_millis'
   if(millis - the_begining_millis >= btns[i].tap_millis)
                                             ^
make: *** [Src/sequencer.o] Error 1
Src/subdir.mk:75: recipe for target 'Src/sequencer.o' failed
14:48:52 **** Incremental Build of configuration Debug for project My_HAL ****
make all 
Building file: ../Src/sequencer.c
Invoking: MCU GCC Compiler
C:\Synthesizer\My_HAL\Debug
arm-none-eabi-gcc -mcpu=cortex-m3 -mthumb -mfloat-abi=soft '-D__weak=__attribute__((weak))' '-D__packed=__attribute__((__packed__))' -DUSE_HAL_DRIVER -DSTM32F103xB -I"C:/Synthesizer/My_HAL/Inc" -I"C:/Synthesizer/My_HAL/Drivers/STM32F1xx_HAL_Driver/Inc" -I"C:/Synthesizer/My_HAL/Drivers/STM32F1xx_HAL_Driver/Inc/Legacy" -I"C:/Synthesizer/My_HAL/Drivers/CMSIS/Device/ST/STM32F1xx/Include" -I"C:/Synthesizer/My_HAL/Drivers/CMSIS/Include" -I../MT_WH1602  -O0 -g3 -Wall -fmessage-length=0 -ffunction-sections -c -fmessage-length=0 -MMD -MP -MF"Src/sequencer.d" -MT"Src/sequencer.o" -o "Src/sequencer.o" "../Src/sequencer.c"
Finished building: ../Src/sequencer.c
 
Building target: My_HAL.elf
Invoking: MCU GCC Linker
arm-none-eabi-gcc -mcpu=cortex-m3 -mthumb -mfloat-abi=soft -specs=nosys.specs -specs=nano.specs -T"../STM32F103C8Tx_FLASH.ld" -Wl,-Map=output.map -Wl,--gc-sections -o "My_HAL.elf" @"objects.list"   -lm
Finished building target: My_HAL.elf
 
C:/Ac6/SystemWorkbench/plugins/fr.ac6.mcu.externaltools.arm-none.win32_1.15.0.201708311556/tools/make/make --no-print-directory post-build
Generating hex and Printing size information:
arm-none-eabi-objcopy -O ihex "My_HAL.elf" "My_HAL.hex"
arm-none-eabi-size "My_HAL.elf"
   text	   data	    bss	    dec	    hex	filename
  24228	     20	   4256	  28504	   6f58	My_HAL.elf
 
14:49:14 **** Incremental Build of configuration Debug for project My_HAL ****
make all 
Building file: ../Src/main.c
Invoking: MCU GCC Compiler
C:\Synthesizer\My_HAL\Debug
arm-none-eabi-gcc -mcpu=cortex-m3 -mthumb -mfloat-abi=soft '-D__weak=__attribute__((weak))' '-D__packed=__attribute__((__packed__))' -DUSE_HAL_DRIVER -DSTM32F103xB -I"C:/Synthesizer/My_HAL/Inc" -I"C:/Synthesizer/My_HAL/Drivers/STM32F1xx_HAL_Driver/Inc" -I"C:/Synthesizer/My_HAL/Drivers/STM32F1xx_HAL_Driver/Inc/Legacy" -I"C:/Synthesizer/My_HAL/Drivers/CMSIS/Device/ST/STM32F1xx/Include" -I"C:/Synthesizer/My_HAL/Drivers/CMSIS/Include" -I../MT_WH1602  -O0 -g3 -Wall -fmessage-length=0 -ffunction-sections -c -fmessage-length=0 -MMD -MP -MF"Src/main.d" -MT"Src/main.o" -o "Src/main.o" "../Src/main.c"
Finished building: ../Src/main.c
 
Building file: ../Src/sequencer.c
Invoking: MCU GCC Compiler
C:\Synthesizer\My_HAL\Debug
arm-none-eabi-gcc -mcpu=cortex-m3 -mthumb -mfloat-abi=soft '-D__weak=__attribute__((weak))' '-D__packed=__attribute__((__packed__))' -DUSE_HAL_DRIVER -DSTM32F103xB -I"C:/Synthesizer/My_HAL/Inc" -I"C:/Synthesizer/My_HAL/Drivers/STM32F1xx_HAL_Driver/Inc" -I"C:/Synthesizer/My_HAL/Drivers/STM32F1xx_HAL_Driver/Inc/Legacy" -I"C:/Synthesizer/My_HAL/Drivers/CMSIS/Device/ST/STM32F1xx/Include" -I"C:/Synthesizer/My_HAL/Drivers/CMSIS/Include" -I../MT_WH1602  -O0 -g3 -Wall -fmessage-length=0 -ffunction-sections -c -fmessage-length=0 -MMD -MP -MF"Src/sequencer.d" -MT"Src/sequencer.o" -o "Src/sequencer.o" "../Src/sequencer.c"
Finished building: ../Src/sequencer.c
 
Building target: My_HAL.elf
Invoking: MCU GCC Linker
arm-none-eabi-gcc -mcpu=cortex-m3 -mthumb -mfloat-abi=soft -specs=nosys.specs -specs=nano.specs -T"../STM32F103C8Tx_FLASH.ld" -Wl,-Map=output.map -Wl,--gc-sections -o "My_HAL.elf" @"objects.list"   -lm
Src/sequencer.o:(.data+0x0): multiple definition of `first_pause'
Src/main.o:(.data+0x0): first defined here
collect2.exe: error: ld returned 1 exit status
makefile:35: recipe for target 'My_HAL.elf' failed
make: *** [My_HAL.elf] Error 1
14:49:39 **** Incremental Build of configuration Debug for project My_HAL ****
make all 
Building file: ../Src/main.c
Invoking: MCU GCC Compiler
C:\Synthesizer\My_HAL\Debug
arm-none-eabi-gcc -mcpu=cortex-m3 -mthumb -mfloat-abi=soft '-D__weak=__attribute__((weak))' '-D__packed=__attribute__((__packed__))' -DUSE_HAL_DRIVER -DSTM32F103xB -I"C:/Synthesizer/My_HAL/Inc" -I"C:/Synthesizer/My_HAL/Drivers/STM32F1xx_HAL_Driver/Inc" -I"C:/Synthesizer/My_HAL/Drivers/STM32F1xx_HAL_Driver/Inc/Legacy" -I"C:/Synthesizer/My_HAL/Drivers/CMSIS/Device/ST/STM32F1xx/Include" -I"C:/Synthesizer/My_HAL/Drivers/CMSIS/Include" -I../MT_WH1602  -O0 -g3 -Wall -fmessage-length=0 -ffunction-sections -c -fmessage-length=0 -MMD -MP -MF"Src/main.d" -MT"Src/main.o" -o "Src/main.o" "../Src/main.c"
Finished building: ../Src/main.c
 
Building file: ../Src/sequencer.c
Invoking: MCU GCC Compiler
C:\Synthesizer\My_HAL\Debug
arm-none-eabi-gcc -mcpu=cortex-m3 -mthumb -mfloat-abi=soft '-D__weak=__attribute__((weak))' '-D__packed=__attribute__((__packed__))' -DUSE_HAL_DRIVER -DSTM32F103xB -I"C:/Synthesizer/My_HAL/Inc" -I"C:/Synthesizer/My_HAL/Drivers/STM32F1xx_HAL_Driver/Inc" -I"C:/Synthesizer/My_HAL/Drivers/STM32F1xx_HAL_Driver/Inc/Legacy" -I"C:/Synthesizer/My_HAL/Drivers/CMSIS/Device/ST/STM32F1xx/Include" -I"C:/Synthesizer/My_HAL/Drivers/CMSIS/Include" -I../MT_WH1602  -O0 -g3 -Wall -fmessage-length=0 -ffunction-sections -c -fmessage-length=0 -MMD -MP -MF"Src/sequencer.d" -MT"Src/sequencer.o" -o "Src/sequencer.o" "../Src/sequencer.c"
Finished building: ../Src/sequencer.c
 
Building target: My_HAL.elf
Invoking: MCU GCC Linker
arm-none-eabi-gcc -mcpu=cortex-m3 -mthumb -mfloat-abi=soft -specs=nosys.specs -specs=nano.specs -T"../STM32F103C8Tx_FLASH.ld" -Wl,-Map=output.map -Wl,--gc-sections -o "My_HAL.elf" @"objects.list"   -lm
Finished building target: My_HAL.elf
 
C:/Ac6/SystemWorkbench/plugins/fr.ac6.mcu.externaltools.arm-none.win32_1.15.0.201708311556/tools/make/make --no-print-directory post-build
Generating hex and Printing size information:
arm-none-eabi-objcopy -O ihex "My_HAL.elf" "My_HAL.hex"
arm-none-eabi-size "My_HAL.elf"
   text	   data	    bss	    dec	    hex	filename
  24228	     20	   4360	  28608	   6fc0	My_HAL.elf
 
14:50:08 **** Incremental Build of configuration Debug for project My_HAL ****
make all 
Building file: ../Src/sequencer.c
Invoking: MCU GCC Compiler
C:\Synthesizer\My_HAL\Debug
arm-none-eabi-gcc -mcpu=cortex-m3 -mthumb -mfloat-abi=soft '-D__weak=__attribute__((weak))' '-D__packed=__attribute__((__packed__))' -DUSE_HAL_DRIVER -DSTM32F103xB -I"C:/Synthesizer/My_HAL/Inc" -I"C:/Synthesizer/My_HAL/Drivers/STM32F1xx_HAL_Driver/Inc" -I"C:/Synthesizer/My_HAL/Drivers/STM32F1xx_HAL_Driver/Inc/Legacy" -I"C:/Synthesizer/My_HAL/Drivers/CMSIS/Device/ST/STM32F1xx/Include" -I"C:/Synthesizer/My_HAL/Drivers/CMSIS/Include" -I../MT_WH1602  -O0 -g3 -Wall -fmessage-length=0 -ffunction-sections -c -fmessage-length=0 -MMD -MP -MF"Src/sequencer.d" -MT"Src/sequencer.o" -o "Src/sequencer.o" "../Src/sequencer.c"
Finished building: ../Src/sequencer.c
 
Building target: My_HAL.elf
Invoking: MCU GCC Linker
arm-none-eabi-gcc -mcpu=cortex-m3 -mthumb -mfloat-abi=soft -specs=nosys.specs -specs=nano.specs -T"../STM32F103C8Tx_FLASH.ld" -Wl,-Map=output.map -Wl,--gc-sections -o "My_HAL.elf" @"objects.list"   -lm
Finished building target: My_HAL.elf
 
C:/Ac6/SystemWorkbench/plugins/fr.ac6.mcu.externaltools.arm-none.win32_1.15.0.201708311556/tools/make/make --no-print-directory post-build
Generating hex and Printing size information:
arm-none-eabi-objcopy -O ihex "My_HAL.elf" "My_HAL.hex"
arm-none-eabi-size "My_HAL.elf"
   text	   data	    bss	    dec	    hex	filename
  24280	     20	   4360	  28660	   6ff4	My_HAL.elf
 
14:50:52 **** Incremental Build of configuration Debug for project My_HAL ****
make all 
make: Nothing to be done for 'all'.
15:00:33 **** Incremental Build of configuration Debug for project My_HAL ****
make all 
Building file: ../Src/main.c
Invoking: MCU GCC Compiler
C:\Synthesizer\My_HAL\Debug
arm-none-eabi-gcc -mcpu=cortex-m3 -mthumb -mfloat-abi=soft '-D__weak=__attribute__((weak))' '-D__packed=__attribute__((__packed__))' -DUSE_HAL_DRIVER -DSTM32F103xB -I"C:/Synthesizer/My_HAL/Inc" -I"C:/Synthesizer/My_HAL/Drivers/STM32F1xx_HAL_Driver/Inc" -I"C:/Synthesizer/My_HAL/Drivers/STM32F1xx_HAL_Driver/Inc/Legacy" -I"C:/Synthesizer/My_HAL/Drivers/CMSIS/Device/ST/STM32F1xx/Include" -I"C:/Synthesizer/My_HAL/Drivers/CMSIS/Include" -I../MT_WH1602  -O0 -g3 -Wall -fmessage-length=0 -ffunction-sections -c -fmessage-length=0 -MMD -MP -MF"Src/main.d" -MT"Src/main.o" -o "Src/main.o" "../Src/main.c"
../Src/main.c: In function 'main':
../Src/main.c:118:6: warning: unused variable 'yy' [-Wunused-variable]
  u16 yy = 0;                      // test
      ^~
Finished building: ../Src/main.c
 
Building file: ../Src/sequencer.c
Invoking: MCU GCC Compiler
C:\Synthesizer\My_HAL\Debug
arm-none-eabi-gcc -mcpu=cortex-m3 -mthumb -mfloat-abi=soft '-D__weak=__attribute__((weak))' '-D__packed=__attribute__((__packed__))' -DUSE_HAL_DRIVER -DSTM32F103xB -I"C:/Synthesizer/My_HAL/Inc" -I"C:/Synthesizer/My_HAL/Drivers/STM32F1xx_HAL_Driver/Inc" -I"C:/Synthesizer/My_HAL/Drivers/STM32F1xx_HAL_Driver/Inc/Legacy" -I"C:/Synthesizer/My_HAL/Drivers/CMSIS/Device/ST/STM32F1xx/Include" -I"C:/Synthesizer/My_HAL/Drivers/CMSIS/Include" -I../MT_WH1602  -O0 -g3 -Wall -fmessage-length=0 -ffunction-sections -c -fmessage-length=0 -MMD -MP -MF"Src/sequencer.d" -MT"Src/sequencer.o" -o "Src/sequencer.o" "../Src/sequencer.c"
Finished building: ../Src/sequencer.c
 
Building target: My_HAL.elf
Invoking: MCU GCC Linker
arm-none-eabi-gcc -mcpu=cortex-m3 -mthumb -mfloat-abi=soft -specs=nosys.specs -specs=nano.specs -T"../STM32F103C8Tx_FLASH.ld" -Wl,-Map=output.map -Wl,--gc-sections -o "My_HAL.elf" @"objects.list"   -lm
Finished building target: My_HAL.elf
 
C:/Ac6/SystemWorkbench/plugins/fr.ac6.mcu.externaltools.arm-none.win32_1.15.0.201708311556/tools/make/make --no-print-directory post-build
Generating hex and Printing size information:
arm-none-eabi-objcopy -O ihex "My_HAL.elf" "My_HAL.hex"
arm-none-eabi-size "My_HAL.elf"
   text	   data	    bss	    dec	    hex	filename
  20896	     20	   4360	  25276	   62bc	My_HAL.elf
 
15:01:00 **** Incremental Build of configuration Debug for project My_HAL ****
make all 
Building file: ../Src/sequencer.c
Invoking: MCU GCC Compiler
C:\Synthesizer\My_HAL\Debug
arm-none-eabi-gcc -mcpu=cortex-m3 -mthumb -mfloat-abi=soft '-D__weak=__attribute__((weak))' '-D__packed=__attribute__((__packed__))' -DUSE_HAL_DRIVER -DSTM32F103xB -I"C:/Synthesizer/My_HAL/Inc" -I"C:/Synthesizer/My_HAL/Drivers/STM32F1xx_HAL_Driver/Inc" -I"C:/Synthesizer/My_HAL/Drivers/STM32F1xx_HAL_Driver/Inc/Legacy" -I"C:/Synthesizer/My_HAL/Drivers/CMSIS/Device/ST/STM32F1xx/Include" -I"C:/Synthesizer/My_HAL/Drivers/CMSIS/Include" -I../MT_WH1602  -O0 -g3 -Wall -fmessage-length=0 -ffunction-sections -c -fmessage-length=0 -MMD -MP -MF"Src/sequencer.d" -MT"Src/sequencer.o" -o "Src/sequencer.o" "../Src/sequencer.c"
Finished building: ../Src/sequencer.c
 
Building target: My_HAL.elf
Invoking: MCU GCC Linker
arm-none-eabi-gcc -mcpu=cortex-m3 -mthumb -mfloat-abi=soft -specs=nosys.specs -specs=nano.specs -T"../STM32F103C8Tx_FLASH.ld" -Wl,-Map=output.map -Wl,--gc-sections -o "My_HAL.elf" @"objects.list"   -lm
Finished building target: My_HAL.elf
 
C:/Ac6/SystemWorkbench/plugins/fr.ac6.mcu.externaltools.arm-none.win32_1.15.0.201708311556/tools/make/make --no-print-directory post-build
Generating hex and Printing size information:
arm-none-eabi-objcopy -O ihex "My_HAL.elf" "My_HAL.hex"
arm-none-eabi-size "My_HAL.elf"
   text	   data	    bss	    dec	    hex	filename
  20392	     20	   4360	  24772	   60c4	My_HAL.elf
 
15:02:27 **** Incremental Build of configuration Debug for project My_HAL ****
make all 
Building file: ../Src/sequencer.c
Invoking: MCU GCC Compiler
C:\Synthesizer\My_HAL\Debug
arm-none-eabi-gcc -mcpu=cortex-m3 -mthumb -mfloat-abi=soft '-D__weak=__attribute__((weak))' '-D__packed=__attribute__((__packed__))' -DUSE_HAL_DRIVER -DSTM32F103xB -I"C:/Synthesizer/My_HAL/Inc" -I"C:/Synthesizer/My_HAL/Drivers/STM32F1xx_HAL_Driver/Inc" -I"C:/Synthesizer/My_HAL/Drivers/STM32F1xx_HAL_Driver/Inc/Legacy" -I"C:/Synthesizer/My_HAL/Drivers/CMSIS/Device/ST/STM32F1xx/Include" -I"C:/Synthesizer/My_HAL/Drivers/CMSIS/Include" -I../MT_WH1602  -O0 -g3 -Wall -fmessage-length=0 -ffunction-sections -c -fmessage-length=0 -MMD -MP -MF"Src/sequencer.d" -MT"Src/sequencer.o" -o "Src/sequencer.o" "../Src/sequencer.c"
Finished building: ../Src/sequencer.c
 
Building target: My_HAL.elf
Invoking: MCU GCC Linker
arm-none-eabi-gcc -mcpu=cortex-m3 -mthumb -mfloat-abi=soft -specs=nosys.specs -specs=nano.specs -T"../STM32F103C8Tx_FLASH.ld" -Wl,-Map=output.map -Wl,--gc-sections -o "My_HAL.elf" @"objects.list"   -lm
Finished building target: My_HAL.elf
 
C:/Ac6/SystemWorkbench/plugins/fr.ac6.mcu.externaltools.arm-none.win32_1.15.0.201708311556/tools/make/make --no-print-directory post-build
Generating hex and Printing size information:
arm-none-eabi-objcopy -O ihex "My_HAL.elf" "My_HAL.hex"
arm-none-eabi-size "My_HAL.elf"
   text	   data	    bss	    dec	    hex	filename
  20396	     20	   4360	  24776	   60c8	My_HAL.elf
 
15:02:47 **** Incremental Build of configuration Debug for project My_HAL ****
make all 
make: Nothing to be done for 'all'.
15:02:53 **** Incremental Build of configuration Debug for project My_HAL ****
make all 
make: Nothing to be done for 'all'.
15:03:29 **** Incremental Build of configuration Debug for project My_HAL ****
make all 
Building file: ../Src/main.c
Invoking: MCU GCC Compiler
C:\Synthesizer\My_HAL\Debug
arm-none-eabi-gcc -mcpu=cortex-m3 -mthumb -mfloat-abi=soft '-D__weak=__attribute__((weak))' '-D__packed=__attribute__((__packed__))' -DUSE_HAL_DRIVER -DSTM32F103xB -I"C:/Synthesizer/My_HAL/Inc" -I"C:/Synthesizer/My_HAL/Drivers/STM32F1xx_HAL_Driver/Inc" -I"C:/Synthesizer/My_HAL/Drivers/STM32F1xx_HAL_Driver/Inc/Legacy" -I"C:/Synthesizer/My_HAL/Drivers/CMSIS/Device/ST/STM32F1xx/Include" -I"C:/Synthesizer/My_HAL/Drivers/CMSIS/Include" -I../MT_WH1602  -O0 -g3 -Wall -fmessage-length=0 -ffunction-sections -c -fmessage-length=0 -MMD -MP -MF"Src/main.d" -MT"Src/main.o" -o "Src/main.o" "../Src/main.c"
../Src/main.c: In function 'main':
../Src/main.c:118:6: warning: unused variable 'yy' [-Wunused-variable]
  u16 yy = 0;                      // test
      ^~
Finished building: ../Src/main.c
 
Building file: ../Src/sequencer.c
Invoking: MCU GCC Compiler
C:\Synthesizer\My_HAL\Debug
arm-none-eabi-gcc -mcpu=cortex-m3 -mthumb -mfloat-abi=soft '-D__weak=__attribute__((weak))' '-D__packed=__attribute__((__packed__))' -DUSE_HAL_DRIVER -DSTM32F103xB -I"C:/Synthesizer/My_HAL/Inc" -I"C:/Synthesizer/My_HAL/Drivers/STM32F1xx_HAL_Driver/Inc" -I"C:/Synthesizer/My_HAL/Drivers/STM32F1xx_HAL_Driver/Inc/Legacy" -I"C:/Synthesizer/My_HAL/Drivers/CMSIS/Device/ST/STM32F1xx/Include" -I"C:/Synthesizer/My_HAL/Drivers/CMSIS/Include" -I../MT_WH1602  -O0 -g3 -Wall -fmessage-length=0 -ffunction-sections -c -fmessage-length=0 -MMD -MP -MF"Src/sequencer.d" -MT"Src/sequencer.o" -o "Src/sequencer.o" "../Src/sequencer.c"
Finished building: ../Src/sequencer.c
 
Building target: My_HAL.elf
Invoking: MCU GCC Linker
arm-none-eabi-gcc -mcpu=cortex-m3 -mthumb -mfloat-abi=soft -specs=nosys.specs -specs=nano.specs -T"../STM32F103C8Tx_FLASH.ld" -Wl,-Map=output.map -Wl,--gc-sections -o "My_HAL.elf" @"objects.list"   -lm
Finished building target: My_HAL.elf
 
C:/Ac6/SystemWorkbench/plugins/fr.ac6.mcu.externaltools.arm-none.win32_1.15.0.201708311556/tools/make/make --no-print-directory post-build
Generating hex and Printing size information:
arm-none-eabi-objcopy -O ihex "My_HAL.elf" "My_HAL.hex"
arm-none-eabi-size "My_HAL.elf"
   text	   data	    bss	    dec	    hex	filename
  20392	     20	   4360	  24772	   60c4	My_HAL.elf
 
15:04:53 **** Incremental Build of configuration Debug for project My_HAL ****
make all 
make: Nothing to be done for 'all'.
15:05:19 **** Incremental Build of configuration Debug for project My_HAL ****
make all 
make: Nothing to be done for 'all'.
15:08:47 **** Incremental Build of configuration Debug for project My_HAL ****
make all 
make: Nothing to be done for 'all'.
15:09:43 **** Incremental Build of configuration Debug for project My_HAL ****
make all 
make: Nothing to be done for 'all'.
15:11:29 **** Incremental Build of configuration Debug for project My_HAL ****
make all 
Building file: ../Src/sequencer.c
Invoking: MCU GCC Compiler
C:\Synthesizer\My_HAL\Debug
arm-none-eabi-gcc -mcpu=cortex-m3 -mthumb -mfloat-abi=soft '-D__weak=__attribute__((weak))' '-D__packed=__attribute__((__packed__))' -DUSE_HAL_DRIVER -DSTM32F103xB -I"C:/Synthesizer/My_HAL/Inc" -I"C:/Synthesizer/My_HAL/Drivers/STM32F1xx_HAL_Driver/Inc" -I"C:/Synthesizer/My_HAL/Drivers/STM32F1xx_HAL_Driver/Inc/Legacy" -I"C:/Synthesizer/My_HAL/Drivers/CMSIS/Device/ST/STM32F1xx/Include" -I"C:/Synthesizer/My_HAL/Drivers/CMSIS/Include" -I../MT_WH1602  -O0 -g3 -Wall -fmessage-length=0 -ffunction-sections -c -fmessage-length=0 -MMD -MP -MF"Src/sequencer.d" -MT"Src/sequencer.o" -o "Src/sequencer.o" "../Src/sequencer.c"
Finished building: ../Src/sequencer.c
 
Building target: My_HAL.elf
Invoking: MCU GCC Linker
arm-none-eabi-gcc -mcpu=cortex-m3 -mthumb -mfloat-abi=soft -specs=nosys.specs -specs=nano.specs -T"../STM32F103C8Tx_FLASH.ld" -Wl,-Map=output.map -Wl,--gc-sections -o "My_HAL.elf" @"objects.list"   -lm
Finished building target: My_HAL.elf
 
C:/Ac6/SystemWorkbench/plugins/fr.ac6.mcu.externaltools.arm-none.win32_1.15.0.201708311556/tools/make/make --no-print-directory post-build
Generating hex and Printing size information:
arm-none-eabi-objcopy -O ihex "My_HAL.elf" "My_HAL.hex"
arm-none-eabi-size "My_HAL.elf"
   text	   data	    bss	    dec	    hex	filename
  20396	     20	   4360	  24776	   60c8	My_HAL.elf
 
15:13:24 **** Incremental Build of configuration Debug for project My_HAL ****
make all 
Building file: ../Src/MCP_button.c
Invoking: MCU GCC Compiler
C:\Synthesizer\My_HAL\Debug
arm-none-eabi-gcc -mcpu=cortex-m3 -mthumb -mfloat-abi=soft '-D__weak=__attribute__((weak))' '-D__packed=__attribute__((__packed__))' -DUSE_HAL_DRIVER -DSTM32F103xB -I"C:/Synthesizer/My_HAL/Inc" -I"C:/Synthesizer/My_HAL/Drivers/STM32F1xx_HAL_Driver/Inc" -I"C:/Synthesizer/My_HAL/Drivers/STM32F1xx_HAL_Driver/Inc/Legacy" -I"C:/Synthesizer/My_HAL/Drivers/CMSIS/Device/ST/STM32F1xx/Include" -I"C:/Synthesizer/My_HAL/Drivers/CMSIS/Include" -I../MT_WH1602  -O0 -g3 -Wall -fmessage-length=0 -ffunction-sections -c -fmessage-length=0 -MMD -MP -MF"Src/MCP_button.d" -MT"Src/MCP_button.o" -o "Src/MCP_button.o" "../Src/MCP_button.c"
../Src/MCP_button.c:27:7: error: conflicting types for 'BTN_Read_All'
 void *BTN_Read_All(u8 mcp_addr, u8** btnstates) {
       ^~~~~~~~~~~~
In file included from ../Src/MCP_button.c:7:0:
C:/Synthesizer/My_HAL/Inc/MCP_button.h:48:7: note: previous declaration of 'BTN_Read_All' was here
 void *BTN_Read_All(u8 mcp_addr, u8* btnstates);
       ^~~~~~~~~~~~
../Src/MCP_button.c: In function 'BTN_Read_All':
../Src/MCP_button.c:59:1: warning: control reaches end of non-void function [-Wreturn-type]
 }
 ^
Src/subdir.mk:75: recipe for target 'Src/MCP_button.o' failed
make: *** [Src/MCP_button.o] Error 1
15:13:36 **** Incremental Build of configuration Debug for project My_HAL ****
make all 
Building file: ../Src/MCP_button.c
Invoking: MCU GCC Compiler
C:\Synthesizer\My_HAL\Debug
arm-none-eabi-gcc -mcpu=cortex-m3 -mthumb -mfloat-abi=soft '-D__weak=__attribute__((weak))' '-D__packed=__attribute__((__packed__))' -DUSE_HAL_DRIVER -DSTM32F103xB -I"C:/Synthesizer/My_HAL/Inc" -I"C:/Synthesizer/My_HAL/Drivers/STM32F1xx_HAL_Driver/Inc" -I"C:/Synthesizer/My_HAL/Drivers/STM32F1xx_HAL_Driver/Inc/Legacy" -I"C:/Synthesizer/My_HAL/Drivers/CMSIS/Device/ST/STM32F1xx/Include" -I"C:/Synthesizer/My_HAL/Drivers/CMSIS/Include" -I../MT_WH1602  -O0 -g3 -Wall -fmessage-length=0 -ffunction-sections -c -fmessage-length=0 -MMD -MP -MF"Src/MCP_button.d" -MT"Src/MCP_button.o" -o "Src/MCP_button.o" "../Src/MCP_button.c"
../Src/MCP_button.c: In function 'BTN_Read_All':
../Src/MCP_button.c:59:1: warning: control reaches end of non-void function [-Wreturn-type]
 }
 ^
Finished building: ../Src/MCP_button.c
 
Building file: ../Src/main.c
Invoking: MCU GCC Compiler
C:\Synthesizer\My_HAL\Debug
[...]
  }elif (replay_state == ON) {
   ^~~~
../Src/sequencer.c:27:29: error: expected ';' before '{' token
  }elif (replay_state == ON) {
                             ^
Src/subdir.mk:75: recipe for target 'Src/sequencer.o' failed
make: *** [Src/sequencer.o] Error 1
16:15:59 **** Incremental Build of configuration Debug for project My_HAL ****
make all 
Building file: ../Src/main.c
Invoking: MCU GCC Compiler
C:\Synthesizer\My_HAL\Debug
arm-none-eabi-gcc -mcpu=cortex-m3 -mthumb -mfloat-abi=soft '-D__weak=__attribute__((weak))' '-D__packed=__attribute__((__packed__))' -DUSE_HAL_DRIVER -DSTM32F103xB -I"C:/Synthesizer/My_HAL/Inc" -I"C:/Synthesizer/My_HAL/Drivers/STM32F1xx_HAL_Driver/Inc" -I"C:/Synthesizer/My_HAL/Drivers/STM32F1xx_HAL_Driver/Inc/Legacy" -I"C:/Synthesizer/My_HAL/Drivers/CMSIS/Device/ST/STM32F1xx/Include" -I"C:/Synthesizer/My_HAL/Drivers/CMSIS/Include" -I../MT_WH1602  -O0 -g3 -Wall -fmessage-length=0 -ffunction-sections -c -fmessage-length=0 -MMD -MP -MF"Src/main.d" -MT"Src/main.o" -o "Src/main.o" "../Src/main.c"
../Src/main.c: In function 'main':
../Src/main.c:118:6: warning: unused variable 'yy' [-Wunused-variable]
  u16 yy = 0;                      // test
      ^~
Finished building: ../Src/main.c
 
Building file: ../Src/sequencer.c
Invoking: MCU GCC Compiler
C:\Synthesizer\My_HAL\Debug
arm-none-eabi-gcc -mcpu=cortex-m3 -mthumb -mfloat-abi=soft '-D__weak=__attribute__((weak))' '-D__packed=__attribute__((__packed__))' -DUSE_HAL_DRIVER -DSTM32F103xB -I"C:/Synthesizer/My_HAL/Inc" -I"C:/Synthesizer/My_HAL/Drivers/STM32F1xx_HAL_Driver/Inc" -I"C:/Synthesizer/My_HAL/Drivers/STM32F1xx_HAL_Driver/Inc/Legacy" -I"C:/Synthesizer/My_HAL/Drivers/CMSIS/Device/ST/STM32F1xx/Include" -I"C:/Synthesizer/My_HAL/Drivers/CMSIS/Include" -I../MT_WH1602  -O0 -g3 -Wall -fmessage-length=0 -ffunction-sections -c -fmessage-length=0 -MMD -MP -MF"Src/sequencer.d" -MT"Src/sequencer.o" -o "Src/sequencer.o" "../Src/sequencer.c"
../Src/sequencer.c: In function 'sequencer_func':
../Src/sequencer.c:30:2: warning: implicit declaration of function 'elif' [-Wimplicit-function-declaration]
  elif(replay_state == ON)
  ^~~~
../Src/sequencer.c:31:2: error: expected ';' before '{' token
  {
  ^
Src/subdir.mk:75: recipe for target 'Src/sequencer.o' failed
make: *** [Src/sequencer.o] Error 1
16:16:15 **** Incremental Build of configuration Debug for project My_HAL ****
make all 
Building file: ../Src/sequencer.c
Invoking: MCU GCC Compiler
C:\Synthesizer\My_HAL\Debug
arm-none-eabi-gcc -mcpu=cortex-m3 -mthumb -mfloat-abi=soft '-D__weak=__attribute__((weak))' '-D__packed=__attribute__((__packed__))' -DUSE_HAL_DRIVER -DSTM32F103xB -I"C:/Synthesizer/My_HAL/Inc" -I"C:/Synthesizer/My_HAL/Drivers/STM32F1xx_HAL_Driver/Inc" -I"C:/Synthesizer/My_HAL/Drivers/STM32F1xx_HAL_Driver/Inc/Legacy" -I"C:/Synthesizer/My_HAL/Drivers/CMSIS/Device/ST/STM32F1xx/Include" -I"C:/Synthesizer/My_HAL/Drivers/CMSIS/Include" -I../MT_WH1602  -O0 -g3 -Wall -fmessage-length=0 -ffunction-sections -c -fmessage-length=0 -MMD -MP -MF"Src/sequencer.d" -MT"Src/sequencer.o" -o "Src/sequencer.o" "../Src/sequencer.c"
../Src/sequencer.c: In function 'sequencer_func':
../Src/sequencer.c:30:2: warning: implicit declaration of function 'elif' [-Wimplicit-function-declaration]
  elif(replay_state == ON)
  ^~~~
../Src/sequencer.c:31:2: error: expected ';' before '{' token
  {
  ^
make: *** [Src/sequencer.o] Error 1
Src/subdir.mk:75: recipe for target 'Src/sequencer.o' failed
16:16:56 **** Incremental Build of configuration Debug for project My_HAL ****
make all 
Building file: ../Src/sequencer.c
Invoking: MCU GCC Compiler
C:\Synthesizer\My_HAL\Debug
arm-none-eabi-gcc -mcpu=cortex-m3 -mthumb -mfloat-abi=soft '-D__weak=__attribute__((weak))' '-D__packed=__attribute__((__packed__))' -DUSE_HAL_DRIVER -DSTM32F103xB -I"C:/Synthesizer/My_HAL/Inc" -I"C:/Synthesizer/My_HAL/Drivers/STM32F1xx_HAL_Driver/Inc" -I"C:/Synthesizer/My_HAL/Drivers/STM32F1xx_HAL_Driver/Inc/Legacy" -I"C:/Synthesizer/My_HAL/Drivers/CMSIS/Device/ST/STM32F1xx/Include" -I"C:/Synthesizer/My_HAL/Drivers/CMSIS/Include" -I../MT_WH1602  -O0 -g3 -Wall -fmessage-length=0 -ffunction-sections -c -fmessage-length=0 -MMD -MP -MF"Src/sequencer.d" -MT"Src/sequencer.o" -o "Src/sequencer.o" "../Src/sequencer.c"
../Src/sequencer.c: In function 'sequencer_func':
../Src/sequencer.c:35:8: error: expected expression before ')' token
    if () {
        ^
make: *** [Src/sequencer.o] Error 1
Src/subdir.mk:75: recipe for target 'Src/sequencer.o' failed
16:18:30 **** Incremental Build of configuration Debug for project My_HAL ****
make all 
Building file: ../Src/main.c
Invoking: MCU GCC Compiler
C:\Synthesizer\My_HAL\Debug
arm-none-eabi-gcc -mcpu=cortex-m3 -mthumb -mfloat-abi=soft '-D__weak=__attribute__((weak))' '-D__packed=__attribute__((__packed__))' -DUSE_HAL_DRIVER -DSTM32F103xB -I"C:/Synthesizer/My_HAL/Inc" -I"C:/Synthesizer/My_HAL/Drivers/STM32F1xx_HAL_Driver/Inc" -I"C:/Synthesizer/My_HAL/Drivers/STM32F1xx_HAL_Driver/Inc/Legacy" -I"C:/Synthesizer/My_HAL/Drivers/CMSIS/Device/ST/STM32F1xx/Include" -I"C:/Synthesizer/My_HAL/Drivers/CMSIS/Include" -I../MT_WH1602  -O0 -g3 -Wall -fmessage-length=0 -ffunction-sections -c -fmessage-length=0 -MMD -MP -MF"Src/main.d" -MT"Src/main.o" -o "Src/main.o" "../Src/main.c"
../Src/main.c: In function 'main':
../Src/main.c:118:6: warning: unused variable 'yy' [-Wunused-variable]
  u16 yy = 0;                      // test
      ^~
Finished building: ../Src/main.c
 
Building file: ../Src/sequencer.c
Invoking: MCU GCC Compiler
C:\Synthesizer\My_HAL\Debug
arm-none-eabi-gcc -mcpu=cortex-m3 -mthumb -mfloat-abi=soft '-D__weak=__attribute__((weak))' '-D__packed=__attribute__((__packed__))' -DUSE_HAL_DRIVER -DSTM32F103xB -I"C:/Synthesizer/My_HAL/Inc" -I"C:/Synthesizer/My_HAL/Drivers/STM32F1xx_HAL_Driver/Inc" -I"C:/Synthesizer/My_HAL/Drivers/STM32F1xx_HAL_Driver/Inc/Legacy" -I"C:/Synthesizer/My_HAL/Drivers/CMSIS/Device/ST/STM32F1xx/Include" -I"C:/Synthesizer/My_HAL/Drivers/CMSIS/Include" -I../MT_WH1602  -O0 -g3 -Wall -fmessage-length=0 -ffunction-sections -c -fmessage-length=0 -MMD -MP -MF"Src/sequencer.d" -MT"Src/sequencer.o" -o "Src/sequencer.o" "../Src/sequencer.c"
../Src/sequencer.c: In function 'sequencer_func':
../Src/sequencer.c:35:34: error: expected expression before ')' token
    if (btns[i].selected_start == ) {
                                  ^
Src/subdir.mk:75: recipe for target 'Src/sequencer.o' failed
make: *** [Src/sequencer.o] Error 1
16:18:42 **** Incremental Build of configuration Debug for project My_HAL ****
make all 
Building file: ../Src/sequencer.c
Invoking: MCU GCC Compiler
C:\Synthesizer\My_HAL\Debug
arm-none-eabi-gcc -mcpu=cortex-m3 -mthumb -mfloat-abi=soft '-D__weak=__attribute__((weak))' '-D__packed=__attribute__((__packed__))' -DUSE_HAL_DRIVER -DSTM32F103xB -I"C:/Synthesizer/My_HAL/Inc" -I"C:/Synthesizer/My_HAL/Drivers/STM32F1xx_HAL_Driver/Inc" -I"C:/Synthesizer/My_HAL/Drivers/STM32F1xx_HAL_Driver/Inc/Legacy" -I"C:/Synthesizer/My_HAL/Drivers/CMSIS/Device/ST/STM32F1xx/Include" -I"C:/Synthesizer/My_HAL/Drivers/CMSIS/Include" -I../MT_WH1602  -O0 -g3 -Wall -fmessage-length=0 -ffunction-sections -c -fmessage-length=0 -MMD -MP -MF"Src/sequencer.d" -MT"Src/sequencer.o" -o "Src/sequencer.o" "../Src/sequencer.c"
Finished building: ../Src/sequencer.c
 
Building target: My_HAL.elf
Invoking: MCU GCC Linker
arm-none-eabi-gcc -mcpu=cortex-m3 -mthumb -mfloat-abi=soft -specs=nosys.specs -specs=nano.specs -T"../STM32F103C8Tx_FLASH.ld" -Wl,-Map=output.map -Wl,--gc-sections -o "My_HAL.elf" @"objects.list"   -lm
Finished building target: My_HAL.elf
 
C:/Ac6/SystemWorkbench/plugins/fr.ac6.mcu.externaltools.arm-none.win32_1.15.0.201708311556/tools/make/make --no-print-directory post-build
Generating hex and Printing size information:
arm-none-eabi-objcopy -O ihex "My_HAL.elf" "My_HAL.hex"
arm-none-eabi-size "My_HAL.elf"
   text	   data	    bss	    dec	    hex	filename
  20308	     20	   4040	  24368	   5f30	My_HAL.elf
 
16:20:56 **** Incremental Build of configuration Debug for project My_HAL ****
make all 
Building file: ../Src/main.c
Invoking: MCU GCC Compiler
C:\Synthesizer\My_HAL\Debug
arm-none-eabi-gcc -mcpu=cortex-m3 -mthumb -mfloat-abi=soft '-D__weak=__attribute__((weak))' '-D__packed=__attribute__((__packed__))' -DUSE_HAL_DRIVER -DSTM32F103xB -I"C:/Synthesizer/My_HAL/Inc" -I"C:/Synthesizer/My_HAL/Drivers/STM32F1xx_HAL_Driver/Inc" -I"C:/Synthesizer/My_HAL/Drivers/STM32F1xx_HAL_Driver/Inc/Legacy" -I"C:/Synthesizer/My_HAL/Drivers/CMSIS/Device/ST/STM32F1xx/Include" -I"C:/Synthesizer/My_HAL/Drivers/CMSIS/Include" -I../MT_WH1602  -O0 -g3 -Wall -fmessage-length=0 -ffunction-sections -c -fmessage-length=0 -MMD -MP -MF"Src/main.d" -MT"Src/main.o" -o "Src/main.o" "../Src/main.c"
../Src/main.c: In function 'main':
../Src/main.c:118:6: warning: unused variable 'yy' [-Wunused-variable]
  u16 yy = 0;                      // test
      ^~
Finished building: ../Src/main.c
 
Building file: ../Src/sequencer.c
Invoking: MCU GCC Compiler
C:\Synthesizer\My_HAL\Debug
arm-none-eabi-gcc -mcpu=cortex-m3 -mthumb -mfloat-abi=soft '-D__weak=__attribute__((weak))' '-D__packed=__attribute__((__packed__))' -DUSE_HAL_DRIVER -DSTM32F103xB -I"C:/Synthesizer/My_HAL/Inc" -I"C:/Synthesizer/My_HAL/Drivers/STM32F1xx_HAL_Driver/Inc" -I"C:/Synthesizer/My_HAL/Drivers/STM32F1xx_HAL_Driver/Inc/Legacy" -I"C:/Synthesizer/My_HAL/Drivers/CMSIS/Device/ST/STM32F1xx/Include" -I"C:/Synthesizer/My_HAL/Drivers/CMSIS/Include" -I../MT_WH1602  -O0 -g3 -Wall -fmessage-length=0 -ffunction-sections -c -fmessage-length=0 -MMD -MP -MF"Src/sequencer.d" -MT"Src/sequencer.o" -o "Src/sequencer.o" "../Src/sequencer.c"
Finished building: ../Src/sequencer.c
 
Building target: My_HAL.elf
Invoking: MCU GCC Linker
arm-none-eabi-gcc -mcpu=cortex-m3 -mthumb -mfloat-abi=soft -specs=nosys.specs -specs=nano.specs -T"../STM32F103C8Tx_FLASH.ld" -Wl,-Map=output.map -Wl,--gc-sections -o "My_HAL.elf" @"objects.list"   -lm
Finished building target: My_HAL.elf
 
C:/Ac6/SystemWorkbench/plugins/fr.ac6.mcu.externaltools.arm-none.win32_1.15.0.201708311556/tools/make/make --no-print-directory post-build
Generating hex and Printing size information:
arm-none-eabi-objcopy -O ihex "My_HAL.elf" "My_HAL.hex"
arm-none-eabi-size "My_HAL.elf"
   text	   data	    bss	    dec	    hex	filename
  20320	     20	   4048	  24388	   5f44	My_HAL.elf
 
16:23:01 **** Incremental Build of configuration Debug for project My_HAL ****
make all 
Building file: ../Src/main.c
Invoking: MCU GCC Compiler
C:\Synthesizer\My_HAL\Debug
arm-none-eabi-gcc -mcpu=cortex-m3 -mthumb -mfloat-abi=soft '-D__weak=__attribute__((weak))' '-D__packed=__attribute__((__packed__))' -DUSE_HAL_DRIVER -DSTM32F103xB -I"C:/Synthesizer/My_HAL/Inc" -I"C:/Synthesizer/My_HAL/Drivers/STM32F1xx_HAL_Driver/Inc" -I"C:/Synthesizer/My_HAL/Drivers/STM32F1xx_HAL_Driver/Inc/Legacy" -I"C:/Synthesizer/My_HAL/Drivers/CMSIS/Device/ST/STM32F1xx/Include" -I"C:/Synthesizer/My_HAL/Drivers/CMSIS/Include" -I../MT_WH1602  -O0 -g3 -Wall -fmessage-length=0 -ffunction-sections -c -fmessage-length=0 -MMD -MP -MF"Src/main.d" -MT"Src/main.o" -o "Src/main.o" "../Src/main.c"
../Src/main.c: In function 'main':
../Src/main.c:118:6: warning: unused variable 'yy' [-Wunused-variable]
  u16 yy = 0;                      // test
      ^~
Finished building: ../Src/main.c
 
Building file: ../Src/sequencer.c
Invoking: MCU GCC Compiler
C:\Synthesizer\My_HAL\Debug
arm-none-eabi-gcc -mcpu=cortex-m3 -mthumb -mfloat-abi=soft '-D__weak=__attribute__((weak))' '-D__packed=__attribute__((__packed__))' -DUSE_HAL_DRIVER -DSTM32F103xB -I"C:/Synthesizer/My_HAL/Inc" -I"C:/Synthesizer/My_HAL/Drivers/STM32F1xx_HAL_Driver/Inc" -I"C:/Synthesizer/My_HAL/Drivers/STM32F1xx_HAL_Driver/Inc/Legacy" -I"C:/Synthesizer/My_HAL/Drivers/CMSIS/Device/ST/STM32F1xx/Include" -I"C:/Synthesizer/My_HAL/Drivers/CMSIS/Include" -I../MT_WH1602  -O0 -g3 -Wall -fmessage-length=0 -ffunction-sections -c -fmessage-length=0 -MMD -MP -MF"Src/sequencer.d" -MT"Src/sequencer.o" -o "Src/sequencer.o" "../Src/sequencer.c"
Finished building: ../Src/sequencer.c
 
Building target: My_HAL.elf
Invoking: MCU GCC Linker
arm-none-eabi-gcc -mcpu=cortex-m3 -mthumb -mfloat-abi=soft -specs=nosys.specs -specs=nano.specs -T"../STM32F103C8Tx_FLASH.ld" -Wl,-Map=output.map -Wl,--gc-sections -o "My_HAL.elf" @"objects.list"   -lm
Finished building target: My_HAL.elf
 
C:/Ac6/SystemWorkbench/plugins/fr.ac6.mcu.externaltools.arm-none.win32_1.15.0.201708311556/tools/make/make --no-print-directory post-build
Generating hex and Printing size information:
arm-none-eabi-objcopy -O ihex "My_HAL.elf" "My_HAL.hex"
arm-none-eabi-size "My_HAL.elf"
   text	   data	    bss	    dec	    hex	filename
  20356	     20	   4048	  24424	   5f68	My_HAL.elf
 
16:23:05 **** Incremental Build of configuration Debug for project My_HAL ****
make all 
make: Nothing to be done for 'all'.
16:23:34 **** Incremental Build of configuration Debug for project My_HAL ****
make all 
Building file: ../Src/main.c
Invoking: MCU GCC Compiler
C:\Synthesizer\My_HAL\Debug
arm-none-eabi-gcc -mcpu=cortex-m3 -mthumb -mfloat-abi=soft '-D__weak=__attribute__((weak))' '-D__packed=__attribute__((__packed__))' -DUSE_HAL_DRIVER -DSTM32F103xB -I"C:/Synthesizer/My_HAL/Inc" -I"C:/Synthesizer/My_HAL/Drivers/STM32F1xx_HAL_Driver/Inc" -I"C:/Synthesizer/My_HAL/Drivers/STM32F1xx_HAL_Driver/Inc/Legacy" -I"C:/Synthesizer/My_HAL/Drivers/CMSIS/Device/ST/STM32F1xx/Include" -I"C:/Synthesizer/My_HAL/Drivers/CMSIS/Include" -I../MT_WH1602  -O0 -g3 -Wall -fmessage-length=0 -ffunction-sections -c -fmessage-length=0 -MMD -MP -MF"Src/main.d" -MT"Src/main.o" -o "Src/main.o" "../Src/main.c"
../Src/main.c: In function 'main':
../Src/main.c:118:6: warning: unused variable 'yy' [-Wunused-variable]
  u16 yy = 0;                      // test
      ^~
Finished building: ../Src/main.c
 
Building file: ../Src/sequencer.c
Invoking: MCU GCC Compiler
C:\Synthesizer\My_HAL\Debug
arm-none-eabi-gcc -mcpu=cortex-m3 -mthumb -mfloat-abi=soft '-D__weak=__attribute__((weak))' '-D__packed=__attribute__((__packed__))' -DUSE_HAL_DRIVER -DSTM32F103xB -I"C:/Synthesizer/My_HAL/Inc" -I"C:/Synthesizer/My_HAL/Drivers/STM32F1xx_HAL_Driver/Inc" -I"C:/Synthesizer/My_HAL/Drivers/STM32F1xx_HAL_Driver/Inc/Legacy" -I"C:/Synthesizer/My_HAL/Drivers/CMSIS/Device/ST/STM32F1xx/Include" -I"C:/Synthesizer/My_HAL/Drivers/CMSIS/Include" -I../MT_WH1602  -O0 -g3 -Wall -fmessage-length=0 -ffunction-sections -c -fmessage-length=0 -MMD -MP -MF"Src/sequencer.d" -MT"Src/sequencer.o" -o "Src/sequencer.o" "../Src/sequencer.c"
Finished building: ../Src/sequencer.c
 
Building target: My_HAL.elf
Invoking: MCU GCC Linker
arm-none-eabi-gcc -mcpu=cortex-m3 -mthumb -mfloat-abi=soft -specs=nosys.specs -specs=nano.specs -T"../STM32F103C8Tx_FLASH.ld" -Wl,-Map=output.map -Wl,--gc-sections -o "My_HAL.elf" @"objects.list"   -lm
Finished building target: My_HAL.elf
 
C:/Ac6/SystemWorkbench/plugins/fr.ac6.mcu.externaltools.arm-none.win32_1.15.0.201708311556/tools/make/make --no-print-directory post-build
Generating hex and Printing size information:
arm-none-eabi-objcopy -O ihex "My_HAL.elf" "My_HAL.hex"
arm-none-eabi-size "My_HAL.elf"
   text	   data	    bss	    dec	    hex	filename
  20356	     20	   4048	  24424	   5f68	My_HAL.elf
 
16:25:53 **** Incremental Build of configuration Debug for project My_HAL ****
make all 
Building file: ../Src/main.c
Invoking: MCU GCC Compiler
C:\Synthesizer\My_HAL\Debug
arm-none-eabi-gcc -mcpu=cortex-m3 -mthumb -mfloat-abi=soft '-D__weak=__attribute__((weak))' '-D__packed=__attribute__((__packed__))' -DUSE_HAL_DRIVER -DSTM32F103xB -I"C:/Synthesizer/My_HAL/Inc" -I"C:/Synthesizer/My_HAL/Drivers/STM32F1xx_HAL_Driver/Inc" -I"C:/Synthesizer/My_HAL/Drivers/STM32F1xx_HAL_Driver/Inc/Legacy" -I"C:/Synthesizer/My_HAL/Drivers/CMSIS/Device/ST/STM32F1xx/Include" -I"C:/Synthesizer/My_HAL/Drivers/CMSIS/Include" -I../MT_WH1602  -O0 -g3 -Wall -fmessage-length=0 -ffunction-sections -c -fmessage-length=0 -MMD -MP -MF"Src/main.d" -MT"Src/main.o" -o "Src/main.o" "../Src/main.c"
../Src/main.c: In function 'main':
../Src/main.c:118:6: warning: unused variable 'yy' [-Wunused-variable]
  u16 yy = 0;                      // test
      ^~
Finished building: ../Src/main.c
 
Building file: ../Src/sequencer.c
Invoking: MCU GCC Compiler
C:\Synthesizer\My_HAL\Debug
arm-none-eabi-gcc -mcpu=cortex-m3 -mthumb -mfloat-abi=soft '-D__weak=__attribute__((weak))' '-D__packed=__attribute__((__packed__))' -DUSE_HAL_DRIVER -DSTM32F103xB -I"C:/Synthesizer/My_HAL/Inc" -I"C:/Synthesizer/My_HAL/Drivers/STM32F1xx_HAL_Driver/Inc" -I"C:/Synthesizer/My_HAL/Drivers/STM32F1xx_HAL_Driver/Inc/Legacy" -I"C:/Synthesizer/My_HAL/Drivers/CMSIS/Device/ST/STM32F1xx/Include" -I"C:/Synthesizer/My_HAL/Drivers/CMSIS/Include" -I../MT_WH1602  -O0 -g3 -Wall -fmessage-length=0 -ffunction-sections -c -fmessage-length=0 -MMD -MP -MF"Src/sequencer.d" -MT"Src/sequencer.o" -o "Src/sequencer.o" "../Src/sequencer.c"
Finished building: ../Src/sequencer.c
 
Building target: My_HAL.elf
Invoking: MCU GCC Linker
arm-none-eabi-gcc -mcpu=cortex-m3 -mthumb -mfloat-abi=soft -specs=nosys.specs -specs=nano.specs -T"../STM32F103C8Tx_FLASH.ld" -Wl,-Map=output.map -Wl,--gc-sections -o "My_HAL.elf" @"objects.list"   -lm
Finished building target: My_HAL.elf
 
C:/Ac6/SystemWorkbench/plugins/fr.ac6.mcu.externaltools.arm-none.win32_1.15.0.201708311556/tools/make/make --no-print-directory post-build
Generating hex and Printing size information:
arm-none-eabi-objcopy -O ihex "My_HAL.elf" "My_HAL.hex"
arm-none-eabi-size "My_HAL.elf"
   text	   data	    bss	    dec	    hex	filename
  20356	     20	   4048	  24424	   5f68	My_HAL.elf
 
16:33:26 **** Incremental Build of configuration Debug for project My_HAL ****
make all 
Building file: ../Src/main.c
Invoking: MCU GCC Compiler
C:\Synthesizer\My_HAL\Debug
arm-none-eabi-gcc -mcpu=cortex-m3 -mthumb -mfloat-abi=soft '-D__weak=__attribute__((weak))' '-D__packed=__attribute__((__packed__))' -DUSE_HAL_DRIVER -DSTM32F103xB -I"C:/Synthesizer/My_HAL/Inc" -I"C:/Synthesizer/My_HAL/Drivers/STM32F1xx_HAL_Driver/Inc" -I"C:/Synthesizer/My_HAL/Drivers/STM32F1xx_HAL_Driver/Inc/Legacy" -I"C:/Synthesizer/My_HAL/Drivers/CMSIS/Device/ST/STM32F1xx/Include" -I"C:/Synthesizer/My_HAL/Drivers/CMSIS/Include" -I../MT_WH1602  -O0 -g3 -Wall -fmessage-length=0 -ffunction-sections -c -fmessage-length=0 -MMD -MP -MF"Src/main.d" -MT"Src/main.o" -o "Src/main.o" "../Src/main.c"
../Src/main.c: In function 'main':
../Src/main.c:118:6: warning: unused variable 'yy' [-Wunused-variable]
  u16 yy = 0;                      // test
      ^~
Finished building: ../Src/main.c
 
Building file: ../Src/sequencer.c
Invoking: MCU GCC Compiler
C:\Synthesizer\My_HAL\Debug
arm-none-eabi-gcc -mcpu=cortex-m3 -mthumb -mfloat-abi=soft '-D__weak=__attribute__((weak))' '-D__packed=__attribute__((__packed__))' -DUSE_HAL_DRIVER -DSTM32F103xB -I"C:/Synthesizer/My_HAL/Inc" -I"C:/Synthesizer/My_HAL/Drivers/STM32F1xx_HAL_Driver/Inc" -I"C:/Synthesizer/My_HAL/Drivers/STM32F1xx_HAL_Driver/Inc/Legacy" -I"C:/Synthesizer/My_HAL/Drivers/CMSIS/Device/ST/STM32F1xx/Include" -I"C:/Synthesizer/My_HAL/Drivers/CMSIS/Include" -I../MT_WH1602  -O0 -g3 -Wall -fmessage-length=0 -ffunction-sections -c -fmessage-length=0 -MMD -MP -MF"Src/sequencer.d" -MT"Src/sequencer.o" -o "Src/sequencer.o" "../Src/sequencer.c"
Finished building: ../Src/sequencer.c
 
Building target: My_HAL.elf
Invoking: MCU GCC Linker
arm-none-eabi-gcc -mcpu=cortex-m3 -mthumb -mfloat-abi=soft -specs=nosys.specs -specs=nano.specs -T"../STM32F103C8Tx_FLASH.ld" -Wl,-Map=output.map -Wl,--gc-sections -o "My_HAL.elf" @"objects.list"   -lm
Finished building target: My_HAL.elf
 
C:/Ac6/SystemWorkbench/plugins/fr.ac6.mcu.externaltools.arm-none.win32_1.15.0.201708311556/tools/make/make --no-print-directory post-build
Generating hex and Printing size information:
arm-none-eabi-objcopy -O ihex "My_HAL.elf" "My_HAL.hex"
arm-none-eabi-size "My_HAL.elf"
   text	   data	    bss	    dec	    hex	filename
  20252	     20	   4048	  24320	   5f00	My_HAL.elf
 
